Command line invocation:
    /Applications/Xcode.app/Contents/Developer/usr/bin/xcodebuild test -project FridgeManager.xcodeproj -scheme FridgeManager -destination id=18764EDE-97FF-4EEC-8E7B-2B5383381779

ComputePackagePrebuildTargetDependencyGraph

Prepare packages

CreateBuildRequest

SendProjectDescription

CreateBuildOperation

ComputeTargetDependencyGraph
note: Building targets in dependency order
note: Target dependency graph (3 targets)
    Target 'FridgeManagerUITests' in project 'FridgeManager'
        ➜ Explicit dependency on target 'FridgeManager' in project 'FridgeManager'
    Target 'FridgeManagerTests' in project 'FridgeManager'
        ➜ Explicit dependency on target 'FridgeManager' in project 'FridgeManager'
    Target 'FridgeManager' in project 'FridgeManager' (no dependencies)

GatherProvisioningInputs

CreateBuildDescription

ExecuteExternalTool /Applications/Xcode.app/Contents/Developer/Toolchains/XcodeDefault.xctoolchain/usr/bin/clang -v -E -dM -isysroot /Applications/Xcode.app/Contents/Developer/Platforms/iPhoneSimulator.platform/Developer/SDKs/iPhoneSimulator26.2.sdk -x c -c /dev/null

ExecuteExternalTool /Applications/Xcode.app/Contents/Developer/usr/bin/actool --print-asset-tag-combinations --output-format xml1 /Users/filip/Projects/FridgeManager/FridgeManager/FridgeManager/FridgeManager/Assets.xcassets /Users/filip/Projects/FridgeManager/FridgeManager/FridgeManager/Assets.xcassets

ExecuteExternalTool /Applications/Xcode.app/Contents/Developer/Toolchains/XcodeDefault.xctoolchain/usr/bin/swiftc --version

ExecuteExternalTool /Applications/Xcode.app/Contents/Developer/usr/bin/actool --version --output-format xml1

ExecuteExternalTool /Applications/Xcode.app/Contents/Developer/Toolchains/XcodeDefault.xctoolchain/usr/bin/ld -version_details

Build description signature: 9875796f56f48cffd868a368614003d3
Build description path: /Users/filip/Library/Developer/Xcode/DerivedData/FridgeManager-cqwjywvxdxuliyanckgpjwbekvor/Build/Intermediates.noindex/XCBuildData/9875796f56f48cffd868a368614003d3.xcbuilddata
ClangStatCache /Applications/Xcode.app/Contents/Developer/Toolchains/XcodeDefault.xctoolchain/usr/bin/clang-stat-cache /Applications/Xcode.app/Contents/Developer/Platforms/iPhoneSimulator.platform/Developer/SDKs/iPhoneSimulator26.2.sdk /Users/filip/Library/Developer/Xcode/DerivedData/SDKStatCaches.noindex/iphonesimulator26.2-23C53-7d00a8b37fbd7999ea79df8ebc024bf0.sdkstatcache
    cd /Users/filip/Projects/FridgeManager/FridgeManager/FridgeManager.xcodeproj
    /Applications/Xcode.app/Contents/Developer/Toolchains/XcodeDefault.xctoolchain/usr/bin/clang-stat-cache /Applications/Xcode.app/Contents/Developer/Platforms/iPhoneSimulator.platform/Developer/SDKs/iPhoneSimulator26.2.sdk -o /Users/filip/Library/Developer/Xcode/DerivedData/SDKStatCaches.noindex/iphonesimulator26.2-23C53-7d00a8b37fbd7999ea79df8ebc024bf0.sdkstatcache

MkDir /Users/filip/Library/Developer/Xcode/DerivedData/FridgeManager-cqwjywvxdxuliyanckgpjwbekvor/Build/Products/Debug-iphonesimulator/FridgeManager.app/PlugIns (in target 'FridgeManager' from project 'FridgeManager')
    cd /Users/filip/Projects/FridgeManager/FridgeManager
    /bin/mkdir -p /Users/filip/Library/Developer/Xcode/DerivedData/FridgeManager-cqwjywvxdxuliyanckgpjwbekvor/Build/Products/Debug-iphonesimulator/FridgeManager.app/PlugIns

MkDir /Users/filip/Library/Developer/Xcode/DerivedData/FridgeManager-cqwjywvxdxuliyanckgpjwbekvor/Build/Products/Debug-iphonesimulator/FridgeManager.app/Frameworks (in target 'FridgeManager' from project 'FridgeManager')
    cd /Users/filip/Projects/FridgeManager/FridgeManager
    /bin/mkdir -p /Users/filip/Library/Developer/Xcode/DerivedData/FridgeManager-cqwjywvxdxuliyanckgpjwbekvor/Build/Products/Debug-iphonesimulator/FridgeManager.app/Frameworks

WriteAuxiliaryFile /Users/filip/Library/Developer/Xcode/DerivedData/FridgeManager-cqwjywvxdxuliyanckgpjwbekvor/Build/Intermediates.noindex/FridgeManager.build/Debug-iphonesimulator/FridgeManagerUITests.build/empty-FridgeManagerUITests.plist (in target 'FridgeManagerUITests' from project 'FridgeManager')
    cd /Users/filip/Projects/FridgeManager/FridgeManager
    write-file /Users/filip/Library/Developer/Xcode/DerivedData/FridgeManager-cqwjywvxdxuliyanckgpjwbekvor/Build/Intermediates.noindex/FridgeManager.build/Debug-iphonesimulator/FridgeManagerUITests.build/empty-FridgeManagerUITests.plist

WriteAuxiliaryFile /Users/filip/Library/Developer/Xcode/DerivedData/FridgeManager-cqwjywvxdxuliyanckgpjwbekvor/Build/Intermediates.noindex/FridgeManager.build/Debug-iphonesimulator/FridgeManagerUITests.build/ProductTypeInfoPlistAdditions.plist (in target 'FridgeManagerUITests' from project 'FridgeManager')
    cd /Users/filip/Projects/FridgeManager/FridgeManager
    write-file /Users/filip/Library/Developer/Xcode/DerivedData/FridgeManager-cqwjywvxdxuliyanckgpjwbekvor/Build/Intermediates.noindex/FridgeManager.build/Debug-iphonesimulator/FridgeManagerUITests.build/ProductTypeInfoPlistAdditions.plist

WriteAuxiliaryFile /Users/filip/Library/Developer/Xcode/DerivedData/FridgeManager-cqwjywvxdxuliyanckgpjwbekvor/Build/Intermediates.noindex/FridgeManager.build/Debug-iphonesimulator/FridgeManagerUITests.build/Objects-normal/arm64/FridgeManagerUITests_const_extract_protocols.json (in target 'FridgeManagerUITests' from project 'FridgeManager')
    cd /Users/filip/Projects/FridgeManager/FridgeManager
    write-file /Users/filip/Library/Developer/Xcode/DerivedData/FridgeManager-cqwjywvxdxuliyanckgpjwbekvor/Build/Intermediates.noindex/FridgeManager.build/Debug-iphonesimulator/FridgeManagerUITests.build/Objects-normal/arm64/FridgeManagerUITests_const_extract_protocols.json

WriteAuxiliaryFile /Users/filip/Library/Developer/Xcode/DerivedData/FridgeManager-cqwjywvxdxuliyanckgpjwbekvor/Build/Intermediates.noindex/FridgeManager.build/Debug-iphonesimulator/FridgeManagerUITests.build/Objects-normal/arm64/FridgeManagerUITests.SwiftFileList (in target 'FridgeManagerUITests' from project 'FridgeManager')
    cd /Users/filip/Projects/FridgeManager/FridgeManager
    write-file /Users/filip/Library/Developer/Xcode/DerivedData/FridgeManager-cqwjywvxdxuliyanckgpjwbekvor/Build/Intermediates.noindex/FridgeManager.build/Debug-iphonesimulator/FridgeManagerUITests.build/Objects-normal/arm64/FridgeManagerUITests.SwiftFileList

WriteAuxiliaryFile /Users/filip/Library/Developer/Xcode/DerivedData/FridgeManager-cqwjywvxdxuliyanckgpjwbekvor/Build/Intermediates.noindex/FridgeManager.build/Debug-iphonesimulator/FridgeManagerUITests.build/Objects-normal/arm64/FridgeManagerUITests.SwiftConstValuesFileList (in target 'FridgeManagerUITests' from project 'FridgeManager')
    cd /Users/filip/Projects/FridgeManager/FridgeManager
    write-file /Users/filip/Library/Developer/Xcode/DerivedData/FridgeManager-cqwjywvxdxuliyanckgpjwbekvor/Build/Intermediates.noindex/FridgeManager.build/Debug-iphonesimulator/FridgeManagerUITests.build/Objects-normal/arm64/FridgeManagerUITests.SwiftConstValuesFileList

WriteAuxiliaryFile /Users/filip/Library/Developer/Xcode/DerivedData/FridgeManager-cqwjywvxdxuliyanckgpjwbekvor/Build/Intermediates.noindex/FridgeManager.build/Debug-iphonesimulator/FridgeManagerUITests.build/Objects-normal/arm64/FridgeManagerUITests.LinkFileList (in target 'FridgeManagerUITests' from project 'FridgeManager')
    cd /Users/filip/Projects/FridgeManager/FridgeManager
    write-file /Users/filip/Library/Developer/Xcode/DerivedData/FridgeManager-cqwjywvxdxuliyanckgpjwbekvor/Build/Intermediates.noindex/FridgeManager.build/Debug-iphonesimulator/FridgeManagerUITests.build/Objects-normal/arm64/FridgeManagerUITests.LinkFileList

WriteAuxiliaryFile /Users/filip/Library/Developer/Xcode/DerivedData/FridgeManager-cqwjywvxdxuliyanckgpjwbekvor/Build/Intermediates.noindex/FridgeManager.build/Debug-iphonesimulator/FridgeManagerUITests.build/Objects-normal/arm64/FridgeManagerUITests-OutputFileMap.json (in target 'FridgeManagerUITests' from project 'FridgeManager')
    cd /Users/filip/Projects/FridgeManager/FridgeManager
    write-file /Users/filip/Library/Developer/Xcode/DerivedData/FridgeManager-cqwjywvxdxuliyanckgpjwbekvor/Build/Intermediates.noindex/FridgeManager.build/Debug-iphonesimulator/FridgeManagerUITests.build/Objects-normal/arm64/FridgeManagerUITests-OutputFileMap.json

WriteAuxiliaryFile /Users/filip/Library/Developer/Xcode/DerivedData/FridgeManager-cqwjywvxdxuliyanckgpjwbekvor/Build/Intermediates.noindex/FridgeManager.build/Debug-iphonesimulator/FridgeManagerUITests.build/FridgeManagerUITests.hmap (in target 'FridgeManagerUITests' from project 'FridgeManager')
    cd /Users/filip/Projects/FridgeManager/FridgeManager
    write-file /Users/filip/Library/Developer/Xcode/DerivedData/FridgeManager-cqwjywvxdxuliyanckgpjwbekvor/Build/Intermediates.noindex/FridgeManager.build/Debug-iphonesimulator/FridgeManagerUITests.build/FridgeManagerUITests.hmap

WriteAuxiliaryFile /Users/filip/Library/Developer/Xcode/DerivedData/FridgeManager-cqwjywvxdxuliyanckgpjwbekvor/Build/Intermediates.noindex/FridgeManager.build/Debug-iphonesimulator/FridgeManagerUITests.build/FridgeManagerUITests.DependencyStaticMetadataFileList (in target 'FridgeManagerUITests' from project 'FridgeManager')
    cd /Users/filip/Projects/FridgeManager/FridgeManager
    write-file /Users/filip/Library/Developer/Xcode/DerivedData/FridgeManager-cqwjywvxdxuliyanckgpjwbekvor/Build/Intermediates.noindex/FridgeManager.build/Debug-iphonesimulator/FridgeManagerUITests.build/FridgeManagerUITests.DependencyStaticMetadataFileList

WriteAuxiliaryFile /Users/filip/Library/Developer/Xcode/DerivedData/FridgeManager-cqwjywvxdxuliyanckgpjwbekvor/Build/Intermediates.noindex/FridgeManager.build/Debug-iphonesimulator/FridgeManagerUITests.build/FridgeManagerUITests.DependencyMetadataFileList (in target 'FridgeManagerUITests' from project 'FridgeManager')
    cd /Users/filip/Projects/FridgeManager/FridgeManager
    write-file /Users/filip/Library/Developer/Xcode/DerivedData/FridgeManager-cqwjywvxdxuliyanckgpjwbekvor/Build/Intermediates.noindex/FridgeManager.build/Debug-iphonesimulator/FridgeManagerUITests.build/FridgeManagerUITests.DependencyMetadataFileList

WriteAuxiliaryFile /Users/filip/Library/Developer/Xcode/DerivedData/FridgeManager-cqwjywvxdxuliyanckgpjwbekvor/Build/Intermediates.noindex/FridgeManager.build/Debug-iphonesimulator/FridgeManagerUITests.build/FridgeManagerUITests-project-headers.hmap (in target 'FridgeManagerUITests' from project 'FridgeManager')
    cd /Users/filip/Projects/FridgeManager/FridgeManager
    write-file /Users/filip/Library/Developer/Xcode/DerivedData/FridgeManager-cqwjywvxdxuliyanckgpjwbekvor/Build/Intermediates.noindex/FridgeManager.build/Debug-iphonesimulator/FridgeManagerUITests.build/FridgeManagerUITests-project-headers.hmap

WriteAuxiliaryFile /Users/filip/Library/Developer/Xcode/DerivedData/FridgeManager-cqwjywvxdxuliyanckgpjwbekvor/Build/Intermediates.noindex/FridgeManager.build/Debug-iphonesimulator/FridgeManagerUITests.build/FridgeManagerUITests-own-target-headers.hmap (in target 'FridgeManagerUITests' from project 'FridgeManager')
    cd /Users/filip/Projects/FridgeManager/FridgeManager
    write-file /Users/filip/Library/Developer/Xcode/DerivedData/FridgeManager-cqwjywvxdxuliyanckgpjwbekvor/Build/Intermediates.noindex/FridgeManager.build/Debug-iphonesimulator/FridgeManagerUITests.build/FridgeManagerUITests-own-target-headers.hmap

WriteAuxiliaryFile /Users/filip/Library/Developer/Xcode/DerivedData/FridgeManager-cqwjywvxdxuliyanckgpjwbekvor/Build/Intermediates.noindex/FridgeManager.build/Debug-iphonesimulator/FridgeManagerUITests.build/FridgeManagerUITests-generated-files.hmap (in target 'FridgeManagerUITests' from project 'FridgeManager')
    cd /Users/filip/Projects/FridgeManager/FridgeManager
    write-file /Users/filip/Library/Developer/Xcode/DerivedData/FridgeManager-cqwjywvxdxuliyanckgpjwbekvor/Build/Intermediates.noindex/FridgeManager.build/Debug-iphonesimulator/FridgeManagerUITests.build/FridgeManagerUITests-generated-files.hmap

WriteAuxiliaryFile /Users/filip/Library/Developer/Xcode/DerivedData/FridgeManager-cqwjywvxdxuliyanckgpjwbekvor/Build/Intermediates.noindex/FridgeManager.build/Debug-iphonesimulator/FridgeManagerUITests.build/FridgeManagerUITests-all-target-headers.hmap (in target 'FridgeManagerUITests' from project 'FridgeManager')
    cd /Users/filip/Projects/FridgeManager/FridgeManager
    write-file /Users/filip/Library/Developer/Xcode/DerivedData/FridgeManager-cqwjywvxdxuliyanckgpjwbekvor/Build/Intermediates.noindex/FridgeManager.build/Debug-iphonesimulator/FridgeManagerUITests.build/FridgeManagerUITests-all-target-headers.hmap

WriteAuxiliaryFile /Users/filip/Library/Developer/Xcode/DerivedData/FridgeManager-cqwjywvxdxuliyanckgpjwbekvor/Build/Intermediates.noindex/FridgeManager.build/Debug-iphonesimulator/FridgeManagerUITests.build/FridgeManagerUITests-all-non-framework-target-headers.hmap (in target 'FridgeManagerUITests' from project 'FridgeManager')
    cd /Users/filip/Projects/FridgeManager/FridgeManager
    write-file /Users/filip/Library/Developer/Xcode/DerivedData/FridgeManager-cqwjywvxdxuliyanckgpjwbekvor/Build/Intermediates.noindex/FridgeManager.build/Debug-iphonesimulator/FridgeManagerUITests.build/FridgeManagerUITests-all-non-framework-target-headers.hmap

WriteAuxiliaryFile /Users/filip/Library/Developer/Xcode/DerivedData/FridgeManager-cqwjywvxdxuliyanckgpjwbekvor/Build/Intermediates.noindex/FridgeManager.build/Debug-iphonesimulator/FridgeManagerUITests.build/DerivedSources/Entitlements-Simulated.plist (in target 'FridgeManagerUITests' from project 'FridgeManager')
    cd /Users/filip/Projects/FridgeManager/FridgeManager
    write-file /Users/filip/Library/Developer/Xcode/DerivedData/FridgeManager-cqwjywvxdxuliyanckgpjwbekvor/Build/Intermediates.noindex/FridgeManager.build/Debug-iphonesimulator/FridgeManagerUITests.build/DerivedSources/Entitlements-Simulated.plist

WriteAuxiliaryFile /Users/filip/Library/Developer/Xcode/DerivedData/FridgeManager-cqwjywvxdxuliyanckgpjwbekvor/Build/Intermediates.noindex/FridgeManager.build/Debug-iphonesimulator/FridgeManagerTests.build/Objects-normal/arm64/FridgeManagerTests.SwiftFileList (in target 'FridgeManagerTests' from project 'FridgeManager')
    cd /Users/filip/Projects/FridgeManager/FridgeManager
    write-file /Users/filip/Library/Developer/Xcode/DerivedData/FridgeManager-cqwjywvxdxuliyanckgpjwbekvor/Build/Intermediates.noindex/FridgeManager.build/Debug-iphonesimulator/FridgeManagerTests.build/Objects-normal/arm64/FridgeManagerTests.SwiftFileList

WriteAuxiliaryFile /Users/filip/Library/Developer/Xcode/DerivedData/FridgeManager-cqwjywvxdxuliyanckgpjwbekvor/Build/Intermediates.noindex/FridgeManager.build/Debug-iphonesimulator/FridgeManagerTests.build/Objects-normal/arm64/FridgeManagerTests_const_extract_protocols.json (in target 'FridgeManagerTests' from project 'FridgeManager')
    cd /Users/filip/Projects/FridgeManager/FridgeManager
    write-file /Users/filip/Library/Developer/Xcode/DerivedData/FridgeManager-cqwjywvxdxuliyanckgpjwbekvor/Build/Intermediates.noindex/FridgeManager.build/Debug-iphonesimulator/FridgeManagerTests.build/Objects-normal/arm64/FridgeManagerTests_const_extract_protocols.json

WriteAuxiliaryFile /Users/filip/Library/Developer/Xcode/DerivedData/FridgeManager-cqwjywvxdxuliyanckgpjwbekvor/Build/Intermediates.noindex/FridgeManager.build/Debug-iphonesimulator/FridgeManagerTests.build/empty-FridgeManagerTests.plist (in target 'FridgeManagerTests' from project 'FridgeManager')
    cd /Users/filip/Projects/FridgeManager/FridgeManager
    write-file /Users/filip/Library/Developer/Xcode/DerivedData/FridgeManager-cqwjywvxdxuliyanckgpjwbekvor/Build/Intermediates.noindex/FridgeManager.build/Debug-iphonesimulator/FridgeManagerTests.build/empty-FridgeManagerTests.plist

WriteAuxiliaryFile /Users/filip/Library/Developer/Xcode/DerivedData/FridgeManager-cqwjywvxdxuliyanckgpjwbekvor/Build/Intermediates.noindex/FridgeManager.build/Debug-iphonesimulator/FridgeManagerTests.build/Objects-normal/arm64/FridgeManagerTests.SwiftConstValuesFileList (in target 'FridgeManagerTests' from project 'FridgeManager')
    cd /Users/filip/Projects/FridgeManager/FridgeManager
    write-file /Users/filip/Library/Developer/Xcode/DerivedData/FridgeManager-cqwjywvxdxuliyanckgpjwbekvor/Build/Intermediates.noindex/FridgeManager.build/Debug-iphonesimulator/FridgeManagerTests.build/Objects-normal/arm64/FridgeManagerTests.SwiftConstValuesFileList

WriteAuxiliaryFile /Users/filip/Library/Developer/Xcode/DerivedData/FridgeManager-cqwjywvxdxuliyanckgpjwbekvor/Build/Intermediates.noindex/FridgeManager.build/Debug-iphonesimulator/FridgeManagerTests.build/Objects-normal/arm64/FridgeManagerTests.LinkFileList (in target 'FridgeManagerTests' from project 'FridgeManager')
    cd /Users/filip/Projects/FridgeManager/FridgeManager
    write-file /Users/filip/Library/Developer/Xcode/DerivedData/FridgeManager-cqwjywvxdxuliyanckgpjwbekvor/Build/Intermediates.noindex/FridgeManager.build/Debug-iphonesimulator/FridgeManagerTests.build/Objects-normal/arm64/FridgeManagerTests.LinkFileList

WriteAuxiliaryFile /Users/filip/Library/Developer/Xcode/DerivedData/FridgeManager-cqwjywvxdxuliyanckgpjwbekvor/Build/Intermediates.noindex/FridgeManager.build/Debug-iphonesimulator/FridgeManagerTests.build/Objects-normal/arm64/FridgeManagerTests-OutputFileMap.json (in target 'FridgeManagerTests' from project 'FridgeManager')
    cd /Users/filip/Projects/FridgeManager/FridgeManager
    write-file /Users/filip/Library/Developer/Xcode/DerivedData/FridgeManager-cqwjywvxdxuliyanckgpjwbekvor/Build/Intermediates.noindex/FridgeManager.build/Debug-iphonesimulator/FridgeManagerTests.build/Objects-normal/arm64/FridgeManagerTests-OutputFileMap.json

WriteAuxiliaryFile /Users/filip/Library/Developer/Xcode/DerivedData/FridgeManager-cqwjywvxdxuliyanckgpjwbekvor/Build/Intermediates.noindex/FridgeManager.build/Debug-iphonesimulator/FridgeManagerTests.build/FridgeManagerTests.hmap (in target 'FridgeManagerTests' from project 'FridgeManager')
    cd /Users/filip/Projects/FridgeManager/FridgeManager
    write-file /Users/filip/Library/Developer/Xcode/DerivedData/FridgeManager-cqwjywvxdxuliyanckgpjwbekvor/Build/Intermediates.noindex/FridgeManager.build/Debug-iphonesimulator/FridgeManagerTests.build/FridgeManagerTests.hmap

WriteAuxiliaryFile /Users/filip/Library/Developer/Xcode/DerivedData/FridgeManager-cqwjywvxdxuliyanckgpjwbekvor/Build/Intermediates.noindex/FridgeManager.build/Debug-iphonesimulator/FridgeManagerTests.build/FridgeManagerTests.DependencyStaticMetadataFileList (in target 'FridgeManagerTests' from project 'FridgeManager')
    cd /Users/filip/Projects/FridgeManager/FridgeManager
    write-file /Users/filip/Library/Developer/Xcode/DerivedData/FridgeManager-cqwjywvxdxuliyanckgpjwbekvor/Build/Intermediates.noindex/FridgeManager.build/Debug-iphonesimulator/FridgeManagerTests.build/FridgeManagerTests.DependencyStaticMetadataFileList

WriteAuxiliaryFile /Users/filip/Library/Developer/Xcode/DerivedData/FridgeManager-cqwjywvxdxuliyanckgpjwbekvor/Build/Intermediates.noindex/FridgeManager.build/Debug-iphonesimulator/FridgeManagerTests.build/FridgeManagerTests.DependencyMetadataFileList (in target 'FridgeManagerTests' from project 'FridgeManager')
    cd /Users/filip/Projects/FridgeManager/FridgeManager
    write-file /Users/filip/Library/Developer/Xcode/DerivedData/FridgeManager-cqwjywvxdxuliyanckgpjwbekvor/Build/Intermediates.noindex/FridgeManager.build/Debug-iphonesimulator/FridgeManagerTests.build/FridgeManagerTests.DependencyMetadataFileList

WriteAuxiliaryFile /Users/filip/Library/Developer/Xcode/DerivedData/FridgeManager-cqwjywvxdxuliyanckgpjwbekvor/Build/Intermediates.noindex/FridgeManager.build/Debug-iphonesimulator/FridgeManagerTests.build/FridgeManagerTests-project-headers.hmap (in target 'FridgeManagerTests' from project 'FridgeManager')
    cd /Users/filip/Projects/FridgeManager/FridgeManager
    write-file /Users/filip/Library/Developer/Xcode/DerivedData/FridgeManager-cqwjywvxdxuliyanckgpjwbekvor/Build/Intermediates.noindex/FridgeManager.build/Debug-iphonesimulator/FridgeManagerTests.build/FridgeManagerTests-project-headers.hmap

WriteAuxiliaryFile /Users/filip/Library/Developer/Xcode/DerivedData/FridgeManager-cqwjywvxdxuliyanckgpjwbekvor/Build/Intermediates.noindex/FridgeManager.build/Debug-iphonesimulator/FridgeManagerTests.build/FridgeManagerTests-own-target-headers.hmap (in target 'FridgeManagerTests' from project 'FridgeManager')
    cd /Users/filip/Projects/FridgeManager/FridgeManager
    write-file /Users/filip/Library/Developer/Xcode/DerivedData/FridgeManager-cqwjywvxdxuliyanckgpjwbekvor/Build/Intermediates.noindex/FridgeManager.build/Debug-iphonesimulator/FridgeManagerTests.build/FridgeManagerTests-own-target-headers.hmap

WriteAuxiliaryFile /Users/filip/Library/Developer/Xcode/DerivedData/FridgeManager-cqwjywvxdxuliyanckgpjwbekvor/Build/Intermediates.noindex/FridgeManager.build/Debug-iphonesimulator/FridgeManagerTests.build/FridgeManagerTests-generated-files.hmap (in target 'FridgeManagerTests' from project 'FridgeManager')
    cd /Users/filip/Projects/FridgeManager/FridgeManager
    write-file /Users/filip/Library/Developer/Xcode/DerivedData/FridgeManager-cqwjywvxdxuliyanckgpjwbekvor/Build/Intermediates.noindex/FridgeManager.build/Debug-iphonesimulator/FridgeManagerTests.build/FridgeManagerTests-generated-files.hmap

WriteAuxiliaryFile /Users/filip/Library/Developer/Xcode/DerivedData/FridgeManager-cqwjywvxdxuliyanckgpjwbekvor/Build/Intermediates.noindex/FridgeManager.build/Debug-iphonesimulator/FridgeManagerTests.build/FridgeManagerTests-all-target-headers.hmap (in target 'FridgeManagerTests' from project 'FridgeManager')
    cd /Users/filip/Projects/FridgeManager/FridgeManager
    write-file /Users/filip/Library/Developer/Xcode/DerivedData/FridgeManager-cqwjywvxdxuliyanckgpjwbekvor/Build/Intermediates.noindex/FridgeManager.build/Debug-iphonesimulator/FridgeManagerTests.build/FridgeManagerTests-all-target-headers.hmap

WriteAuxiliaryFile /Users/filip/Library/Developer/Xcode/DerivedData/FridgeManager-cqwjywvxdxuliyanckgpjwbekvor/Build/Intermediates.noindex/FridgeManager.build/Debug-iphonesimulator/FridgeManagerTests.build/FridgeManagerTests-all-non-framework-target-headers.hmap (in target 'FridgeManagerTests' from project 'FridgeManager')
    cd /Users/filip/Projects/FridgeManager/FridgeManager
    write-file /Users/filip/Library/Developer/Xcode/DerivedData/FridgeManager-cqwjywvxdxuliyanckgpjwbekvor/Build/Intermediates.noindex/FridgeManager.build/Debug-iphonesimulator/FridgeManagerTests.build/FridgeManagerTests-all-non-framework-target-headers.hmap

MkDir /Users/filip/Library/Developer/Xcode/DerivedData/FridgeManager-cqwjywvxdxuliyanckgpjwbekvor/Build/Products/Debug-iphonesimulator/FridgeManagerUITests-Runner.app/PlugIns/FridgeManagerUITests.xctest (in target 'FridgeManagerUITests' from project 'FridgeManager')
    cd /Users/filip/Projects/FridgeManager/FridgeManager
    /bin/mkdir -p /Users/filip/Library/Developer/Xcode/DerivedData/FridgeManager-cqwjywvxdxuliyanckgpjwbekvor/Build/Products/Debug-iphonesimulator/FridgeManagerUITests-Runner.app/PlugIns/FridgeManagerUITests.xctest

MkDir /Users/filip/Library/Developer/Xcode/DerivedData/FridgeManager-cqwjywvxdxuliyanckgpjwbekvor/Build/Products/Debug-iphonesimulator/FridgeManager.app/PlugIns/FridgeManagerTests.xctest (in target 'FridgeManagerTests' from project 'FridgeManager')
    cd /Users/filip/Projects/FridgeManager/FridgeManager
    /bin/mkdir -p /Users/filip/Library/Developer/Xcode/DerivedData/FridgeManager-cqwjywvxdxuliyanckgpjwbekvor/Build/Products/Debug-iphonesimulator/FridgeManager.app/PlugIns/FridgeManagerTests.xctest

ProcessProductPackaging "" /Users/filip/Library/Developer/Xcode/DerivedData/FridgeManager-cqwjywvxdxuliyanckgpjwbekvor/Build/Intermediates.noindex/FridgeManager.build/Debug-iphonesimulator/FridgeManager.build/FridgeManager.app-Simulated.xcent (in target 'FridgeManager' from project 'FridgeManager')
    cd /Users/filip/Projects/FridgeManager/FridgeManager
    
    Entitlements:
    
    {
    "application-identifier" = "22L5CCVC3A.be.razor.FridgeManager";
}
    
    builtin-productPackagingUtility -entitlements -format xml -o /Users/filip/Library/Developer/Xcode/DerivedData/FridgeManager-cqwjywvxdxuliyanckgpjwbekvor/Build/Intermediates.noindex/FridgeManager.build/Debug-iphonesimulator/FridgeManager.build/FridgeManager.app-Simulated.xcent

ProcessProductPackagingDER /Users/filip/Library/Developer/Xcode/DerivedData/FridgeManager-cqwjywvxdxuliyanckgpjwbekvor/Build/Intermediates.noindex/FridgeManager.build/Debug-iphonesimulator/FridgeManager.build/FridgeManager.app-Simulated.xcent /Users/filip/Library/Developer/Xcode/DerivedData/FridgeManager-cqwjywvxdxuliyanckgpjwbekvor/Build/Intermediates.noindex/FridgeManager.build/Debug-iphonesimulator/FridgeManager.build/FridgeManager.app-Simulated.xcent.der (in target 'FridgeManager' from project 'FridgeManager')
    cd /Users/filip/Projects/FridgeManager/FridgeManager
    /usr/bin/derq query -f xml -i /Users/filip/Library/Developer/Xcode/DerivedData/FridgeManager-cqwjywvxdxuliyanckgpjwbekvor/Build/Intermediates.noindex/FridgeManager.build/Debug-iphonesimulator/FridgeManager.build/FridgeManager.app-Simulated.xcent -o /Users/filip/Library/Developer/Xcode/DerivedData/FridgeManager-cqwjywvxdxuliyanckgpjwbekvor/Build/Intermediates.noindex/FridgeManager.build/Debug-iphonesimulator/FridgeManager.build/FridgeManager.app-Simulated.xcent.der --raw

SwiftDriver FridgeManager normal arm64 com.apple.xcode.tools.swift.compiler (in target 'FridgeManager' from project 'FridgeManager')
    cd /Users/filip/Projects/FridgeManager/FridgeManager
    builtin-SwiftDriver -- /Applications/Xcode.app/Contents/Developer/Toolchains/XcodeDefault.xctoolchain/usr/bin/swiftc -module-name FridgeManager -Onone -enforce-exclusivity\=checked @/Users/filip/Library/Developer/Xcode/DerivedData/FridgeManager-cqwjywvxdxuliyanckgpjwbekvor/Build/Intermediates.noindex/FridgeManager.build/Debug-iphonesimulator/FridgeManager.build/Objects-normal/arm64/FridgeManager.SwiftFileList -DDEBUG -default-isolation\=MainActor -enable-bare-slash-regex -enable-upcoming-feature DisableOutwardActorInference -enable-upcoming-feature InferSendableFromCaptures -enable-upcoming-feature GlobalActorIsolatedTypesUsability -enable-upcoming-feature MemberImportVisibility -enable-upcoming-feature InferIsolatedConformances -enable-upcoming-feature NonisolatedNonsendingByDefault -enable-experimental-feature DebugDescriptionMacro -sdk /Applications/Xcode.app/Contents/Developer/Platforms/iPhoneSimulator.platform/Developer/SDKs/iPhoneSimulator26.2.sdk -target arm64-apple-ios26.2-simulator -g -module-cache-path /Users/filip/Library/Developer/Xcode/DerivedData/ModuleCache.noindex -Xfrontend -serialize-debugging-options -profile-coverage-mapping -profile-generate -enable-testing -index-store-path /Users/filip/Library/Developer/Xcode/DerivedData/FridgeManager-cqwjywvxdxuliyanckgpjwbekvor/Index.noindex/DataStore -Xcc -D_LIBCPP_HARDENING_MODE\=_LIBCPP_HARDENING_MODE_DEBUG -swift-version 5 -I /Users/filip/Library/Developer/Xcode/DerivedData/FridgeManager-cqwjywvxdxuliyanckgpjwbekvor/Build/Products/Debug-iphonesimulator -F /Users/filip/Library/Developer/Xcode/DerivedData/FridgeManager-cqwjywvxdxuliyanckgpjwbekvor/Build/Products/Debug-iphonesimulator -emit-localized-strings -emit-localized-strings-path /Users/filip/Library/Developer/Xcode/DerivedData/FridgeManager-cqwjywvxdxuliyanckgpjwbekvor/Build/Intermediates.noindex/FridgeManager.build/Debug-iphonesimulator/FridgeManager.build/Objects-normal/arm64 -c -j8 -enable-batch-mode -incremental -Xcc -ivfsstatcache -Xcc /Users/filip/Library/Developer/Xcode/DerivedData/SDKStatCaches.noindex/iphonesimulator26.2-23C53-7d00a8b37fbd7999ea79df8ebc024bf0.sdkstatcache -output-file-map /Users/filip/Library/Developer/Xcode/DerivedData/FridgeManager-cqwjywvxdxuliyanckgpjwbekvor/Build/Intermediates.noindex/FridgeManager.build/Debug-iphonesimulator/FridgeManager.build/Objects-normal/arm64/FridgeManager-OutputFileMap.json -use-frontend-parseable-output -save-temps -no-color-diagnostics -explicit-module-build -module-cache-path /Users/filip/Library/Developer/Xcode/DerivedData/FridgeManager-cqwjywvxdxuliyanckgpjwbekvor/Build/Intermediates.noindex/SwiftExplicitPrecompiledModules -clang-scanner-module-cache-path /Users/filip/Library/Developer/Xcode/DerivedData/ModuleCache.noindex -sdk-module-cache-path /Users/filip/Library/Developer/Xcode/DerivedData/ModuleCache.noindex -serialize-diagnostics -emit-dependencies -emit-module -emit-module-path /Users/filip/Library/Developer/Xcode/DerivedData/FridgeManager-cqwjywvxdxuliyanckgpjwbekvor/Build/Intermediates.noindex/FridgeManager.build/Debug-iphonesimulator/FridgeManager.build/Objects-normal/arm64/FridgeManager.swiftmodule -validate-clang-modules-once -clang-build-session-file /Users/filip/Library/Developer/Xcode/DerivedData/ModuleCache.noindex/Session.modulevalidation -Xcc -I/Users/filip/Library/Developer/Xcode/DerivedData/FridgeManager-cqwjywvxdxuliyanckgpjwbekvor/Build/Intermediates.noindex/FridgeManager.build/Debug-iphonesimulator/FridgeManager.build/swift-overrides.hmap -emit-const-values -Xfrontend -const-gather-protocols-file -Xfrontend /Users/filip/Library/Developer/Xcode/DerivedData/FridgeManager-cqwjywvxdxuliyanckgpjwbekvor/Build/Intermediates.noindex/FridgeManager.build/Debug-iphonesimulator/FridgeManager.build/Objects-normal/arm64/FridgeManager_const_extract_protocols.json -Xcc -iquote -Xcc /Users/filip/Library/Developer/Xcode/DerivedData/FridgeManager-cqwjywvxdxuliyanckgpjwbekvor/Build/Intermediates.noindex/FridgeManager.build/Debug-iphonesimulator/FridgeManager.build/FridgeManager-generated-files.hmap -Xcc -I/Users/filip/Library/Developer/Xcode/DerivedData/FridgeManager-cqwjywvxdxuliyanckgpjwbekvor/Build/Intermediates.noindex/FridgeManager.build/Debug-iphonesimulator/FridgeManager.build/FridgeManager-own-target-headers.hmap -Xcc -I/Users/filip/Library/Developer/Xcode/DerivedData/FridgeManager-cqwjywvxdxuliyanckgpjwbekvor/Build/Intermediates.noindex/FridgeManager.build/Debug-iphonesimulator/FridgeManager.build/FridgeManager-all-target-headers.hmap -Xcc -iquote -Xcc /Users/filip/Library/Developer/Xcode/DerivedData/FridgeManager-cqwjywvxdxuliyanckgpjwbekvor/Build/Intermediates.noindex/FridgeManager.build/Debug-iphonesimulator/FridgeManager.build/FridgeManager-project-headers.hmap -Xcc -I/Users/filip/Library/Developer/Xcode/DerivedData/FridgeManager-cqwjywvxdxuliyanckgpjwbekvor/Build/Products/Debug-iphonesimulator/include -Xcc -I/Users/filip/Library/Developer/Xcode/DerivedData/FridgeManager-cqwjywvxdxuliyanckgpjwbekvor/Build/Intermediates.noindex/FridgeManager.build/Debug-iphonesimulator/FridgeManager.build/DerivedSources-normal/arm64 -Xcc -I/Users/filip/Library/Developer/Xcode/DerivedData/FridgeManager-cqwjywvxdxuliyanckgpjwbekvor/Build/Intermediates.noindex/FridgeManager.build/Debug-iphonesimulator/FridgeManager.build/DerivedSources/arm64 -Xcc -I/Users/filip/Library/Developer/Xcode/DerivedData/FridgeManager-cqwjywvxdxuliyanckgpjwbekvor/Build/Intermediates.noindex/FridgeManager.build/Debug-iphonesimulator/FridgeManager.build/DerivedSources -Xcc -DDEBUG\=1 -emit-objc-header -emit-objc-header-path /Users/filip/Library/Developer/Xcode/DerivedData/FridgeManager-cqwjywvxdxuliyanckgpjwbekvor/Build/Intermediates.noindex/FridgeManager.build/Debug-iphonesimulator/FridgeManager.build/Objects-normal/arm64/FridgeManager-Swift.h -working-directory /Users/filip/Projects/FridgeManager/FridgeManager -experimental-emit-module-separately -disable-cmo

Copy /Users/filip/Library/Developer/Xcode/DerivedData/FridgeManager-cqwjywvxdxuliyanckgpjwbekvor/Build/Products/Debug-iphonesimulator/FridgeManager.app/Frameworks/libXCTestSwiftSupport.dylib /Applications/Xcode.app/Contents/Developer/Platforms/iPhoneSimulator.platform/Developer/usr/lib/libXCTestSwiftSupport.dylib (in target 'FridgeManager' from project 'FridgeManager')
    cd /Users/filip/Projects/FridgeManager/FridgeManager
    builtin-copy -exclude .DS_Store -exclude CVS -exclude .svn -exclude .git -exclude .hg -exclude Headers -exclude PrivateHeaders -exclude Modules -exclude \*.tbd -resolve-src-symlinks /Applications/Xcode.app/Contents/Developer/Platforms/iPhoneSimulator.platform/Developer/usr/lib/libXCTestSwiftSupport.dylib /Users/filip/Library/Developer/Xcode/DerivedData/FridgeManager-cqwjywvxdxuliyanckgpjwbekvor/Build/Products/Debug-iphonesimulator/FridgeManager.app/Frameworks

Copy /Users/filip/Library/Developer/Xcode/DerivedData/FridgeManager-cqwjywvxdxuliyanckgpjwbekvor/Build/Products/Debug-iphonesimulator/FridgeManager.app/Frameworks/libXCTestBundleInject.dylib /Applications/Xcode.app/Contents/Developer/Platforms/iPhoneSimulator.platform/Developer/usr/lib/libXCTestBundleInject.dylib (in target 'FridgeManager' from project 'FridgeManager')
    cd /Users/filip/Projects/FridgeManager/FridgeManager
    builtin-copy -exclude .DS_Store -exclude CVS -exclude .svn -exclude .git -exclude .hg -exclude Headers -exclude PrivateHeaders -exclude Modules -exclude \*.tbd -resolve-src-symlinks /Applications/Xcode.app/Contents/Developer/Platforms/iPhoneSimulator.platform/Developer/usr/lib/libXCTestBundleInject.dylib /Users/filip/Library/Developer/Xcode/DerivedData/FridgeManager-cqwjywvxdxuliyanckgpjwbekvor/Build/Products/Debug-iphonesimulator/FridgeManager.app/Frameworks

Copy /Users/filip/Library/Developer/Xcode/DerivedData/FridgeManager-cqwjywvxdxuliyanckgpjwbekvor/Build/Products/Debug-iphonesimulator/FridgeManager.app/Frameworks/XCUnit.framework /Applications/Xcode.app/Contents/Developer/Platforms/iPhoneSimulator.platform/Developer/Library/PrivateFrameworks/XCUnit.framework (in target 'FridgeManager' from project 'FridgeManager')
    cd /Users/filip/Projects/FridgeManager/FridgeManager
    builtin-copy -exclude .DS_Store -exclude CVS -exclude .svn -exclude .git -exclude .hg -exclude Headers -exclude PrivateHeaders -exclude Modules -exclude \*.tbd -resolve-src-symlinks /Applications/Xcode.app/Contents/Developer/Platforms/iPhoneSimulator.platform/Developer/Library/PrivateFrameworks/XCUnit.framework /Users/filip/Library/Developer/Xcode/DerivedData/FridgeManager-cqwjywvxdxuliyanckgpjwbekvor/Build/Products/Debug-iphonesimulator/FridgeManager.app/Frameworks

Copy /Users/filip/Library/Developer/Xcode/DerivedData/FridgeManager-cqwjywvxdxuliyanckgpjwbekvor/Build/Products/Debug-iphonesimulator/FridgeManager.app/Frameworks/XCUIAutomation.framework /Applications/Xcode.app/Contents/Developer/Platforms/iPhoneSimulator.platform/Developer/Library/Frameworks/XCUIAutomation.framework (in target 'FridgeManager' from project 'FridgeManager')
    cd /Users/filip/Projects/FridgeManager/FridgeManager
    builtin-copy -exclude .DS_Store -exclude CVS -exclude .svn -exclude .git -exclude .hg -exclude Headers -exclude PrivateHeaders -exclude Modules -exclude \*.tbd -resolve-src-symlinks /Applications/Xcode.app/Contents/Developer/Platforms/iPhoneSimulator.platform/Developer/Library/Frameworks/XCUIAutomation.framework /Users/filip/Library/Developer/Xcode/DerivedData/FridgeManager-cqwjywvxdxuliyanckgpjwbekvor/Build/Products/Debug-iphonesimulator/FridgeManager.app/Frameworks

Copy /Users/filip/Library/Developer/Xcode/DerivedData/FridgeManager-cqwjywvxdxuliyanckgpjwbekvor/Build/Products/Debug-iphonesimulator/FridgeManager.app/Frameworks/XCTestSupport.framework /Applications/Xcode.app/Contents/Developer/Platforms/iPhoneSimulator.platform/Developer/Library/PrivateFrameworks/XCTestSupport.framework (in target 'FridgeManager' from project 'FridgeManager')
    cd /Users/filip/Projects/FridgeManager/FridgeManager
    builtin-copy -exclude .DS_Store -exclude CVS -exclude .svn -exclude .git -exclude .hg -exclude Headers -exclude PrivateHeaders -exclude Modules -exclude \*.tbd -resolve-src-symlinks /Applications/Xcode.app/Contents/Developer/Platforms/iPhoneSimulator.platform/Developer/Library/PrivateFrameworks/XCTestSupport.framework /Users/filip/Library/Developer/Xcode/DerivedData/FridgeManager-cqwjywvxdxuliyanckgpjwbekvor/Build/Products/Debug-iphonesimulator/FridgeManager.app/Frameworks

Copy /Users/filip/Library/Developer/Xcode/DerivedData/FridgeManager-cqwjywvxdxuliyanckgpjwbekvor/Build/Products/Debug-iphonesimulator/FridgeManager.app/Frameworks/XCTestCore.framework /Applications/Xcode.app/Contents/Developer/Platforms/iPhoneSimulator.platform/Developer/Library/PrivateFrameworks/XCTestCore.framework (in target 'FridgeManager' from project 'FridgeManager')
    cd /Users/filip/Projects/FridgeManager/FridgeManager
    builtin-copy -exclude .DS_Store -exclude CVS -exclude .svn -exclude .git -exclude .hg -exclude Headers -exclude PrivateHeaders -exclude Modules -exclude \*.tbd -resolve-src-symlinks /Applications/Xcode.app/Contents/Developer/Platforms/iPhoneSimulator.platform/Developer/Library/PrivateFrameworks/XCTestCore.framework /Users/filip/Library/Developer/Xcode/DerivedData/FridgeManager-cqwjywvxdxuliyanckgpjwbekvor/Build/Products/Debug-iphonesimulator/FridgeManager.app/Frameworks

Copy /Users/filip/Library/Developer/Xcode/DerivedData/FridgeManager-cqwjywvxdxuliyanckgpjwbekvor/Build/Products/Debug-iphonesimulator/FridgeManager.app/Frameworks/XCTest.framework /Applications/Xcode.app/Contents/Developer/Platforms/iPhoneSimulator.platform/Developer/Library/Frameworks/XCTest.framework (in target 'FridgeManager' from project 'FridgeManager')
    cd /Users/filip/Projects/FridgeManager/FridgeManager
    builtin-copy -exclude .DS_Store -exclude CVS -exclude .svn -exclude .git -exclude .hg -exclude Headers -exclude PrivateHeaders -exclude Modules -exclude \*.tbd -resolve-src-symlinks /Applications/Xcode.app/Contents/Developer/Platforms/iPhoneSimulator.platform/Developer/Library/Frameworks/XCTest.framework /Users/filip/Library/Developer/Xcode/DerivedData/FridgeManager-cqwjywvxdxuliyanckgpjwbekvor/Build/Products/Debug-iphonesimulator/FridgeManager.app/Frameworks

Copy /Users/filip/Library/Developer/Xcode/DerivedData/FridgeManager-cqwjywvxdxuliyanckgpjwbekvor/Build/Products/Debug-iphonesimulator/FridgeManager.app/Frameworks/XCTAutomationSupport.framework /Applications/Xcode.app/Contents/Developer/Platforms/iPhoneSimulator.platform/Developer/Library/PrivateFrameworks/XCTAutomationSupport.framework (in target 'FridgeManager' from project 'FridgeManager')
    cd /Users/filip/Projects/FridgeManager/FridgeManager
    builtin-copy -exclude .DS_Store -exclude CVS -exclude .svn -exclude .git -exclude .hg -exclude Headers -exclude PrivateHeaders -exclude Modules -exclude \*.tbd -resolve-src-symlinks /Applications/Xcode.app/Contents/Developer/Platforms/iPhoneSimulator.platform/Developer/Library/PrivateFrameworks/XCTAutomationSupport.framework /Users/filip/Library/Developer/Xcode/DerivedData/FridgeManager-cqwjywvxdxuliyanckgpjwbekvor/Build/Products/Debug-iphonesimulator/FridgeManager.app/Frameworks

Copy /Users/filip/Library/Developer/Xcode/DerivedData/FridgeManager-cqwjywvxdxuliyanckgpjwbekvor/Build/Products/Debug-iphonesimulator/FridgeManager.app/Frameworks/Testing.framework /Applications/Xcode.app/Contents/Developer/Platforms/iPhoneSimulator.platform/Developer/Library/Frameworks/Testing.framework (in target 'FridgeManager' from project 'FridgeManager')
    cd /Users/filip/Projects/FridgeManager/FridgeManager
    builtin-copy -exclude .DS_Store -exclude CVS -exclude .svn -exclude .git -exclude .hg -exclude Headers -exclude PrivateHeaders -exclude Modules -exclude \*.tbd -resolve-src-symlinks /Applications/Xcode.app/Contents/Developer/Platforms/iPhoneSimulator.platform/Developer/Library/Frameworks/Testing.framework /Users/filip/Library/Developer/Xcode/DerivedData/FridgeManager-cqwjywvxdxuliyanckgpjwbekvor/Build/Products/Debug-iphonesimulator/FridgeManager.app/Frameworks

CompileAssetCatalogVariant thinned /Users/filip/Library/Developer/Xcode/DerivedData/FridgeManager-cqwjywvxdxuliyanckgpjwbekvor/Build/Products/Debug-iphonesimulator/FridgeManager.app /Users/filip/Projects/FridgeManager/FridgeManager/FridgeManager/FridgeManager/Assets.xcassets /Users/filip/Projects/FridgeManager/FridgeManager/FridgeManager/Assets.xcassets (in target 'FridgeManager' from project 'FridgeManager')
    cd /Users/filip/Projects/FridgeManager/FridgeManager
    /Applications/Xcode.app/Contents/Developer/usr/bin/actool /Users/filip/Projects/FridgeManager/FridgeManager/FridgeManager/FridgeManager/Assets.xcassets /Users/filip/Projects/FridgeManager/FridgeManager/FridgeManager/Assets.xcassets --compile /Users/filip/Library/Developer/Xcode/DerivedData/FridgeManager-cqwjywvxdxuliyanckgpjwbekvor/Build/Intermediates.noindex/FridgeManager.build/Debug-iphonesimulator/FridgeManager.build/assetcatalog_output/thinned --output-format human-readable-text --notices --warnings --export-dependency-info /Users/filip/Library/Developer/Xcode/DerivedData/FridgeManager-cqwjywvxdxuliyanckgpjwbekvor/Build/Intermediates.noindex/FridgeManager.build/Debug-iphonesimulator/FridgeManager.build/assetcatalog_dependencies_thinned --output-partial-info-plist /Users/filip/Library/Developer/Xcode/DerivedData/FridgeManager-cqwjywvxdxuliyanckgpjwbekvor/Build/Intermediates.noindex/FridgeManager.build/Debug-iphonesimulator/FridgeManager.build/assetcatalog_generated_info.plist_thinned --app-icon AppIcon --accent-color AccentColor --compress-pngs --enable-on-demand-resources YES --filter-for-thinning-device-configuration iPhone18,3 --filter-for-device-os-version 26.2 --development-region en --target-device iphone --target-device ipad --minimum-deployment-target 26.2 --platform iphonesimulator
/* com.apple.actool.document.warnings */
/Users/filip/Projects/FridgeManager/FridgeManager/FridgeManager/FridgeManager/Assets.xcassets:./AppIcon.appiconset/(null)[2d][AppIcon-1024.png]: warning: The app icon set "AppIcon" has 13 unassigned children.
/Users/filip/Projects/FridgeManager/FridgeManager/FridgeManager/FridgeManager/Assets.xcassets:./AppLogo.imageset/(null)[2d][AppLogo-1x.png]: warning: The image set "AppLogo" has 3 unassigned children.
/Users/filip/Projects/FridgeManager/FridgeManager/FridgeManager/FridgeManager/Assets.xcassets:./AppIcon.appiconset/(null)[2d][AppIcon-1024.png]: warning: The app icon set "AppIcon" has 13 unassigned children.
/Users/filip/Projects/FridgeManager/FridgeManager/FridgeManager/FridgeManager/Assets.xcassets:./AppLogo.imageset/(null)[2d][AppLogo-1x.png]: warning: The image set "AppLogo" has 3 unassigned children.
/* com.apple.actool.compilation-results */
/Users/filip/Library/Developer/Xcode/DerivedData/FridgeManager-cqwjywvxdxuliyanckgpjwbekvor/Build/Intermediates.noindex/FridgeManager.build/Debug-iphonesimulator/FridgeManager.build/assetcatalog_generated_info.plist_thinned
/Users/filip/Library/Developer/Xcode/DerivedData/FridgeManager-cqwjywvxdxuliyanckgpjwbekvor/Build/Intermediates.noindex/FridgeManager.build/Debug-iphonesimulator/FridgeManager.build/assetcatalog_output/thinned/AppIcon60x60@2x.png
/Users/filip/Library/Developer/Xcode/DerivedData/FridgeManager-cqwjywvxdxuliyanckgpjwbekvor/Build/Intermediates.noindex/FridgeManager.build/Debug-iphonesimulator/FridgeManager.build/assetcatalog_output/thinned/AppIcon76x76@2x~ipad.png
/Users/filip/Library/Developer/Xcode/DerivedData/FridgeManager-cqwjywvxdxuliyanckgpjwbekvor/Build/Intermediates.noindex/FridgeManager.build/Debug-iphonesimulator/FridgeManager.build/assetcatalog_output/thinned/Assets.car


SwiftEmitModule normal arm64 Emitting\ module\ for\ FridgeManager (in target 'FridgeManager' from project 'FridgeManager')

EmitSwiftModule normal arm64 (in target 'FridgeManager' from project 'FridgeManager')
    cd /Users/filip/Projects/FridgeManager/FridgeManager
    

SwiftCompile normal arm64 Compiling\ FridgeItem.swift,\ FridgeManagerApp.swift /Users/filip/Projects/FridgeManager/FridgeManager/FridgeManager/FridgeItem.swift /Users/filip/Projects/FridgeManager/FridgeManager/FridgeManager/FridgeManagerApp.swift (in target 'FridgeManager' from project 'FridgeManager')

SwiftCompile normal arm64 /Users/filip/Projects/FridgeManager/FridgeManager/FridgeManager/FridgeItem.swift (in target 'FridgeManager' from project 'FridgeManager')
    cd /Users/filip/Projects/FridgeManager/FridgeManager
    

SwiftCompile normal arm64 /Users/filip/Projects/FridgeManager/FridgeManager/FridgeManager/FridgeManagerApp.swift (in target 'FridgeManager' from project 'FridgeManager')
    cd /Users/filip/Projects/FridgeManager/FridgeManager
    

SwiftCompile normal arm64 Compiling\ AboutView.swift,\ AppLogoView.swift /Users/filip/Projects/FridgeManager/FridgeManager/FridgeManager/AboutView.swift /Users/filip/Projects/FridgeManager/FridgeManager/FridgeManager/AppLogoView.swift (in target 'FridgeManager' from project 'FridgeManager')

SwiftCompile normal arm64 /Users/filip/Projects/FridgeManager/FridgeManager/FridgeManager/AboutView.swift (in target 'FridgeManager' from project 'FridgeManager')
    cd /Users/filip/Projects/FridgeManager/FridgeManager
    

SwiftCompile normal arm64 /Users/filip/Projects/FridgeManager/FridgeManager/FridgeManager/AppLogoView.swift (in target 'FridgeManager' from project 'FridgeManager')
    cd /Users/filip/Projects/FridgeManager/FridgeManager
    

SwiftCompile normal arm64 Compiling\ FridgeSettingsView.swift,\ FridgeWizardView.swift /Users/filip/Projects/FridgeManager/FridgeManager/FridgeManager/FridgeSettingsView.swift /Users/filip/Projects/FridgeManager/FridgeManager/FridgeManager/FridgeWizardView.swift (in target 'FridgeManager' from project 'FridgeManager')

SwiftCompile normal arm64 /Users/filip/Projects/FridgeManager/FridgeManager/FridgeManager/FridgeSettingsView.swift (in target 'FridgeManager' from project 'FridgeManager')
    cd /Users/filip/Projects/FridgeManager/FridgeManager
    

SwiftCompile normal arm64 /Users/filip/Projects/FridgeManager/FridgeManager/FridgeManager/FridgeWizardView.swift (in target 'FridgeManager' from project 'FridgeManager')
    cd /Users/filip/Projects/FridgeManager/FridgeManager
    

SwiftCompile normal arm64 Compiling\ SplashView.swift /Users/filip/Projects/FridgeManager/FridgeManager/FridgeManager/SplashView.swift (in target 'FridgeManager' from project 'FridgeManager')

SwiftCompile normal arm64 /Users/filip/Projects/FridgeManager/FridgeManager/FridgeManager/SplashView.swift (in target 'FridgeManager' from project 'FridgeManager')
    cd /Users/filip/Projects/FridgeManager/FridgeManager
    

SwiftCompile normal arm64 Compiling\ GeneratedAssetSymbols.swift /Users/filip/Library/Developer/Xcode/DerivedData/FridgeManager-cqwjywvxdxuliyanckgpjwbekvor/Build/Intermediates.noindex/FridgeManager.build/Debug-iphonesimulator/FridgeManager.build/DerivedSources/GeneratedAssetSymbols.swift (in target 'FridgeManager' from project 'FridgeManager')

SwiftCompile normal arm64 /Users/filip/Library/Developer/Xcode/DerivedData/FridgeManager-cqwjywvxdxuliyanckgpjwbekvor/Build/Intermediates.noindex/FridgeManager.build/Debug-iphonesimulator/FridgeManager.build/DerivedSources/GeneratedAssetSymbols.swift (in target 'FridgeManager' from project 'FridgeManager')
    cd /Users/filip/Projects/FridgeManager/FridgeManager
    

SwiftCompile normal arm64 Compiling\ RootView.swift,\ Shelf.swift /Users/filip/Projects/FridgeManager/FridgeManager/FridgeManager/RootView.swift /Users/filip/Projects/FridgeManager/FridgeManager/FridgeManager/Shelf.swift (in target 'FridgeManager' from project 'FridgeManager')

SwiftCompile normal arm64 /Users/filip/Projects/FridgeManager/FridgeManager/FridgeManager/RootView.swift (in target 'FridgeManager' from project 'FridgeManager')
    cd /Users/filip/Projects/FridgeManager/FridgeManager
    

SwiftCompile normal arm64 /Users/filip/Projects/FridgeManager/FridgeManager/FridgeManager/Shelf.swift (in target 'FridgeManager' from project 'FridgeManager')
    cd /Users/filip/Projects/FridgeManager/FridgeManager
    

SwiftCompile normal arm64 Compiling\ EditFridgeItemView.swift,\ Fridge.swift /Users/filip/Projects/FridgeManager/FridgeManager/FridgeManager/EditFridgeItemView.swift /Users/filip/Projects/FridgeManager/FridgeManager/FridgeManager/Fridge.swift (in target 'FridgeManager' from project 'FridgeManager')

SwiftCompile normal arm64 /Users/filip/Projects/FridgeManager/FridgeManager/FridgeManager/EditFridgeItemView.swift (in target 'FridgeManager' from project 'FridgeManager')
    cd /Users/filip/Projects/FridgeManager/FridgeManager
    

SwiftCompile normal arm64 /Users/filip/Projects/FridgeManager/FridgeManager/FridgeManager/Fridge.swift (in target 'FridgeManager' from project 'FridgeManager')
    cd /Users/filip/Projects/FridgeManager/FridgeManager
    

SwiftDriverJobDiscovery normal arm64 Compiling GeneratedAssetSymbols.swift (in target 'FridgeManager' from project 'FridgeManager')

SwiftCompile normal arm64 Compiling\ ContentView.swift,\ Drawer.swift /Users/filip/Projects/FridgeManager/FridgeManager/FridgeManager/ContentView.swift /Users/filip/Projects/FridgeManager/FridgeManager/FridgeManager/Drawer.swift (in target 'FridgeManager' from project 'FridgeManager')
SwiftCompile normal arm64 /Users/filip/Projects/FridgeManager/FridgeManager/FridgeManager/ContentView.swift (in target 'FridgeManager' from project 'FridgeManager')
    cd /Users/filip/Projects/FridgeManager/FridgeManager
    
/Users/filip/Projects/FridgeManager/FridgeManager/FridgeManager/ContentView.swift:31:25: error: the compiler is unable to type-check this expression in reasonable time; try breaking up the expression into distinct sub-expressions
    var body: some View {
                        ^

SwiftCompile normal arm64 /Users/filip/Projects/FridgeManager/FridgeManager/FridgeManager/Drawer.swift (in target 'FridgeManager' from project 'FridgeManager')
    cd /Users/filip/Projects/FridgeManager/FridgeManager
    

Failed frontend command:
/Applications/Xcode.app/Contents/Developer/Toolchains/XcodeDefault.xctoolchain/usr/bin/swift-frontend -frontend -c /Users/filip/Projects/FridgeManager/FridgeManager/FridgeManager/AboutView.swift /Users/filip/Projects/FridgeManager/FridgeManager/FridgeManager/AppLogoView.swift -primary-file /Users/filip/Projects/FridgeManager/FridgeManager/FridgeManager/ContentView.swift -primary-file /Users/filip/Projects/FridgeManager/FridgeManager/FridgeManager/Drawer.swift /Users/filip/Projects/FridgeManager/FridgeManager/FridgeManager/EditFridgeItemView.swift /Users/filip/Projects/FridgeManager/FridgeManager/FridgeManager/Fridge.swift /Users/filip/Projects/FridgeManager/FridgeManager/FridgeManager/FridgeItem.swift /Users/filip/Projects/FridgeManager/FridgeManager/FridgeManager/FridgeManagerApp.swift /Users/filip/Projects/FridgeManager/FridgeManager/FridgeManager/FridgeSettingsView.swift /Users/filip/Projects/FridgeManager/FridgeManager/FridgeManager/FridgeWizardView.swift /Users/filip/Projects/FridgeManager/FridgeManager/FridgeManager/RootView.swift /Users/filip/Projects/FridgeManager/FridgeManager/FridgeManager/Shelf.swift /Users/filip/Projects/FridgeManager/FridgeManager/FridgeManager/SplashView.swift /Users/filip/Library/Developer/Xcode/DerivedData/FridgeManager-cqwjywvxdxuliyanckgpjwbekvor/Build/Intermediates.noindex/FridgeManager.build/Debug-iphonesimulator/FridgeManager.build/DerivedSources/GeneratedAssetSymbols.swift -emit-dependencies-path /Users/filip/Library/Developer/Xcode/DerivedData/FridgeManager-cqwjywvxdxuliyanckgpjwbekvor/Build/Intermediates.noindex/FridgeManager.build/Debug-iphonesimulator/FridgeManager.build/Objects-normal/arm64/ContentView.d -emit-const-values-path /Users/filip/Library/Developer/Xcode/DerivedData/FridgeManager-cqwjywvxdxuliyanckgpjwbekvor/Build/Intermediates.noindex/FridgeManager.build/Debug-iphonesimulator/FridgeManager.build/Objects-normal/arm64/ContentView.swiftconstvalues -emit-reference-dependencies-path /Users/filip/Library/Developer/Xcode/DerivedData/FridgeManager-cqwjywvxdxuliyanckgpjwbekvor/Build/Intermediates.noindex/FridgeManager.build/Debug-iphonesimulator/FridgeManager.build/Objects-normal/arm64/ContentView.swiftdeps -serialize-diagnostics-path /Users/filip/Library/Developer/Xcode/DerivedData/FridgeManager-cqwjywvxdxuliyanckgpjwbekvor/Build/Intermediates.noindex/FridgeManager.build/Debug-iphonesimulator/FridgeManager.build/Objects-normal/arm64/ContentView.dia -emit-dependencies-path /Users/filip/Library/Developer/Xcode/DerivedData/FridgeManager-cqwjywvxdxuliyanckgpjwbekvor/Build/Intermediates.noindex/FridgeManager.build/Debug-iphonesimulator/FridgeManager.build/Objects-normal/arm64/Drawer.d -emit-const-values-path /Users/filip/Library/Developer/Xcode/DerivedData/FridgeManager-cqwjywvxdxuliyanckgpjwbekvor/Build/Intermediates.noindex/FridgeManager.build/Debug-iphonesimulator/FridgeManager.build/Objects-normal/arm64/Drawer.swiftconstvalues -emit-reference-dependencies-path /Users/filip/Library/Developer/Xcode/DerivedData/FridgeManager-cqwjywvxdxuliyanckgpjwbekvor/Build/Intermediates.noindex/FridgeManager.build/Debug-iphonesimulator/FridgeManager.build/Objects-normal/arm64/Drawer.swiftdeps -serialize-diagnostics-path /Users/filip/Library/Developer/Xcode/DerivedData/FridgeManager-cqwjywvxdxuliyanckgpjwbekvor/Build/Intermediates.noindex/FridgeManager.build/Debug-iphonesimulator/FridgeManager.build/Objects-normal/arm64/Drawer.dia -emit-localized-strings -emit-localized-strings-path /Users/filip/Library/Developer/Xcode/DerivedData/FridgeManager-cqwjywvxdxuliyanckgpjwbekvor/Build/Intermediates.noindex/FridgeManager.build/Debug-iphonesimulator/FridgeManager.build/Objects-normal/arm64 -target arm64-apple-ios26.2-simulator -module-can-import-version DeveloperToolsSupport 23.0.4 23.0.4 -module-can-import-version SwiftUI 7.2.5.1 7.2.5 -module-can-import-version UIKit 9126.2.4.1 9126.2.4 -disable-cross-import-overlay-search -swift-module-cross-import SwiftData /Applications/Xcode.app/Contents/Developer/Platforms/iPhoneSimulator.platform/Developer/SDKs/iPhoneSimulator26.2.sdk/System/Library/Frameworks/SwiftData.framework/Modules/SwiftData.swiftcrossimport/CoreData.swiftoverlay -swift-module-cross-import SwiftData /Applications/Xcode.app/Contents/Developer/Platforms/iPhoneSimulator.platform/Developer/SDKs/iPhoneSimulator26.2.sdk/System/Library/Frameworks/SwiftData.framework/Modules/SwiftData.swiftcrossimport/SwiftUI.swiftoverlay -load-resolved-plugin /Applications/Xcode.app/Contents/Developer/Platforms/iPhoneOS.platform/Developer/usr/lib/swift/host/plugins/libFoundationMacros.dylib\#/Applications/Xcode.app/Contents/Developer/Platforms/iPhoneOS.platform/Developer/usr/bin/swift-plugin-server\#FoundationMacros -load-resolved-plugin /Applications/Xcode.app/Contents/Developer/Platforms/iPhoneOS.platform/Developer/usr/lib/swift/host/plugins/libObservationMacros.dylib\#/Applications/Xcode.app/Contents/Developer/Platforms/iPhoneOS.platform/Developer/usr/bin/swift-plugin-server\#ObservationMacros -load-resolved-plugin /Applications/Xcode.app/Contents/Developer/Platforms/iPhoneOS.platform/Developer/usr/lib/swift/host/plugins/libPreviewsMacros.dylib\#/Applications/Xcode.app/Contents/Developer/Platforms/iPhoneOS.platform/Developer/usr/bin/swift-plugin-server\#PreviewsMacros -load-resolved-plugin /Applications/Xcode.app/Contents/Developer/Platforms/iPhoneOS.platform/Developer/usr/lib/swift/host/plugins/libSwiftDataMacros.dylib\#/Applications/Xcode.app/Contents/Developer/Platforms/iPhoneOS.platform/Developer/usr/bin/swift-plugin-server\#SwiftDataMacros -load-resolved-plugin /Applications/Xcode.app/Contents/Developer/Platforms/iPhoneOS.platform/Developer/usr/lib/swift/host/plugins/libSwiftMacros.dylib\#/Applications/Xcode.app/Contents/Developer/Platforms/iPhoneOS.platform/Developer/usr/bin/swift-plugin-server\#SwiftMacros -load-resolved-plugin /Applications/Xcode.app/Contents/Developer/Platforms/iPhoneOS.platform/Developer/usr/lib/swift/host/plugins/libSwiftUIMacros.dylib\#/Applications/Xcode.app/Contents/Developer/Platforms/iPhoneOS.platform/Developer/usr/bin/swift-plugin-server\#SwiftUIMacros -disable-implicit-swift-modules -Xcc -fno-implicit-modules -Xcc -fno-implicit-module-maps -explicit-swift-module-map-file /Users/filip/Library/Developer/Xcode/DerivedData/FridgeManager-cqwjywvxdxuliyanckgpjwbekvor/Build/Intermediates.noindex/FridgeManager.build/Debug-iphonesimulator/FridgeManager.build/Objects-normal/arm64/FridgeManager-dependencies-1.json -Xllvm -aarch64-use-tbi -enable-objc-interop -sdk /Applications/Xcode.app/Contents/Developer/Platforms/iPhoneSimulator.platform/Developer/SDKs/iPhoneSimulator26.2.sdk -I /Users/filip/Library/Developer/Xcode/DerivedData/FridgeManager-cqwjywvxdxuliyanckgpjwbekvor/Build/Products/Debug-iphonesimulator -F /Users/filip/Library/Developer/Xcode/DerivedData/FridgeManager-cqwjywvxdxuliyanckgpjwbekvor/Build/Products/Debug-iphonesimulator -no-color-diagnostics -Xcc -fno-color-diagnostics -enable-testing -g -debug-info-format\=dwarf -dwarf-version\=5 -module-cache-path /Users/filip/Library/Developer/Xcode/DerivedData/FridgeManager-cqwjywvxdxuliyanckgpjwbekvor/Build/Intermediates.noindex/SwiftExplicitPrecompiledModules -profile-generate -profile-coverage-mapping -swift-version 5 -enforce-exclusivity\=checked -Onone -D DEBUG -serialize-debugging-options -const-gather-protocols-file /Users/filip/Library/Developer/Xcode/DerivedData/FridgeManager-cqwjywvxdxuliyanckgpjwbekvor/Build/Intermediates.noindex/FridgeManager.build/Debug-iphonesimulator/FridgeManager.build/Objects-normal/arm64/FridgeManager_const_extract_protocols.json -enable-upcoming-feature DisableOutwardActorInference -enable-upcoming-feature InferSendableFromCaptures -enable-upcoming-feature GlobalActorIsolatedTypesUsability -enable-upcoming-feature MemberImportVisibility -enable-upcoming-feature InferIsolatedConformances -enable-upcoming-feature NonisolatedNonsendingByDefault -enable-experimental-feature DebugDescriptionMacro -enable-bare-slash-regex -default-isolation\=MainActor -empty-abi-descriptor -validate-clang-modules-once -clang-build-session-file /Users/filip/Library/Developer/Xcode/DerivedData/ModuleCache.noindex/Session.modulevalidation -Xcc -working-directory -Xcc /Users/filip/Projects/FridgeManager/FridgeManager -enable-anonymous-context-mangled-names -file-compilation-dir /Users/filip/Projects/FridgeManager/FridgeManager -Xcc -D_LIBCPP_HARDENING_MODE\=_LIBCPP_HARDENING_MODE_DEBUG -Xcc -ivfsstatcache -Xcc /Users/filip/Library/Developer/Xcode/DerivedData/SDKStatCaches.noindex/iphonesimulator26.2-23C53-7d00a8b37fbd7999ea79df8ebc024bf0.sdkstatcache -Xcc -I/Users/filip/Library/Developer/Xcode/DerivedData/FridgeManager-cqwjywvxdxuliyanckgpjwbekvor/Build/Intermediates.noindex/FridgeManager.build/Debug-iphonesimulator/FridgeManager.build/swift-overrides.hmap -Xcc -iquote -Xcc /Users/filip/Library/Developer/Xcode/DerivedData/FridgeManager-cqwjywvxdxuliyanckgpjwbekvor/Build/Intermediates.noindex/FridgeManager.build/Debug-iphonesimulator/FridgeManager.build/FridgeManager-generated-files.hmap -Xcc -I/Users/filip/Library/Developer/Xcode/DerivedData/FridgeManager-cqwjywvxdxuliyanckgpjwbekvor/Build/Intermediates.noindex/FridgeManager.build/Debug-iphonesimulator/FridgeManager.build/FridgeManager-own-target-headers.hmap -Xcc -I/Users/filip/Library/Developer/Xcode/DerivedData/FridgeManager-cqwjywvxdxuliyanckgpjwbekvor/Build/Intermediates.noindex/FridgeManager.build/Debug-iphonesimulator/FridgeManager.build/FridgeManager-all-target-headers.hmap -Xcc -iquote -Xcc /Users/filip/Library/Developer/Xcode/DerivedData/FridgeManager-cqwjywvxdxuliyanckgpjwbekvor/Build/Intermediates.noindex/FridgeManager.build/Debug-iphonesimulator/FridgeManager.build/FridgeManager-project-headers.hmap -Xcc -I/Users/filip/Library/Developer/Xcode/DerivedData/FridgeManager-cqwjywvxdxuliyanckgpjwbekvor/Build/Products/Debug-iphonesimulator/include -Xcc -I/Users/filip/Library/Developer/Xcode/DerivedData/FridgeManager-cqwjywvxdxuliyanckgpjwbekvor/Build/Intermediates.noindex/FridgeManager.build/Debug-iphonesimulator/FridgeManager.build/DerivedSources-normal/arm64 -Xcc -I/Users/filip/Library/Developer/Xcode/DerivedData/FridgeManager-cqwjywvxdxuliyanckgpjwbekvor/Build/Intermediates.noindex/FridgeManager.build/Debug-iphonesimulator/FridgeManager.build/DerivedSources/arm64 -Xcc -I/Users/filip/Library/Developer/Xcode/DerivedData/FridgeManager-cqwjywvxdxuliyanckgpjwbekvor/Build/Intermediates.noindex/FridgeManager.build/Debug-iphonesimulator/FridgeManager.build/DerivedSources -Xcc -DDEBUG\=1 -no-auto-bridging-header-chaining -module-name FridgeManager -frontend-parseable-output -disable-clang-spi -target-sdk-version 26.2 -target-sdk-name iphonesimulator26.2 -clang-target arm64-apple-ios26.2-simulator -in-process-plugin-server-path /Applications/Xcode.app/Contents/Developer/Toolchains/XcodeDefault.xctoolchain/usr/lib/swift/host/libSwiftInProcPluginServer.dylib -o /Users/filip/Library/Developer/Xcode/DerivedData/FridgeManager-cqwjywvxdxuliyanckgpjwbekvor/Build/Intermediates.noindex/FridgeManager.build/Debug-iphonesimulator/FridgeManager.build/Objects-normal/arm64/ContentView.o -o /Users/filip/Library/Developer/Xcode/DerivedData/FridgeManager-cqwjywvxdxuliyanckgpjwbekvor/Build/Intermediates.noindex/FridgeManager.build/Debug-iphonesimulator/FridgeManager.build/Objects-normal/arm64/Drawer.o -index-unit-output-path /FridgeManager.build/Debug-iphonesimulator/FridgeManager.build/Objects-normal/arm64/ContentView.o -index-unit-output-path /FridgeManager.build/Debug-iphonesimulator/FridgeManager.build/Objects-normal/arm64/Drawer.o -index-store-path /Users/filip/Library/Developer/Xcode/DerivedData/FridgeManager-cqwjywvxdxuliyanckgpjwbekvor/Index.noindex/DataStore -index-system-modules
SwiftDriverJobDiscovery normal arm64 Compiling RootView.swift, Shelf.swift (in target 'FridgeManager' from project 'FridgeManager')

SwiftDriverJobDiscovery normal arm64 Emitting module for FridgeManager (in target 'FridgeManager' from project 'FridgeManager')

SwiftDriver\ Compilation\ Requirements FridgeManager normal arm64 com.apple.xcode.tools.swift.compiler (in target 'FridgeManager' from project 'FridgeManager')
    cd /Users/filip/Projects/FridgeManager/FridgeManager
    builtin-Swift-Compilation-Requirements -- /Applications/Xcode.app/Contents/Developer/Toolchains/XcodeDefault.xctoolchain/usr/bin/swiftc -module-name FridgeManager -Onone -enforce-exclusivity\=checked @/Users/filip/Library/Developer/Xcode/DerivedData/FridgeManager-cqwjywvxdxuliyanckgpjwbekvor/Build/Intermediates.noindex/FridgeManager.build/Debug-iphonesimulator/FridgeManager.build/Objects-normal/arm64/FridgeManager.SwiftFileList -DDEBUG -default-isolation\=MainActor -enable-bare-slash-regex -enable-upcoming-feature DisableOutwardActorInference -enable-upcoming-feature InferSendableFromCaptures -enable-upcoming-feature GlobalActorIsolatedTypesUsability -enable-upcoming-feature MemberImportVisibility -enable-upcoming-feature InferIsolatedConformances -enable-upcoming-feature NonisolatedNonsendingByDefault -enable-experimental-feature DebugDescriptionMacro -sdk /Applications/Xcode.app/Contents/Developer/Platforms/iPhoneSimulator.platform/Developer/SDKs/iPhoneSimulator26.2.sdk -target arm64-apple-ios26.2-simulator -g -module-cache-path /Users/filip/Library/Developer/Xcode/DerivedData/ModuleCache.noindex -Xfrontend -serialize-debugging-options -profile-coverage-mapping -profile-generate -enable-testing -index-store-path /Users/filip/Library/Developer/Xcode/DerivedData/FridgeManager-cqwjywvxdxuliyanckgpjwbekvor/Index.noindex/DataStore -Xcc -D_LIBCPP_HARDENING_MODE\=_LIBCPP_HARDENING_MODE_DEBUG -swift-version 5 -I /Users/filip/Library/Developer/Xcode/DerivedData/FridgeManager-cqwjywvxdxuliyanckgpjwbekvor/Build/Products/Debug-iphonesimulator -F /Users/filip/Library/Developer/Xcode/DerivedData/FridgeManager-cqwjywvxdxuliyanckgpjwbekvor/Build/Products/Debug-iphonesimulator -emit-localized-strings -emit-localized-strings-path /Users/filip/Library/Developer/Xcode/DerivedData/FridgeManager-cqwjywvxdxuliyanckgpjwbekvor/Build/Intermediates.noindex/FridgeManager.build/Debug-iphonesimulator/FridgeManager.build/Objects-normal/arm64 -c -j8 -enable-batch-mode -incremental -Xcc -ivfsstatcache -Xcc /Users/filip/Library/Developer/Xcode/DerivedData/SDKStatCaches.noindex/iphonesimulator26.2-23C53-7d00a8b37fbd7999ea79df8ebc024bf0.sdkstatcache -output-file-map /Users/filip/Library/Developer/Xcode/DerivedData/FridgeManager-cqwjywvxdxuliyanckgpjwbekvor/Build/Intermediates.noindex/FridgeManager.build/Debug-iphonesimulator/FridgeManager.build/Objects-normal/arm64/FridgeManager-OutputFileMap.json -use-frontend-parseable-output -save-temps -no-color-diagnostics -explicit-module-build -module-cache-path /Users/filip/Library/Developer/Xcode/DerivedData/FridgeManager-cqwjywvxdxuliyanckgpjwbekvor/Build/Intermediates.noindex/SwiftExplicitPrecompiledModules -clang-scanner-module-cache-path /Users/filip/Library/Developer/Xcode/DerivedData/ModuleCache.noindex -sdk-module-cache-path /Users/filip/Library/Developer/Xcode/DerivedData/ModuleCache.noindex -serialize-diagnostics -emit-dependencies -emit-module -emit-module-path /Users/filip/Library/Developer/Xcode/DerivedData/FridgeManager-cqwjywvxdxuliyanckgpjwbekvor/Build/Intermediates.noindex/FridgeManager.build/Debug-iphonesimulator/FridgeManager.build/Objects-normal/arm64/FridgeManager.swiftmodule -validate-clang-modules-once -clang-build-session-file /Users/filip/Library/Developer/Xcode/DerivedData/ModuleCache.noindex/Session.modulevalidation -Xcc -I/Users/filip/Library/Developer/Xcode/DerivedData/FridgeManager-cqwjywvxdxuliyanckgpjwbekvor/Build/Intermediates.noindex/FridgeManager.build/Debug-iphonesimulator/FridgeManager.build/swift-overrides.hmap -emit-const-values -Xfrontend -const-gather-protocols-file -Xfrontend /Users/filip/Library/Developer/Xcode/DerivedData/FridgeManager-cqwjywvxdxuliyanckgpjwbekvor/Build/Intermediates.noindex/FridgeManager.build/Debug-iphonesimulator/FridgeManager.build/Objects-normal/arm64/FridgeManager_const_extract_protocols.json -Xcc -iquote -Xcc /Users/filip/Library/Developer/Xcode/DerivedData/FridgeManager-cqwjywvxdxuliyanckgpjwbekvor/Build/Intermediates.noindex/FridgeManager.build/Debug-iphonesimulator/FridgeManager.build/FridgeManager-generated-files.hmap -Xcc -I/Users/filip/Library/Developer/Xcode/DerivedData/FridgeManager-cqwjywvxdxuliyanckgpjwbekvor/Build/Intermediates.noindex/FridgeManager.build/Debug-iphonesimulator/FridgeManager.build/FridgeManager-own-target-headers.hmap -Xcc -I/Users/filip/Library/Developer/Xcode/DerivedData/FridgeManager-cqwjywvxdxuliyanckgpjwbekvor/Build/Intermediates.noindex/FridgeManager.build/Debug-iphonesimulator/FridgeManager.build/FridgeManager-all-target-headers.hmap -Xcc -iquote -Xcc /Users/filip/Library/Developer/Xcode/DerivedData/FridgeManager-cqwjywvxdxuliyanckgpjwbekvor/Build/Intermediates.noindex/FridgeManager.build/Debug-iphonesimulator/FridgeManager.build/FridgeManager-project-headers.hmap -Xcc -I/Users/filip/Library/Developer/Xcode/DerivedData/FridgeManager-cqwjywvxdxuliyanckgpjwbekvor/Build/Products/Debug-iphonesimulator/include -Xcc -I/Users/filip/Library/Developer/Xcode/DerivedData/FridgeManager-cqwjywvxdxuliyanckgpjwbekvor/Build/Intermediates.noindex/FridgeManager.build/Debug-iphonesimulator/FridgeManager.build/DerivedSources-normal/arm64 -Xcc -I/Users/filip/Library/Developer/Xcode/DerivedData/FridgeManager-cqwjywvxdxuliyanckgpjwbekvor/Build/Intermediates.noindex/FridgeManager.build/Debug-iphonesimulator/FridgeManager.build/DerivedSources/arm64 -Xcc -I/Users/filip/Library/Developer/Xcode/DerivedData/FridgeManager-cqwjywvxdxuliyanckgpjwbekvor/Build/Intermediates.noindex/FridgeManager.build/Debug-iphonesimulator/FridgeManager.build/DerivedSources -Xcc -DDEBUG\=1 -emit-objc-header -emit-objc-header-path /Users/filip/Library/Developer/Xcode/DerivedData/FridgeManager-cqwjywvxdxuliyanckgpjwbekvor/Build/Intermediates.noindex/FridgeManager.build/Debug-iphonesimulator/FridgeManager.build/Objects-normal/arm64/FridgeManager-Swift.h -working-directory /Users/filip/Projects/FridgeManager/FridgeManager -experimental-emit-module-separately -disable-cmo

SwiftMergeGeneratedHeaders /Users/filip/Library/Developer/Xcode/DerivedData/FridgeManager-cqwjywvxdxuliyanckgpjwbekvor/Build/Intermediates.noindex/FridgeManager.build/Debug-iphonesimulator/FridgeManager.build/DerivedSources/FridgeManager-Swift.h /Users/filip/Library/Developer/Xcode/DerivedData/FridgeManager-cqwjywvxdxuliyanckgpjwbekvor/Build/Intermediates.noindex/FridgeManager.build/Debug-iphonesimulator/FridgeManager.build/Objects-normal/arm64/FridgeManager-Swift.h (in target 'FridgeManager' from project 'FridgeManager')
    cd /Users/filip/Projects/FridgeManager/FridgeManager
    builtin-swiftHeaderTool -arch arm64 /Users/filip/Library/Developer/Xcode/DerivedData/FridgeManager-cqwjywvxdxuliyanckgpjwbekvor/Build/Intermediates.noindex/FridgeManager.build/Debug-iphonesimulator/FridgeManager.build/Objects-normal/arm64/FridgeManager-Swift.h -o /Users/filip/Library/Developer/Xcode/DerivedData/FridgeManager-cqwjywvxdxuliyanckgpjwbekvor/Build/Intermediates.noindex/FridgeManager.build/Debug-iphonesimulator/FridgeManager.build/DerivedSources/FridgeManager-Swift.h

Copy /Users/filip/Library/Developer/Xcode/DerivedData/FridgeManager-cqwjywvxdxuliyanckgpjwbekvor/Build/Products/Debug-iphonesimulator/FridgeManager.swiftmodule/arm64-apple-ios-simulator.swiftmodule /Users/filip/Library/Developer/Xcode/DerivedData/FridgeManager-cqwjywvxdxuliyanckgpjwbekvor/Build/Intermediates.noindex/FridgeManager.build/Debug-iphonesimulator/FridgeManager.build/Objects-normal/arm64/FridgeManager.swiftmodule (in target 'FridgeManager' from project 'FridgeManager')
    cd /Users/filip/Projects/FridgeManager/FridgeManager
    builtin-copy -exclude .DS_Store -exclude CVS -exclude .svn -exclude .git -exclude .hg -resolve-src-symlinks -rename /Users/filip/Library/Developer/Xcode/DerivedData/FridgeManager-cqwjywvxdxuliyanckgpjwbekvor/Build/Intermediates.noindex/FridgeManager.build/Debug-iphonesimulator/FridgeManager.build/Objects-normal/arm64/FridgeManager.swiftmodule /Users/filip/Library/Developer/Xcode/DerivedData/FridgeManager-cqwjywvxdxuliyanckgpjwbekvor/Build/Products/Debug-iphonesimulator/FridgeManager.swiftmodule/arm64-apple-ios-simulator.swiftmodule

Copy /Users/filip/Library/Developer/Xcode/DerivedData/FridgeManager-cqwjywvxdxuliyanckgpjwbekvor/Build/Products/Debug-iphonesimulator/FridgeManager.swiftmodule/arm64-apple-ios-simulator.swiftdoc /Users/filip/Library/Developer/Xcode/DerivedData/FridgeManager-cqwjywvxdxuliyanckgpjwbekvor/Build/Intermediates.noindex/FridgeManager.build/Debug-iphonesimulator/FridgeManager.build/Objects-normal/arm64/FridgeManager.swiftdoc (in target 'FridgeManager' from project 'FridgeManager')
    cd /Users/filip/Projects/FridgeManager/FridgeManager
    builtin-copy -exclude .DS_Store -exclude CVS -exclude .svn -exclude .git -exclude .hg -resolve-src-symlinks -rename /Users/filip/Library/Developer/Xcode/DerivedData/FridgeManager-cqwjywvxdxuliyanckgpjwbekvor/Build/Intermediates.noindex/FridgeManager.build/Debug-iphonesimulator/FridgeManager.build/Objects-normal/arm64/FridgeManager.swiftdoc /Users/filip/Library/Developer/Xcode/DerivedData/FridgeManager-cqwjywvxdxuliyanckgpjwbekvor/Build/Products/Debug-iphonesimulator/FridgeManager.swiftmodule/arm64-apple-ios-simulator.swiftdoc

Copy /Users/filip/Library/Developer/Xcode/DerivedData/FridgeManager-cqwjywvxdxuliyanckgpjwbekvor/Build/Products/Debug-iphonesimulator/FridgeManager.swiftmodule/arm64-apple-ios-simulator.abi.json /Users/filip/Library/Developer/Xcode/DerivedData/FridgeManager-cqwjywvxdxuliyanckgpjwbekvor/Build/Intermediates.noindex/FridgeManager.build/Debug-iphonesimulator/FridgeManager.build/Objects-normal/arm64/FridgeManager.abi.json (in target 'FridgeManager' from project 'FridgeManager')
    cd /Users/filip/Projects/FridgeManager/FridgeManager
    builtin-copy -exclude .DS_Store -exclude CVS -exclude .svn -exclude .git -exclude .hg -resolve-src-symlinks -rename /Users/filip/Library/Developer/Xcode/DerivedData/FridgeManager-cqwjywvxdxuliyanckgpjwbekvor/Build/Intermediates.noindex/FridgeManager.build/Debug-iphonesimulator/FridgeManager.build/Objects-normal/arm64/FridgeManager.abi.json /Users/filip/Library/Developer/Xcode/DerivedData/FridgeManager-cqwjywvxdxuliyanckgpjwbekvor/Build/Products/Debug-iphonesimulator/FridgeManager.swiftmodule/arm64-apple-ios-simulator.abi.json

Copy /Users/filip/Library/Developer/Xcode/DerivedData/FridgeManager-cqwjywvxdxuliyanckgpjwbekvor/Build/Products/Debug-iphonesimulator/FridgeManager.swiftmodule/Project/arm64-apple-ios-simulator.swiftsourceinfo /Users/filip/Library/Developer/Xcode/DerivedData/FridgeManager-cqwjywvxdxuliyanckgpjwbekvor/Build/Intermediates.noindex/FridgeManager.build/Debug-iphonesimulator/FridgeManager.build/Objects-normal/arm64/FridgeManager.swiftsourceinfo (in target 'FridgeManager' from project 'FridgeManager')
    cd /Users/filip/Projects/FridgeManager/FridgeManager
    builtin-copy -exclude .DS_Store -exclude CVS -exclude .svn -exclude .git -exclude .hg -resolve-src-symlinks -rename /Users/filip/Library/Developer/Xcode/DerivedData/FridgeManager-cqwjywvxdxuliyanckgpjwbekvor/Build/Intermediates.noindex/FridgeManager.build/Debug-iphonesimulator/FridgeManager.build/Objects-normal/arm64/FridgeManager.swiftsourceinfo /Users/filip/Library/Developer/Xcode/DerivedData/FridgeManager-cqwjywvxdxuliyanckgpjwbekvor/Build/Products/Debug-iphonesimulator/FridgeManager.swiftmodule/Project/arm64-apple-ios-simulator.swiftsourceinfo

ProcessProductPackaging "" /Users/filip/Library/Developer/Xcode/DerivedData/FridgeManager-cqwjywvxdxuliyanckgpjwbekvor/Build/Intermediates.noindex/FridgeManager.build/Debug-iphonesimulator/FridgeManagerUITests.build/FridgeManagerUITests.xctest-Simulated.xcent (in target 'FridgeManagerUITests' from project 'FridgeManager')
    cd /Users/filip/Projects/FridgeManager/FridgeManager
    
    Entitlements:
    
    {
    "application-identifier" = "22L5CCVC3A.be.razor.FridgeManagerUITests.xctrunner";
    "keychain-access-groups" =     (
        "22L5CCVC3A.be.razor.FridgeManagerUITests.xctrunner"
    );
}
    
    builtin-productPackagingUtility -entitlements -format xml -o /Users/filip/Library/Developer/Xcode/DerivedData/FridgeManager-cqwjywvxdxuliyanckgpjwbekvor/Build/Intermediates.noindex/FridgeManager.build/Debug-iphonesimulator/FridgeManagerUITests.build/FridgeManagerUITests.xctest-Simulated.xcent

ProcessProductPackagingDER /Users/filip/Library/Developer/Xcode/DerivedData/FridgeManager-cqwjywvxdxuliyanckgpjwbekvor/Build/Intermediates.noindex/FridgeManager.build/Debug-iphonesimulator/FridgeManagerUITests.build/FridgeManagerUITests.xctest-Simulated.xcent /Users/filip/Library/Developer/Xcode/DerivedData/FridgeManager-cqwjywvxdxuliyanckgpjwbekvor/Build/Intermediates.noindex/FridgeManager.build/Debug-iphonesimulator/FridgeManagerUITests.build/FridgeManagerUITests.xctest-Simulated.xcent.der (in target 'FridgeManagerUITests' from project 'FridgeManager')
    cd /Users/filip/Projects/FridgeManager/FridgeManager
    /usr/bin/derq query -f xml -i /Users/filip/Library/Developer/Xcode/DerivedData/FridgeManager-cqwjywvxdxuliyanckgpjwbekvor/Build/Intermediates.noindex/FridgeManager.build/Debug-iphonesimulator/FridgeManagerUITests.build/FridgeManagerUITests.xctest-Simulated.xcent -o /Users/filip/Library/Developer/Xcode/DerivedData/FridgeManager-cqwjywvxdxuliyanckgpjwbekvor/Build/Intermediates.noindex/FridgeManager.build/Debug-iphonesimulator/FridgeManagerUITests.build/FridgeManagerUITests.xctest-Simulated.xcent.der --raw

SwiftDriver FridgeManagerTests normal arm64 com.apple.xcode.tools.swift.compiler (in target 'FridgeManagerTests' from project 'FridgeManager')
    cd /Users/filip/Projects/FridgeManager/FridgeManager
    builtin-SwiftDriver -- /Applications/Xcode.app/Contents/Developer/Toolchains/XcodeDefault.xctoolchain/usr/bin/swiftc -module-name FridgeManagerTests -Onone -enforce-exclusivity\=checked @/Users/filip/Library/Developer/Xcode/DerivedData/FridgeManager-cqwjywvxdxuliyanckgpjwbekvor/Build/Intermediates.noindex/FridgeManager.build/Debug-iphonesimulator/FridgeManagerTests.build/Objects-normal/arm64/FridgeManagerTests.SwiftFileList -DDEBUG -plugin-path /Applications/Xcode.app/Contents/Developer/Toolchains/XcodeDefault.xctoolchain/usr/lib/swift/host/plugins/testing -enable-bare-slash-regex -enable-upcoming-feature DisableOutwardActorInference -enable-upcoming-feature InferSendableFromCaptures -enable-upcoming-feature GlobalActorIsolatedTypesUsability -enable-upcoming-feature MemberImportVisibility -enable-upcoming-feature InferIsolatedConformances -enable-upcoming-feature NonisolatedNonsendingByDefault -enable-experimental-feature DebugDescriptionMacro -sdk /Applications/Xcode.app/Contents/Developer/Platforms/iPhoneSimulator.platform/Developer/SDKs/iPhoneSimulator26.2.sdk -target arm64-apple-ios26.2-simulator -g -module-cache-path /Users/filip/Library/Developer/Xcode/DerivedData/ModuleCache.noindex -Xfrontend -serialize-debugging-options -profile-coverage-mapping -profile-generate -enable-testing -index-store-path /Users/filip/Library/Developer/Xcode/DerivedData/FridgeManager-cqwjywvxdxuliyanckgpjwbekvor/Index.noindex/DataStore -Xcc -D_LIBCPP_HARDENING_MODE\=_LIBCPP_HARDENING_MODE_DEBUG -swift-version 5 -I /Users/filip/Library/Developer/Xcode/DerivedData/FridgeManager-cqwjywvxdxuliyanckgpjwbekvor/Build/Products/Debug-iphonesimulator -Isystem /Applications/Xcode.app/Contents/Developer/Platforms/iPhoneSimulator.platform/Developer/usr/lib -F /Users/filip/Library/Developer/Xcode/DerivedData/FridgeManager-cqwjywvxdxuliyanckgpjwbekvor/Build/Products/Debug-iphonesimulator -F /Applications/Xcode.app/Contents/Developer/Platforms/iPhoneSimulator.platform/Developer/Library/Frameworks -F /Applications/Xcode.app/Contents/Developer/Platforms/iPhoneSimulator.platform/Developer/SDKs/iPhoneSimulator26.2.sdk/Developer/Library/Frameworks -c -j8 -enable-batch-mode -incremental -Xcc -ivfsstatcache -Xcc /Users/filip/Library/Developer/Xcode/DerivedData/SDKStatCaches.noindex/iphonesimulator26.2-23C53-7d00a8b37fbd7999ea79df8ebc024bf0.sdkstatcache -output-file-map /Users/filip/Library/Developer/Xcode/DerivedData/FridgeManager-cqwjywvxdxuliyanckgpjwbekvor/Build/Intermediates.noindex/FridgeManager.build/Debug-iphonesimulator/FridgeManagerTests.build/Objects-normal/arm64/FridgeManagerTests-OutputFileMap.json -use-frontend-parseable-output -save-temps -no-color-diagnostics -explicit-module-build -module-cache-path /Users/filip/Library/Developer/Xcode/DerivedData/FridgeManager-cqwjywvxdxuliyanckgpjwbekvor/Build/Intermediates.noindex/SwiftExplicitPrecompiledModules -clang-scanner-module-cache-path /Users/filip/Library/Developer/Xcode/DerivedData/ModuleCache.noindex -sdk-module-cache-path /Users/filip/Library/Developer/Xcode/DerivedData/ModuleCache.noindex -serialize-diagnostics -emit-dependencies -emit-module -emit-module-path /Users/filip/Library/Developer/Xcode/DerivedData/FridgeManager-cqwjywvxdxuliyanckgpjwbekvor/Build/Intermediates.noindex/FridgeManager.build/Debug-iphonesimulator/FridgeManagerTests.build/Objects-normal/arm64/FridgeManagerTests.swiftmodule -validate-clang-modules-once -clang-build-session-file /Users/filip/Library/Developer/Xcode/DerivedData/ModuleCache.noindex/Session.modulevalidation -Xcc -I/Users/filip/Library/Developer/Xcode/DerivedData/FridgeManager-cqwjywvxdxuliyanckgpjwbekvor/Build/Intermediates.noindex/FridgeManager.build/Debug-iphonesimulator/FridgeManagerTests.build/swift-overrides.hmap -emit-const-values -Xfrontend -const-gather-protocols-file -Xfrontend /Users/filip/Library/Developer/Xcode/DerivedData/FridgeManager-cqwjywvxdxuliyanckgpjwbekvor/Build/Intermediates.noindex/FridgeManager.build/Debug-iphonesimulator/FridgeManagerTests.build/Objects-normal/arm64/FridgeManagerTests_const_extract_protocols.json -Xcc -iquote -Xcc /Users/filip/Library/Developer/Xcode/DerivedData/FridgeManager-cqwjywvxdxuliyanckgpjwbekvor/Build/Intermediates.noindex/FridgeManager.build/Debug-iphonesimulator/FridgeManagerTests.build/FridgeManagerTests-generated-files.hmap -Xcc -I/Users/filip/Library/Developer/Xcode/DerivedData/FridgeManager-cqwjywvxdxuliyanckgpjwbekvor/Build/Intermediates.noindex/FridgeManager.build/Debug-iphonesimulator/FridgeManagerTests.build/FridgeManagerTests-own-target-headers.hmap -Xcc -I/Users/filip/Library/Developer/Xcode/DerivedData/FridgeManager-cqwjywvxdxuliyanckgpjwbekvor/Build/Intermediates.noindex/FridgeManager.build/Debug-iphonesimulator/FridgeManagerTests.build/FridgeManagerTests-all-target-headers.hmap -Xcc -iquote -Xcc /Users/filip/Library/Developer/Xcode/DerivedData/FridgeManager-cqwjywvxdxuliyanckgpjwbekvor/Build/Intermediates.noindex/FridgeManager.build/Debug-iphonesimulator/FridgeManagerTests.build/FridgeManagerTests-project-headers.hmap -Xcc -I/Users/filip/Library/Developer/Xcode/DerivedData/FridgeManager-cqwjywvxdxuliyanckgpjwbekvor/Build/Products/Debug-iphonesimulator/include -Xcc -I/Users/filip/Library/Developer/Xcode/DerivedData/FridgeManager-cqwjywvxdxuliyanckgpjwbekvor/Build/Intermediates.noindex/FridgeManager.build/Debug-iphonesimulator/FridgeManagerTests.build/DerivedSources-normal/arm64 -Xcc -I/Users/filip/Library/Developer/Xcode/DerivedData/FridgeManager-cqwjywvxdxuliyanckgpjwbekvor/Build/Intermediates.noindex/FridgeManager.build/Debug-iphonesimulator/FridgeManagerTests.build/DerivedSources/arm64 -Xcc -I/Users/filip/Library/Developer/Xcode/DerivedData/FridgeManager-cqwjywvxdxuliyanckgpjwbekvor/Build/Intermediates.noindex/FridgeManager.build/Debug-iphonesimulator/FridgeManagerTests.build/DerivedSources -Xcc -DDEBUG\=1 -emit-objc-header -emit-objc-header-path /Users/filip/Library/Developer/Xcode/DerivedData/FridgeManager-cqwjywvxdxuliyanckgpjwbekvor/Build/Intermediates.noindex/FridgeManager.build/Debug-iphonesimulator/FridgeManagerTests.build/Objects-normal/arm64/FridgeManagerTests-Swift.h -working-directory /Users/filip/Projects/FridgeManager/FridgeManager -experimental-emit-module-separately -disable-cmo

SwiftDriver FridgeManagerUITests normal arm64 com.apple.xcode.tools.swift.compiler (in target 'FridgeManagerUITests' from project 'FridgeManager')
    cd /Users/filip/Projects/FridgeManager/FridgeManager
    builtin-SwiftDriver -- /Applications/Xcode.app/Contents/Developer/Toolchains/XcodeDefault.xctoolchain/usr/bin/swiftc -module-name FridgeManagerUITests -Onone -enforce-exclusivity\=checked @/Users/filip/Library/Developer/Xcode/DerivedData/FridgeManager-cqwjywvxdxuliyanckgpjwbekvor/Build/Intermediates.noindex/FridgeManager.build/Debug-iphonesimulator/FridgeManagerUITests.build/Objects-normal/arm64/FridgeManagerUITests.SwiftFileList -DDEBUG -module-alias Testing\=_Testing_Unavailable -plugin-path /Applications/Xcode.app/Contents/Developer/Toolchains/XcodeDefault.xctoolchain/usr/lib/swift/host/plugins/testing -enable-bare-slash-regex -enable-upcoming-feature DisableOutwardActorInference -enable-upcoming-feature InferSendableFromCaptures -enable-upcoming-feature GlobalActorIsolatedTypesUsability -enable-upcoming-feature MemberImportVisibility -enable-upcoming-feature InferIsolatedConformances -enable-upcoming-feature NonisolatedNonsendingByDefault -enable-experimental-feature DebugDescriptionMacro -sdk /Applications/Xcode.app/Contents/Developer/Platforms/iPhoneSimulator.platform/Developer/SDKs/iPhoneSimulator26.2.sdk -target arm64-apple-ios26.2-simulator -g -module-cache-path /Users/filip/Library/Developer/Xcode/DerivedData/ModuleCache.noindex -Xfrontend -serialize-debugging-options -profile-coverage-mapping -profile-generate -enable-testing -index-store-path /Users/filip/Library/Developer/Xcode/DerivedData/FridgeManager-cqwjywvxdxuliyanckgpjwbekvor/Index.noindex/DataStore -Xcc -D_LIBCPP_HARDENING_MODE\=_LIBCPP_HARDENING_MODE_DEBUG -swift-version 5 -I /Users/filip/Library/Developer/Xcode/DerivedData/FridgeManager-cqwjywvxdxuliyanckgpjwbekvor/Build/Products/Debug-iphonesimulator -Isystem /Applications/Xcode.app/Contents/Developer/Platforms/iPhoneSimulator.platform/Developer/usr/lib -F /Users/filip/Library/Developer/Xcode/DerivedData/FridgeManager-cqwjywvxdxuliyanckgpjwbekvor/Build/Products/Debug-iphonesimulator -F /Applications/Xcode.app/Contents/Developer/Platforms/iPhoneSimulator.platform/Developer/Library/Frameworks -F /Applications/Xcode.app/Contents/Developer/Platforms/iPhoneSimulator.platform/Developer/SDKs/iPhoneSimulator26.2.sdk/Developer/Library/Frameworks -c -j8 -enable-batch-mode -incremental -Xcc -ivfsstatcache -Xcc /Users/filip/Library/Developer/Xcode/DerivedData/SDKStatCaches.noindex/iphonesimulator26.2-23C53-7d00a8b37fbd7999ea79df8ebc024bf0.sdkstatcache -output-file-map /Users/filip/Library/Developer/Xcode/DerivedData/FridgeManager-cqwjywvxdxuliyanckgpjwbekvor/Build/Intermediates.noindex/FridgeManager.build/Debug-iphonesimulator/FridgeManagerUITests.build/Objects-normal/arm64/FridgeManagerUITests-OutputFileMap.json -use-frontend-parseable-output -save-temps -no-color-diagnostics -explicit-module-build -module-cache-path /Users/filip/Library/Developer/Xcode/DerivedData/FridgeManager-cqwjywvxdxuliyanckgpjwbekvor/Build/Intermediates.noindex/SwiftExplicitPrecompiledModules -clang-scanner-module-cache-path /Users/filip/Library/Developer/Xcode/DerivedData/ModuleCache.noindex -sdk-module-cache-path /Users/filip/Library/Developer/Xcode/DerivedData/ModuleCache.noindex -serialize-diagnostics -emit-dependencies -emit-module -emit-module-path /Users/filip/Library/Developer/Xcode/DerivedData/FridgeManager-cqwjywvxdxuliyanckgpjwbekvor/Build/Intermediates.noindex/FridgeManager.build/Debug-iphonesimulator/FridgeManagerUITests.build/Objects-normal/arm64/FridgeManagerUITests.swiftmodule -validate-clang-modules-once -clang-build-session-file /Users/filip/Library/Developer/Xcode/DerivedData/ModuleCache.noindex/Session.modulevalidation -Xcc -I/Users/filip/Library/Developer/Xcode/DerivedData/FridgeManager-cqwjywvxdxuliyanckgpjwbekvor/Build/Intermediates.noindex/FridgeManager.build/Debug-iphonesimulator/FridgeManagerUITests.build/swift-overrides.hmap -emit-const-values -Xfrontend -const-gather-protocols-file -Xfrontend /Users/filip/Library/Developer/Xcode/DerivedData/FridgeManager-cqwjywvxdxuliyanckgpjwbekvor/Build/Intermediates.noindex/FridgeManager.build/Debug-iphonesimulator/FridgeManagerUITests.build/Objects-normal/arm64/FridgeManagerUITests_const_extract_protocols.json -Xcc -iquote -Xcc /Users/filip/Library/Developer/Xcode/DerivedData/FridgeManager-cqwjywvxdxuliyanckgpjwbekvor/Build/Intermediates.noindex/FridgeManager.build/Debug-iphonesimulator/FridgeManagerUITests.build/FridgeManagerUITests-generated-files.hmap -Xcc -I/Users/filip/Library/Developer/Xcode/DerivedData/FridgeManager-cqwjywvxdxuliyanckgpjwbekvor/Build/Intermediates.noindex/FridgeManager.build/Debug-iphonesimulator/FridgeManagerUITests.build/FridgeManagerUITests-own-target-headers.hmap -Xcc -I/Users/filip/Library/Developer/Xcode/DerivedData/FridgeManager-cqwjywvxdxuliyanckgpjwbekvor/Build/Intermediates.noindex/FridgeManager.build/Debug-iphonesimulator/FridgeManagerUITests.build/FridgeManagerUITests-all-target-headers.hmap -Xcc -iquote -Xcc /Users/filip/Library/Developer/Xcode/DerivedData/FridgeManager-cqwjywvxdxuliyanckgpjwbekvor/Build/Intermediates.noindex/FridgeManager.build/Debug-iphonesimulator/FridgeManagerUITests.build/FridgeManagerUITests-project-headers.hmap -Xcc -I/Users/filip/Library/Developer/Xcode/DerivedData/FridgeManager-cqwjywvxdxuliyanckgpjwbekvor/Build/Products/Debug-iphonesimulator/include -Xcc -I/Users/filip/Library/Developer/Xcode/DerivedData/FridgeManager-cqwjywvxdxuliyanckgpjwbekvor/Build/Intermediates.noindex/FridgeManager.build/Debug-iphonesimulator/FridgeManagerUITests.build/DerivedSources-normal/arm64 -Xcc -I/Users/filip/Library/Developer/Xcode/DerivedData/FridgeManager-cqwjywvxdxuliyanckgpjwbekvor/Build/Intermediates.noindex/FridgeManager.build/Debug-iphonesimulator/FridgeManagerUITests.build/DerivedSources/arm64 -Xcc -I/Users/filip/Library/Developer/Xcode/DerivedData/FridgeManager-cqwjywvxdxuliyanckgpjwbekvor/Build/Intermediates.noindex/FridgeManager.build/Debug-iphonesimulator/FridgeManagerUITests.build/DerivedSources -Xcc -DDEBUG\=1 -emit-objc-header -emit-objc-header-path /Users/filip/Library/Developer/Xcode/DerivedData/FridgeManager-cqwjywvxdxuliyanckgpjwbekvor/Build/Intermediates.noindex/FridgeManager.build/Debug-iphonesimulator/FridgeManagerUITests.build/Objects-normal/arm64/FridgeManagerUITests-Swift.h -working-directory /Users/filip/Projects/FridgeManager/FridgeManager -experimental-emit-module-separately -disable-cmo

SwiftDriverJobDiscovery normal arm64 Compiling AboutView.swift, AppLogoView.swift (in target 'FridgeManager' from project 'FridgeManager')

SwiftDriverJobDiscovery normal arm64 Compiling SplashView.swift (in target 'FridgeManager' from project 'FridgeManager')

SwiftDriverJobDiscovery normal arm64 Compiling FridgeItem.swift, FridgeManagerApp.swift (in target 'FridgeManager' from project 'FridgeManager')

SwiftExplicitDependencyGeneratePcm arm64 /Users/filip/Library/Developer/Xcode/DerivedData/FridgeManager-cqwjywvxdxuliyanckgpjwbekvor/Build/Intermediates.noindex/SwiftExplicitPrecompiledModules/XCUIAutomation-5VWHEL7ODXP8JFKDLPDF3PT1J.pcm

SwiftExplicitDependencyCompileModuleFromInterface arm64 /Users/filip/Library/Developer/Xcode/DerivedData/FridgeManager-cqwjywvxdxuliyanckgpjwbekvor/Build/Intermediates.noindex/SwiftExplicitPrecompiledModules/XCUIAutomation-1XKQZHBUQNU22.swiftmodule

SwiftExplicitDependencyGeneratePcm arm64 /Users/filip/Library/Developer/Xcode/DerivedData/FridgeManager-cqwjywvxdxuliyanckgpjwbekvor/Build/Intermediates.noindex/SwiftExplicitPrecompiledModules/XCTest-2BHY0KRM0CDI8ZDWGYWUTZST0.pcm

SwiftExplicitDependencyCompileModuleFromInterface arm64 /Users/filip/Library/Developer/Xcode/DerivedData/FridgeManager-cqwjywvxdxuliyanckgpjwbekvor/Build/Intermediates.noindex/SwiftExplicitPrecompiledModules/XCTest-1024C4YUQ4XL.swiftmodule

SwiftEmitModule normal arm64 Emitting\ module\ for\ FridgeManagerTests (in target 'FridgeManagerTests' from project 'FridgeManager')

EmitSwiftModule normal arm64 (in target 'FridgeManagerTests' from project 'FridgeManager')
    cd /Users/filip/Projects/FridgeManager/FridgeManager
    

SwiftCompile normal arm64 Compiling\ FridgeItemTests.swift /Users/filip/Projects/FridgeManager/FridgeManager/FridgeManagerTests/FridgeItemTests.swift (in target 'FridgeManagerTests' from project 'FridgeManager')

SwiftCompile normal arm64 /Users/filip/Projects/FridgeManager/FridgeManager/FridgeManagerTests/FridgeItemTests.swift (in target 'FridgeManagerTests' from project 'FridgeManager')
    cd /Users/filip/Projects/FridgeManager/FridgeManager
    

SwiftCompile normal arm64 Compiling\ FridgeManagerUITests.swift /Users/filip/Projects/FridgeManager/FridgeManager/FridgeManagerUITests/FridgeManagerUITests.swift (in target 'FridgeManagerUITests' from project 'FridgeManager')

SwiftCompile normal arm64 /Users/filip/Projects/FridgeManager/FridgeManager/FridgeManagerUITests/FridgeManagerUITests.swift (in target 'FridgeManagerUITests' from project 'FridgeManager')
    cd /Users/filip/Projects/FridgeManager/FridgeManager
    

SwiftEmitModule normal arm64 Emitting\ module\ for\ FridgeManagerUITests (in target 'FridgeManagerUITests' from project 'FridgeManager')

EmitSwiftModule normal arm64 (in target 'FridgeManagerUITests' from project 'FridgeManager')
    cd /Users/filip/Projects/FridgeManager/FridgeManager
    

SwiftCompile normal arm64 Compiling\ FridgeManagerUITestsLaunchTests.swift /Users/filip/Projects/FridgeManager/FridgeManager/FridgeManagerUITests/FridgeManagerUITestsLaunchTests.swift (in target 'FridgeManagerUITests' from project 'FridgeManager')

SwiftCompile normal arm64 /Users/filip/Projects/FridgeManager/FridgeManager/FridgeManagerUITests/FridgeManagerUITestsLaunchTests.swift (in target 'FridgeManagerUITests' from project 'FridgeManager')
    cd /Users/filip/Projects/FridgeManager/FridgeManager
    

SwiftDriverJobDiscovery normal arm64 Emitting module for FridgeManagerUITests (in target 'FridgeManagerUITests' from project 'FridgeManager')

SwiftDriver\ Compilation\ Requirements FridgeManagerUITests normal arm64 com.apple.xcode.tools.swift.compiler (in target 'FridgeManagerUITests' from project 'FridgeManager')
    cd /Users/filip/Projects/FridgeManager/FridgeManager
    builtin-Swift-Compilation-Requirements -- /Applications/Xcode.app/Contents/Developer/Toolchains/XcodeDefault.xctoolchain/usr/bin/swiftc -module-name FridgeManagerUITests -Onone -enforce-exclusivity\=checked @/Users/filip/Library/Developer/Xcode/DerivedData/FridgeManager-cqwjywvxdxuliyanckgpjwbekvor/Build/Intermediates.noindex/FridgeManager.build/Debug-iphonesimulator/FridgeManagerUITests.build/Objects-normal/arm64/FridgeManagerUITests.SwiftFileList -DDEBUG -module-alias Testing\=_Testing_Unavailable -plugin-path /Applications/Xcode.app/Contents/Developer/Toolchains/XcodeDefault.xctoolchain/usr/lib/swift/host/plugins/testing -enable-bare-slash-regex -enable-upcoming-feature DisableOutwardActorInference -enable-upcoming-feature InferSendableFromCaptures -enable-upcoming-feature GlobalActorIsolatedTypesUsability -enable-upcoming-feature MemberImportVisibility -enable-upcoming-feature InferIsolatedConformances -enable-upcoming-feature NonisolatedNonsendingByDefault -enable-experimental-feature DebugDescriptionMacro -sdk /Applications/Xcode.app/Contents/Developer/Platforms/iPhoneSimulator.platform/Developer/SDKs/iPhoneSimulator26.2.sdk -target arm64-apple-ios26.2-simulator -g -module-cache-path /Users/filip/Library/Developer/Xcode/DerivedData/ModuleCache.noindex -Xfrontend -serialize-debugging-options -profile-coverage-mapping -profile-generate -enable-testing -index-store-path /Users/filip/Library/Developer/Xcode/DerivedData/FridgeManager-cqwjywvxdxuliyanckgpjwbekvor/Index.noindex/DataStore -Xcc -D_LIBCPP_HARDENING_MODE\=_LIBCPP_HARDENING_MODE_DEBUG -swift-version 5 -I /Users/filip/Library/Developer/Xcode/DerivedData/FridgeManager-cqwjywvxdxuliyanckgpjwbekvor/Build/Products/Debug-iphonesimulator -Isystem /Applications/Xcode.app/Contents/Developer/Platforms/iPhoneSimulator.platform/Developer/usr/lib -F /Users/filip/Library/Developer/Xcode/DerivedData/FridgeManager-cqwjywvxdxuliyanckgpjwbekvor/Build/Products/Debug-iphonesimulator -F /Applications/Xcode.app/Contents/Developer/Platforms/iPhoneSimulator.platform/Developer/Library/Frameworks -F /Applications/Xcode.app/Contents/Developer/Platforms/iPhoneSimulator.platform/Developer/SDKs/iPhoneSimulator26.2.sdk/Developer/Library/Frameworks -c -j8 -enable-batch-mode -incremental -Xcc -ivfsstatcache -Xcc /Users/filip/Library/Developer/Xcode/DerivedData/SDKStatCaches.noindex/iphonesimulator26.2-23C53-7d00a8b37fbd7999ea79df8ebc024bf0.sdkstatcache -output-file-map /Users/filip/Library/Developer/Xcode/DerivedData/FridgeManager-cqwjywvxdxuliyanckgpjwbekvor/Build/Intermediates.noindex/FridgeManager.build/Debug-iphonesimulator/FridgeManagerUITests.build/Objects-normal/arm64/FridgeManagerUITests-OutputFileMap.json -use-frontend-parseable-output -save-temps -no-color-diagnostics -explicit-module-build -module-cache-path /Users/filip/Library/Developer/Xcode/DerivedData/FridgeManager-cqwjywvxdxuliyanckgpjwbekvor/Build/Intermediates.noindex/SwiftExplicitPrecompiledModules -clang-scanner-module-cache-path /Users/filip/Library/Developer/Xcode/DerivedData/ModuleCache.noindex -sdk-module-cache-path /Users/filip/Library/Developer/Xcode/DerivedData/ModuleCache.noindex -serialize-diagnostics -emit-dependencies -emit-module -emit-module-path /Users/filip/Library/Developer/Xcode/DerivedData/FridgeManager-cqwjywvxdxuliyanckgpjwbekvor/Build/Intermediates.noindex/FridgeManager.build/Debug-iphonesimulator/FridgeManagerUITests.build/Objects-normal/arm64/FridgeManagerUITests.swiftmodule -validate-clang-modules-once -clang-build-session-file /Users/filip/Library/Developer/Xcode/DerivedData/ModuleCache.noindex/Session.modulevalidation -Xcc -I/Users/filip/Library/Developer/Xcode/DerivedData/FridgeManager-cqwjywvxdxuliyanckgpjwbekvor/Build/Intermediates.noindex/FridgeManager.build/Debug-iphonesimulator/FridgeManagerUITests.build/swift-overrides.hmap -emit-const-values -Xfrontend -const-gather-protocols-file -Xfrontend /Users/filip/Library/Developer/Xcode/DerivedData/FridgeManager-cqwjywvxdxuliyanckgpjwbekvor/Build/Intermediates.noindex/FridgeManager.build/Debug-iphonesimulator/FridgeManagerUITests.build/Objects-normal/arm64/FridgeManagerUITests_const_extract_protocols.json -Xcc -iquote -Xcc /Users/filip/Library/Developer/Xcode/DerivedData/FridgeManager-cqwjywvxdxuliyanckgpjwbekvor/Build/Intermediates.noindex/FridgeManager.build/Debug-iphonesimulator/FridgeManagerUITests.build/FridgeManagerUITests-generated-files.hmap -Xcc -I/Users/filip/Library/Developer/Xcode/DerivedData/FridgeManager-cqwjywvxdxuliyanckgpjwbekvor/Build/Intermediates.noindex/FridgeManager.build/Debug-iphonesimulator/FridgeManagerUITests.build/FridgeManagerUITests-own-target-headers.hmap -Xcc -I/Users/filip/Library/Developer/Xcode/DerivedData/FridgeManager-cqwjywvxdxuliyanckgpjwbekvor/Build/Intermediates.noindex/FridgeManager.build/Debug-iphonesimulator/FridgeManagerUITests.build/FridgeManagerUITests-all-target-headers.hmap -Xcc -iquote -Xcc /Users/filip/Library/Developer/Xcode/DerivedData/FridgeManager-cqwjywvxdxuliyanckgpjwbekvor/Build/Intermediates.noindex/FridgeManager.build/Debug-iphonesimulator/FridgeManagerUITests.build/FridgeManagerUITests-project-headers.hmap -Xcc -I/Users/filip/Library/Developer/Xcode/DerivedData/FridgeManager-cqwjywvxdxuliyanckgpjwbekvor/Build/Products/Debug-iphonesimulator/include -Xcc -I/Users/filip/Library/Developer/Xcode/DerivedData/FridgeManager-cqwjywvxdxuliyanckgpjwbekvor/Build/Intermediates.noindex/FridgeManager.build/Debug-iphonesimulator/FridgeManagerUITests.build/DerivedSources-normal/arm64 -Xcc -I/Users/filip/Library/Developer/Xcode/DerivedData/FridgeManager-cqwjywvxdxuliyanckgpjwbekvor/Build/Intermediates.noindex/FridgeManager.build/Debug-iphonesimulator/FridgeManagerUITests.build/DerivedSources/arm64 -Xcc -I/Users/filip/Library/Developer/Xcode/DerivedData/FridgeManager-cqwjywvxdxuliyanckgpjwbekvor/Build/Intermediates.noindex/FridgeManager.build/Debug-iphonesimulator/FridgeManagerUITests.build/DerivedSources -Xcc -DDEBUG\=1 -emit-objc-header -emit-objc-header-path /Users/filip/Library/Developer/Xcode/DerivedData/FridgeManager-cqwjywvxdxuliyanckgpjwbekvor/Build/Intermediates.noindex/FridgeManager.build/Debug-iphonesimulator/FridgeManagerUITests.build/Objects-normal/arm64/FridgeManagerUITests-Swift.h -working-directory /Users/filip/Projects/FridgeManager/FridgeManager -experimental-emit-module-separately -disable-cmo

SwiftDriverJobDiscovery normal arm64 Emitting module for FridgeManagerTests (in target 'FridgeManagerTests' from project 'FridgeManager')

SwiftDriver\ Compilation\ Requirements FridgeManagerTests normal arm64 com.apple.xcode.tools.swift.compiler (in target 'FridgeManagerTests' from project 'FridgeManager')
    cd /Users/filip/Projects/FridgeManager/FridgeManager
    builtin-Swift-Compilation-Requirements -- /Applications/Xcode.app/Contents/Developer/Toolchains/XcodeDefault.xctoolchain/usr/bin/swiftc -module-name FridgeManagerTests -Onone -enforce-exclusivity\=checked @/Users/filip/Library/Developer/Xcode/DerivedData/FridgeManager-cqwjywvxdxuliyanckgpjwbekvor/Build/Intermediates.noindex/FridgeManager.build/Debug-iphonesimulator/FridgeManagerTests.build/Objects-normal/arm64/FridgeManagerTests.SwiftFileList -DDEBUG -plugin-path /Applications/Xcode.app/Contents/Developer/Toolchains/XcodeDefault.xctoolchain/usr/lib/swift/host/plugins/testing -enable-bare-slash-regex -enable-upcoming-feature DisableOutwardActorInference -enable-upcoming-feature InferSendableFromCaptures -enable-upcoming-feature GlobalActorIsolatedTypesUsability -enable-upcoming-feature MemberImportVisibility -enable-upcoming-feature InferIsolatedConformances -enable-upcoming-feature NonisolatedNonsendingByDefault -enable-experimental-feature DebugDescriptionMacro -sdk /Applications/Xcode.app/Contents/Developer/Platforms/iPhoneSimulator.platform/Developer/SDKs/iPhoneSimulator26.2.sdk -target arm64-apple-ios26.2-simulator -g -module-cache-path /Users/filip/Library/Developer/Xcode/DerivedData/ModuleCache.noindex -Xfrontend -serialize-debugging-options -profile-coverage-mapping -profile-generate -enable-testing -index-store-path /Users/filip/Library/Developer/Xcode/DerivedData/FridgeManager-cqwjywvxdxuliyanckgpjwbekvor/Index.noindex/DataStore -Xcc -D_LIBCPP_HARDENING_MODE\=_LIBCPP_HARDENING_MODE_DEBUG -swift-version 5 -I /Users/filip/Library/Developer/Xcode/DerivedData/FridgeManager-cqwjywvxdxuliyanckgpjwbekvor/Build/Products/Debug-iphonesimulator -Isystem /Applications/Xcode.app/Contents/Developer/Platforms/iPhoneSimulator.platform/Developer/usr/lib -F /Users/filip/Library/Developer/Xcode/DerivedData/FridgeManager-cqwjywvxdxuliyanckgpjwbekvor/Build/Products/Debug-iphonesimulator -F /Applications/Xcode.app/Contents/Developer/Platforms/iPhoneSimulator.platform/Developer/Library/Frameworks -F /Applications/Xcode.app/Contents/Developer/Platforms/iPhoneSimulator.platform/Developer/SDKs/iPhoneSimulator26.2.sdk/Developer/Library/Frameworks -c -j8 -enable-batch-mode -incremental -Xcc -ivfsstatcache -Xcc /Users/filip/Library/Developer/Xcode/DerivedData/SDKStatCaches.noindex/iphonesimulator26.2-23C53-7d00a8b37fbd7999ea79df8ebc024bf0.sdkstatcache -output-file-map /Users/filip/Library/Developer/Xcode/DerivedData/FridgeManager-cqwjywvxdxuliyanckgpjwbekvor/Build/Intermediates.noindex/FridgeManager.build/Debug-iphonesimulator/FridgeManagerTests.build/Objects-normal/arm64/FridgeManagerTests-OutputFileMap.json -use-frontend-parseable-output -save-temps -no-color-diagnostics -explicit-module-build -module-cache-path /Users/filip/Library/Developer/Xcode/DerivedData/FridgeManager-cqwjywvxdxuliyanckgpjwbekvor/Build/Intermediates.noindex/SwiftExplicitPrecompiledModules -clang-scanner-module-cache-path /Users/filip/Library/Developer/Xcode/DerivedData/ModuleCache.noindex -sdk-module-cache-path /Users/filip/Library/Developer/Xcode/DerivedData/ModuleCache.noindex -serialize-diagnostics -emit-dependencies -emit-module -emit-module-path /Users/filip/Library/Developer/Xcode/DerivedData/FridgeManager-cqwjywvxdxuliyanckgpjwbekvor/Build/Intermediates.noindex/FridgeManager.build/Debug-iphonesimulator/FridgeManagerTests.build/Objects-normal/arm64/FridgeManagerTests.swiftmodule -validate-clang-modules-once -clang-build-session-file /Users/filip/Library/Developer/Xcode/DerivedData/ModuleCache.noindex/Session.modulevalidation -Xcc -I/Users/filip/Library/Developer/Xcode/DerivedData/FridgeManager-cqwjywvxdxuliyanckgpjwbekvor/Build/Intermediates.noindex/FridgeManager.build/Debug-iphonesimulator/FridgeManagerTests.build/swift-overrides.hmap -emit-const-values -Xfrontend -const-gather-protocols-file -Xfrontend /Users/filip/Library/Developer/Xcode/DerivedData/FridgeManager-cqwjywvxdxuliyanckgpjwbekvor/Build/Intermediates.noindex/FridgeManager.build/Debug-iphonesimulator/FridgeManagerTests.build/Objects-normal/arm64/FridgeManagerTests_const_extract_protocols.json -Xcc -iquote -Xcc /Users/filip/Library/Developer/Xcode/DerivedData/FridgeManager-cqwjywvxdxuliyanckgpjwbekvor/Build/Intermediates.noindex/FridgeManager.build/Debug-iphonesimulator/FridgeManagerTests.build/FridgeManagerTests-generated-files.hmap -Xcc -I/Users/filip/Library/Developer/Xcode/DerivedData/FridgeManager-cqwjywvxdxuliyanckgpjwbekvor/Build/Intermediates.noindex/FridgeManager.build/Debug-iphonesimulator/FridgeManagerTests.build/FridgeManagerTests-own-target-headers.hmap -Xcc -I/Users/filip/Library/Developer/Xcode/DerivedData/FridgeManager-cqwjywvxdxuliyanckgpjwbekvor/Build/Intermediates.noindex/FridgeManager.build/Debug-iphonesimulator/FridgeManagerTests.build/FridgeManagerTests-all-target-headers.hmap -Xcc -iquote -Xcc /Users/filip/Library/Developer/Xcode/DerivedData/FridgeManager-cqwjywvxdxuliyanckgpjwbekvor/Build/Intermediates.noindex/FridgeManager.build/Debug-iphonesimulator/FridgeManagerTests.build/FridgeManagerTests-project-headers.hmap -Xcc -I/Users/filip/Library/Developer/Xcode/DerivedData/FridgeManager-cqwjywvxdxuliyanckgpjwbekvor/Build/Products/Debug-iphonesimulator/include -Xcc -I/Users/filip/Library/Developer/Xcode/DerivedData/FridgeManager-cqwjywvxdxuliyanckgpjwbekvor/Build/Intermediates.noindex/FridgeManager.build/Debug-iphonesimulator/FridgeManagerTests.build/DerivedSources-normal/arm64 -Xcc -I/Users/filip/Library/Developer/Xcode/DerivedData/FridgeManager-cqwjywvxdxuliyanckgpjwbekvor/Build/Intermediates.noindex/FridgeManager.build/Debug-iphonesimulator/FridgeManagerTests.build/DerivedSources/arm64 -Xcc -I/Users/filip/Library/Developer/Xcode/DerivedData/FridgeManager-cqwjywvxdxuliyanckgpjwbekvor/Build/Intermediates.noindex/FridgeManager.build/Debug-iphonesimulator/FridgeManagerTests.build/DerivedSources -Xcc -DDEBUG\=1 -emit-objc-header -emit-objc-header-path /Users/filip/Library/Developer/Xcode/DerivedData/FridgeManager-cqwjywvxdxuliyanckgpjwbekvor/Build/Intermediates.noindex/FridgeManager.build/Debug-iphonesimulator/FridgeManagerTests.build/Objects-normal/arm64/FridgeManagerTests-Swift.h -working-directory /Users/filip/Projects/FridgeManager/FridgeManager -experimental-emit-module-separately -disable-cmo

SwiftMergeGeneratedHeaders /Users/filip/Library/Developer/Xcode/DerivedData/FridgeManager-cqwjywvxdxuliyanckgpjwbekvor/Build/Intermediates.noindex/FridgeManager.build/Debug-iphonesimulator/FridgeManagerUITests.build/DerivedSources/FridgeManagerUITests-Swift.h /Users/filip/Library/Developer/Xcode/DerivedData/FridgeManager-cqwjywvxdxuliyanckgpjwbekvor/Build/Intermediates.noindex/FridgeManager.build/Debug-iphonesimulator/FridgeManagerUITests.build/Objects-normal/arm64/FridgeManagerUITests-Swift.h (in target 'FridgeManagerUITests' from project 'FridgeManager')
    cd /Users/filip/Projects/FridgeManager/FridgeManager
    builtin-swiftHeaderTool -arch arm64 /Users/filip/Library/Developer/Xcode/DerivedData/FridgeManager-cqwjywvxdxuliyanckgpjwbekvor/Build/Intermediates.noindex/FridgeManager.build/Debug-iphonesimulator/FridgeManagerUITests.build/Objects-normal/arm64/FridgeManagerUITests-Swift.h -o /Users/filip/Library/Developer/Xcode/DerivedData/FridgeManager-cqwjywvxdxuliyanckgpjwbekvor/Build/Intermediates.noindex/FridgeManager.build/Debug-iphonesimulator/FridgeManagerUITests.build/DerivedSources/FridgeManagerUITests-Swift.h

Copy /Users/filip/Library/Developer/Xcode/DerivedData/FridgeManager-cqwjywvxdxuliyanckgpjwbekvor/Build/Products/Debug-iphonesimulator/FridgeManagerUITests.swiftmodule/arm64-apple-ios-simulator.swiftmodule /Users/filip/Library/Developer/Xcode/DerivedData/FridgeManager-cqwjywvxdxuliyanckgpjwbekvor/Build/Intermediates.noindex/FridgeManager.build/Debug-iphonesimulator/FridgeManagerUITests.build/Objects-normal/arm64/FridgeManagerUITests.swiftmodule (in target 'FridgeManagerUITests' from project 'FridgeManager')
    cd /Users/filip/Projects/FridgeManager/FridgeManager
    builtin-copy -exclude .DS_Store -exclude CVS -exclude .svn -exclude .git -exclude .hg -resolve-src-symlinks -rename /Users/filip/Library/Developer/Xcode/DerivedData/FridgeManager-cqwjywvxdxuliyanckgpjwbekvor/Build/Intermediates.noindex/FridgeManager.build/Debug-iphonesimulator/FridgeManagerUITests.build/Objects-normal/arm64/FridgeManagerUITests.swiftmodule /Users/filip/Library/Developer/Xcode/DerivedData/FridgeManager-cqwjywvxdxuliyanckgpjwbekvor/Build/Products/Debug-iphonesimulator/FridgeManagerUITests.swiftmodule/arm64-apple-ios-simulator.swiftmodule

Copy /Users/filip/Library/Developer/Xcode/DerivedData/FridgeManager-cqwjywvxdxuliyanckgpjwbekvor/Build/Products/Debug-iphonesimulator/FridgeManagerUITests.swiftmodule/arm64-apple-ios-simulator.swiftdoc /Users/filip/Library/Developer/Xcode/DerivedData/FridgeManager-cqwjywvxdxuliyanckgpjwbekvor/Build/Intermediates.noindex/FridgeManager.build/Debug-iphonesimulator/FridgeManagerUITests.build/Objects-normal/arm64/FridgeManagerUITests.swiftdoc (in target 'FridgeManagerUITests' from project 'FridgeManager')
    cd /Users/filip/Projects/FridgeManager/FridgeManager
    builtin-copy -exclude .DS_Store -exclude CVS -exclude .svn -exclude .git -exclude .hg -resolve-src-symlinks -rename /Users/filip/Library/Developer/Xcode/DerivedData/FridgeManager-cqwjywvxdxuliyanckgpjwbekvor/Build/Intermediates.noindex/FridgeManager.build/Debug-iphonesimulator/FridgeManagerUITests.build/Objects-normal/arm64/FridgeManagerUITests.swiftdoc /Users/filip/Library/Developer/Xcode/DerivedData/FridgeManager-cqwjywvxdxuliyanckgpjwbekvor/Build/Products/Debug-iphonesimulator/FridgeManagerUITests.swiftmodule/arm64-apple-ios-simulator.swiftdoc

Copy /Users/filip/Library/Developer/Xcode/DerivedData/FridgeManager-cqwjywvxdxuliyanckgpjwbekvor/Build/Products/Debug-iphonesimulator/FridgeManagerUITests.swiftmodule/arm64-apple-ios-simulator.abi.json /Users/filip/Library/Developer/Xcode/DerivedData/FridgeManager-cqwjywvxdxuliyanckgpjwbekvor/Build/Intermediates.noindex/FridgeManager.build/Debug-iphonesimulator/FridgeManagerUITests.build/Objects-normal/arm64/FridgeManagerUITests.abi.json (in target 'FridgeManagerUITests' from project 'FridgeManager')
    cd /Users/filip/Projects/FridgeManager/FridgeManager
    builtin-copy -exclude .DS_Store -exclude CVS -exclude .svn -exclude .git -exclude .hg -resolve-src-symlinks -rename /Users/filip/Library/Developer/Xcode/DerivedData/FridgeManager-cqwjywvxdxuliyanckgpjwbekvor/Build/Intermediates.noindex/FridgeManager.build/Debug-iphonesimulator/FridgeManagerUITests.build/Objects-normal/arm64/FridgeManagerUITests.abi.json /Users/filip/Library/Developer/Xcode/DerivedData/FridgeManager-cqwjywvxdxuliyanckgpjwbekvor/Build/Products/Debug-iphonesimulator/FridgeManagerUITests.swiftmodule/arm64-apple-ios-simulator.abi.json

Copy /Users/filip/Library/Developer/Xcode/DerivedData/FridgeManager-cqwjywvxdxuliyanckgpjwbekvor/Build/Products/Debug-iphonesimulator/FridgeManagerUITests.swiftmodule/Project/arm64-apple-ios-simulator.swiftsourceinfo /Users/filip/Library/Developer/Xcode/DerivedData/FridgeManager-cqwjywvxdxuliyanckgpjwbekvor/Build/Intermediates.noindex/FridgeManager.build/Debug-iphonesimulator/FridgeManagerUITests.build/Objects-normal/arm64/FridgeManagerUITests.swiftsourceinfo (in target 'FridgeManagerUITests' from project 'FridgeManager')
    cd /Users/filip/Projects/FridgeManager/FridgeManager
    builtin-copy -exclude .DS_Store -exclude CVS -exclude .svn -exclude .git -exclude .hg -resolve-src-symlinks -rename /Users/filip/Library/Developer/Xcode/DerivedData/FridgeManager-cqwjywvxdxuliyanckgpjwbekvor/Build/Intermediates.noindex/FridgeManager.build/Debug-iphonesimulator/FridgeManagerUITests.build/Objects-normal/arm64/FridgeManagerUITests.swiftsourceinfo /Users/filip/Library/Developer/Xcode/DerivedData/FridgeManager-cqwjywvxdxuliyanckgpjwbekvor/Build/Products/Debug-iphonesimulator/FridgeManagerUITests.swiftmodule/Project/arm64-apple-ios-simulator.swiftsourceinfo

SwiftMergeGeneratedHeaders /Users/filip/Library/Developer/Xcode/DerivedData/FridgeManager-cqwjywvxdxuliyanckgpjwbekvor/Build/Intermediates.noindex/FridgeManager.build/Debug-iphonesimulator/FridgeManagerTests.build/DerivedSources/FridgeManagerTests-Swift.h /Users/filip/Library/Developer/Xcode/DerivedData/FridgeManager-cqwjywvxdxuliyanckgpjwbekvor/Build/Intermediates.noindex/FridgeManager.build/Debug-iphonesimulator/FridgeManagerTests.build/Objects-normal/arm64/FridgeManagerTests-Swift.h (in target 'FridgeManagerTests' from project 'FridgeManager')
    cd /Users/filip/Projects/FridgeManager/FridgeManager
    builtin-swiftHeaderTool -arch arm64 /Users/filip/Library/Developer/Xcode/DerivedData/FridgeManager-cqwjywvxdxuliyanckgpjwbekvor/Build/Intermediates.noindex/FridgeManager.build/Debug-iphonesimulator/FridgeManagerTests.build/Objects-normal/arm64/FridgeManagerTests-Swift.h -o /Users/filip/Library/Developer/Xcode/DerivedData/FridgeManager-cqwjywvxdxuliyanckgpjwbekvor/Build/Intermediates.noindex/FridgeManager.build/Debug-iphonesimulator/FridgeManagerTests.build/DerivedSources/FridgeManagerTests-Swift.h

Copy /Users/filip/Library/Developer/Xcode/DerivedData/FridgeManager-cqwjywvxdxuliyanckgpjwbekvor/Build/Products/Debug-iphonesimulator/FridgeManagerTests.swiftmodule/arm64-apple-ios-simulator.swiftmodule /Users/filip/Library/Developer/Xcode/DerivedData/FridgeManager-cqwjywvxdxuliyanckgpjwbekvor/Build/Intermediates.noindex/FridgeManager.build/Debug-iphonesimulator/FridgeManagerTests.build/Objects-normal/arm64/FridgeManagerTests.swiftmodule (in target 'FridgeManagerTests' from project 'FridgeManager')
    cd /Users/filip/Projects/FridgeManager/FridgeManager
    builtin-copy -exclude .DS_Store -exclude CVS -exclude .svn -exclude .git -exclude .hg -resolve-src-symlinks -rename /Users/filip/Library/Developer/Xcode/DerivedData/FridgeManager-cqwjywvxdxuliyanckgpjwbekvor/Build/Intermediates.noindex/FridgeManager.build/Debug-iphonesimulator/FridgeManagerTests.build/Objects-normal/arm64/FridgeManagerTests.swiftmodule /Users/filip/Library/Developer/Xcode/DerivedData/FridgeManager-cqwjywvxdxuliyanckgpjwbekvor/Build/Products/Debug-iphonesimulator/FridgeManagerTests.swiftmodule/arm64-apple-ios-simulator.swiftmodule

Copy /Users/filip/Library/Developer/Xcode/DerivedData/FridgeManager-cqwjywvxdxuliyanckgpjwbekvor/Build/Products/Debug-iphonesimulator/FridgeManagerTests.swiftmodule/arm64-apple-ios-simulator.swiftdoc /Users/filip/Library/Developer/Xcode/DerivedData/FridgeManager-cqwjywvxdxuliyanckgpjwbekvor/Build/Intermediates.noindex/FridgeManager.build/Debug-iphonesimulator/FridgeManagerTests.build/Objects-normal/arm64/FridgeManagerTests.swiftdoc (in target 'FridgeManagerTests' from project 'FridgeManager')
    cd /Users/filip/Projects/FridgeManager/FridgeManager
    builtin-copy -exclude .DS_Store -exclude CVS -exclude .svn -exclude .git -exclude .hg -resolve-src-symlinks -rename /Users/filip/Library/Developer/Xcode/DerivedData/FridgeManager-cqwjywvxdxuliyanckgpjwbekvor/Build/Intermediates.noindex/FridgeManager.build/Debug-iphonesimulator/FridgeManagerTests.build/Objects-normal/arm64/FridgeManagerTests.swiftdoc /Users/filip/Library/Developer/Xcode/DerivedData/FridgeManager-cqwjywvxdxuliyanckgpjwbekvor/Build/Products/Debug-iphonesimulator/FridgeManagerTests.swiftmodule/arm64-apple-ios-simulator.swiftdoc

Copy /Users/filip/Library/Developer/Xcode/DerivedData/FridgeManager-cqwjywvxdxuliyanckgpjwbekvor/Build/Products/Debug-iphonesimulator/FridgeManagerTests.swiftmodule/arm64-apple-ios-simulator.abi.json /Users/filip/Library/Developer/Xcode/DerivedData/FridgeManager-cqwjywvxdxuliyanckgpjwbekvor/Build/Intermediates.noindex/FridgeManager.build/Debug-iphonesimulator/FridgeManagerTests.build/Objects-normal/arm64/FridgeManagerTests.abi.json (in target 'FridgeManagerTests' from project 'FridgeManager')
    cd /Users/filip/Projects/FridgeManager/FridgeManager
    builtin-copy -exclude .DS_Store -exclude CVS -exclude .svn -exclude .git -exclude .hg -resolve-src-symlinks -rename /Users/filip/Library/Developer/Xcode/DerivedData/FridgeManager-cqwjywvxdxuliyanckgpjwbekvor/Build/Intermediates.noindex/FridgeManager.build/Debug-iphonesimulator/FridgeManagerTests.build/Objects-normal/arm64/FridgeManagerTests.abi.json /Users/filip/Library/Developer/Xcode/DerivedData/FridgeManager-cqwjywvxdxuliyanckgpjwbekvor/Build/Products/Debug-iphonesimulator/FridgeManagerTests.swiftmodule/arm64-apple-ios-simulator.abi.json

Copy /Users/filip/Library/Developer/Xcode/DerivedData/FridgeManager-cqwjywvxdxuliyanckgpjwbekvor/Build/Products/Debug-iphonesimulator/FridgeManagerTests.swiftmodule/Project/arm64-apple-ios-simulator.swiftsourceinfo /Users/filip/Library/Developer/Xcode/DerivedData/FridgeManager-cqwjywvxdxuliyanckgpjwbekvor/Build/Intermediates.noindex/FridgeManager.build/Debug-iphonesimulator/FridgeManagerTests.build/Objects-normal/arm64/FridgeManagerTests.swiftsourceinfo (in target 'FridgeManagerTests' from project 'FridgeManager')
    cd /Users/filip/Projects/FridgeManager/FridgeManager
    builtin-copy -exclude .DS_Store -exclude CVS -exclude .svn -exclude .git -exclude .hg -resolve-src-symlinks -rename /Users/filip/Library/Developer/Xcode/DerivedData/FridgeManager-cqwjywvxdxuliyanckgpjwbekvor/Build/Intermediates.noindex/FridgeManager.build/Debug-iphonesimulator/FridgeManagerTests.build/Objects-normal/arm64/FridgeManagerTests.swiftsourceinfo /Users/filip/Library/Developer/Xcode/DerivedData/FridgeManager-cqwjywvxdxuliyanckgpjwbekvor/Build/Products/Debug-iphonesimulator/FridgeManagerTests.swiftmodule/Project/arm64-apple-ios-simulator.swiftsourceinfo

SwiftCompile normal arm64 Compiling\ FirstRunTests.swift /Users/filip/Projects/FridgeManager/FridgeManager/FridgeManagerTests/FirstRunTests.swift (in target 'FridgeManagerTests' from project 'FridgeManager')

SwiftCompile normal arm64 /Users/filip/Projects/FridgeManager/FridgeManager/FridgeManagerTests/FirstRunTests.swift (in target 'FridgeManagerTests' from project 'FridgeManager')
    cd /Users/filip/Projects/FridgeManager/FridgeManager
    

SwiftCompile normal arm64 Compiling\ FridgeManagerTests.swift /Users/filip/Projects/FridgeManager/FridgeManager/FridgeManagerTests/FridgeManagerTests.swift (in target 'FridgeManagerTests' from project 'FridgeManager')

SwiftCompile normal arm64 /Users/filip/Projects/FridgeManager/FridgeManager/FridgeManagerTests/FridgeManagerTests.swift (in target 'FridgeManagerTests' from project 'FridgeManager')
    cd /Users/filip/Projects/FridgeManager/FridgeManager
    

SwiftDriverJobDiscovery normal arm64 Compiling FridgeManagerUITests.swift (in target 'FridgeManagerUITests' from project 'FridgeManager')

SwiftCompile normal arm64 Compiling\ EditFridgeItemViewTests.swift /Users/filip/Projects/FridgeManager/FridgeManager/FridgeManagerTests/EditFridgeItemViewTests.swift (in target 'FridgeManagerTests' from project 'FridgeManager')

SwiftCompile normal arm64 /Users/filip/Projects/FridgeManager/FridgeManager/FridgeManagerTests/EditFridgeItemViewTests.swift (in target 'FridgeManagerTests' from project 'FridgeManager')
    cd /Users/filip/Projects/FridgeManager/FridgeManager
    

SwiftDriverJobDiscovery normal arm64 Compiling FridgeItemTests.swift (in target 'FridgeManagerTests' from project 'FridgeManager')

SwiftDriverJobDiscovery normal arm64 Compiling FridgeManagerUITestsLaunchTests.swift (in target 'FridgeManagerUITests' from project 'FridgeManager')

SwiftDriver\ Compilation FridgeManagerUITests normal arm64 com.apple.xcode.tools.swift.compiler (in target 'FridgeManagerUITests' from project 'FridgeManager')
    cd /Users/filip/Projects/FridgeManager/FridgeManager
    builtin-Swift-Compilation -- /Applications/Xcode.app/Contents/Developer/Toolchains/XcodeDefault.xctoolchain/usr/bin/swiftc -module-name FridgeManagerUITests -Onone -enforce-exclusivity\=checked @/Users/filip/Library/Developer/Xcode/DerivedData/FridgeManager-cqwjywvxdxuliyanckgpjwbekvor/Build/Intermediates.noindex/FridgeManager.build/Debug-iphonesimulator/FridgeManagerUITests.build/Objects-normal/arm64/FridgeManagerUITests.SwiftFileList -DDEBUG -module-alias Testing\=_Testing_Unavailable -plugin-path /Applications/Xcode.app/Contents/Developer/Toolchains/XcodeDefault.xctoolchain/usr/lib/swift/host/plugins/testing -enable-bare-slash-regex -enable-upcoming-feature DisableOutwardActorInference -enable-upcoming-feature InferSendableFromCaptures -enable-upcoming-feature GlobalActorIsolatedTypesUsability -enable-upcoming-feature MemberImportVisibility -enable-upcoming-feature InferIsolatedConformances -enable-upcoming-feature NonisolatedNonsendingByDefault -enable-experimental-feature DebugDescriptionMacro -sdk /Applications/Xcode.app/Contents/Developer/Platforms/iPhoneSimulator.platform/Developer/SDKs/iPhoneSimulator26.2.sdk -target arm64-apple-ios26.2-simulator -g -module-cache-path /Users/filip/Library/Developer/Xcode/DerivedData/ModuleCache.noindex -Xfrontend -serialize-debugging-options -profile-coverage-mapping -profile-generate -enable-testing -index-store-path /Users/filip/Library/Developer/Xcode/DerivedData/FridgeManager-cqwjywvxdxuliyanckgpjwbekvor/Index.noindex/DataStore -Xcc -D_LIBCPP_HARDENING_MODE\=_LIBCPP_HARDENING_MODE_DEBUG -swift-version 5 -I /Users/filip/Library/Developer/Xcode/DerivedData/FridgeManager-cqwjywvxdxuliyanckgpjwbekvor/Build/Products/Debug-iphonesimulator -Isystem /Applications/Xcode.app/Contents/Developer/Platforms/iPhoneSimulator.platform/Developer/usr/lib -F /Users/filip/Library/Developer/Xcode/DerivedData/FridgeManager-cqwjywvxdxuliyanckgpjwbekvor/Build/Products/Debug-iphonesimulator -F /Applications/Xcode.app/Contents/Developer/Platforms/iPhoneSimulator.platform/Developer/Library/Frameworks -F /Applications/Xcode.app/Contents/Developer/Platforms/iPhoneSimulator.platform/Developer/SDKs/iPhoneSimulator26.2.sdk/Developer/Library/Frameworks -c -j8 -enable-batch-mode -incremental -Xcc -ivfsstatcache -Xcc /Users/filip/Library/Developer/Xcode/DerivedData/SDKStatCaches.noindex/iphonesimulator26.2-23C53-7d00a8b37fbd7999ea79df8ebc024bf0.sdkstatcache -output-file-map /Users/filip/Library/Developer/Xcode/DerivedData/FridgeManager-cqwjywvxdxuliyanckgpjwbekvor/Build/Intermediates.noindex/FridgeManager.build/Debug-iphonesimulator/FridgeManagerUITests.build/Objects-normal/arm64/FridgeManagerUITests-OutputFileMap.json -use-frontend-parseable-output -save-temps -no-color-diagnostics -explicit-module-build -module-cache-path /Users/filip/Library/Developer/Xcode/DerivedData/FridgeManager-cqwjywvxdxuliyanckgpjwbekvor/Build/Intermediates.noindex/SwiftExplicitPrecompiledModules -clang-scanner-module-cache-path /Users/filip/Library/Developer/Xcode/DerivedData/ModuleCache.noindex -sdk-module-cache-path /Users/filip/Library/Developer/Xcode/DerivedData/ModuleCache.noindex -serialize-diagnostics -emit-dependencies -emit-module -emit-module-path /Users/filip/Library/Developer/Xcode/DerivedData/FridgeManager-cqwjywvxdxuliyanckgpjwbekvor/Build/Intermediates.noindex/FridgeManager.build/Debug-iphonesimulator/FridgeManagerUITests.build/Objects-normal/arm64/FridgeManagerUITests.swiftmodule -validate-clang-modules-once -clang-build-session-file /Users/filip/Library/Developer/Xcode/DerivedData/ModuleCache.noindex/Session.modulevalidation -Xcc -I/Users/filip/Library/Developer/Xcode/DerivedData/FridgeManager-cqwjywvxdxuliyanckgpjwbekvor/Build/Intermediates.noindex/FridgeManager.build/Debug-iphonesimulator/FridgeManagerUITests.build/swift-overrides.hmap -emit-const-values -Xfrontend -const-gather-protocols-file -Xfrontend /Users/filip/Library/Developer/Xcode/DerivedData/FridgeManager-cqwjywvxdxuliyanckgpjwbekvor/Build/Intermediates.noindex/FridgeManager.build/Debug-iphonesimulator/FridgeManagerUITests.build/Objects-normal/arm64/FridgeManagerUITests_const_extract_protocols.json -Xcc -iquote -Xcc /Users/filip/Library/Developer/Xcode/DerivedData/FridgeManager-cqwjywvxdxuliyanckgpjwbekvor/Build/Intermediates.noindex/FridgeManager.build/Debug-iphonesimulator/FridgeManagerUITests.build/FridgeManagerUITests-generated-files.hmap -Xcc -I/Users/filip/Library/Developer/Xcode/DerivedData/FridgeManager-cqwjywvxdxuliyanckgpjwbekvor/Build/Intermediates.noindex/FridgeManager.build/Debug-iphonesimulator/FridgeManagerUITests.build/FridgeManagerUITests-own-target-headers.hmap -Xcc -I/Users/filip/Library/Developer/Xcode/DerivedData/FridgeManager-cqwjywvxdxuliyanckgpjwbekvor/Build/Intermediates.noindex/FridgeManager.build/Debug-iphonesimulator/FridgeManagerUITests.build/FridgeManagerUITests-all-target-headers.hmap -Xcc -iquote -Xcc /Users/filip/Library/Developer/Xcode/DerivedData/FridgeManager-cqwjywvxdxuliyanckgpjwbekvor/Build/Intermediates.noindex/FridgeManager.build/Debug-iphonesimulator/FridgeManagerUITests.build/FridgeManagerUITests-project-headers.hmap -Xcc -I/Users/filip/Library/Developer/Xcode/DerivedData/FridgeManager-cqwjywvxdxuliyanckgpjwbekvor/Build/Products/Debug-iphonesimulator/include -Xcc -I/Users/filip/Library/Developer/Xcode/DerivedData/FridgeManager-cqwjywvxdxuliyanckgpjwbekvor/Build/Intermediates.noindex/FridgeManager.build/Debug-iphonesimulator/FridgeManagerUITests.build/DerivedSources-normal/arm64 -Xcc -I/Users/filip/Library/Developer/Xcode/DerivedData/FridgeManager-cqwjywvxdxuliyanckgpjwbekvor/Build/Intermediates.noindex/FridgeManager.build/Debug-iphonesimulator/FridgeManagerUITests.build/DerivedSources/arm64 -Xcc -I/Users/filip/Library/Developer/Xcode/DerivedData/FridgeManager-cqwjywvxdxuliyanckgpjwbekvor/Build/Intermediates.noindex/FridgeManager.build/Debug-iphonesimulator/FridgeManagerUITests.build/DerivedSources -Xcc -DDEBUG\=1 -emit-objc-header -emit-objc-header-path /Users/filip/Library/Developer/Xcode/DerivedData/FridgeManager-cqwjywvxdxuliyanckgpjwbekvor/Build/Intermediates.noindex/FridgeManager.build/Debug-iphonesimulator/FridgeManagerUITests.build/Objects-normal/arm64/FridgeManagerUITests-Swift.h -working-directory /Users/filip/Projects/FridgeManager/FridgeManager -experimental-emit-module-separately -disable-cmo

SwiftDriverJobDiscovery normal arm64 Compiling FirstRunTests.swift (in target 'FridgeManagerTests' from project 'FridgeManager')

SwiftDriverJobDiscovery normal arm64 Compiling FridgeManagerTests.swift (in target 'FridgeManagerTests' from project 'FridgeManager')

SwiftDriverJobDiscovery normal arm64 Compiling EditFridgeItemViewTests.swift (in target 'FridgeManagerTests' from project 'FridgeManager')

SwiftDriver\ Compilation FridgeManagerTests normal arm64 com.apple.xcode.tools.swift.compiler (in target 'FridgeManagerTests' from project 'FridgeManager')
    cd /Users/filip/Projects/FridgeManager/FridgeManager
    builtin-Swift-Compilation -- /Applications/Xcode.app/Contents/Developer/Toolchains/XcodeDefault.xctoolchain/usr/bin/swiftc -module-name FridgeManagerTests -Onone -enforce-exclusivity\=checked @/Users/filip/Library/Developer/Xcode/DerivedData/FridgeManager-cqwjywvxdxuliyanckgpjwbekvor/Build/Intermediates.noindex/FridgeManager.build/Debug-iphonesimulator/FridgeManagerTests.build/Objects-normal/arm64/FridgeManagerTests.SwiftFileList -DDEBUG -plugin-path /Applications/Xcode.app/Contents/Developer/Toolchains/XcodeDefault.xctoolchain/usr/lib/swift/host/plugins/testing -enable-bare-slash-regex -enable-upcoming-feature DisableOutwardActorInference -enable-upcoming-feature InferSendableFromCaptures -enable-upcoming-feature GlobalActorIsolatedTypesUsability -enable-upcoming-feature MemberImportVisibility -enable-upcoming-feature InferIsolatedConformances -enable-upcoming-feature NonisolatedNonsendingByDefault -enable-experimental-feature DebugDescriptionMacro -sdk /Applications/Xcode.app/Contents/Developer/Platforms/iPhoneSimulator.platform/Developer/SDKs/iPhoneSimulator26.2.sdk -target arm64-apple-ios26.2-simulator -g -module-cache-path /Users/filip/Library/Developer/Xcode/DerivedData/ModuleCache.noindex -Xfrontend -serialize-debugging-options -profile-coverage-mapping -profile-generate -enable-testing -index-store-path /Users/filip/Library/Developer/Xcode/DerivedData/FridgeManager-cqwjywvxdxuliyanckgpjwbekvor/Index.noindex/DataStore -Xcc -D_LIBCPP_HARDENING_MODE\=_LIBCPP_HARDENING_MODE_DEBUG -swift-version 5 -I /Users/filip/Library/Developer/Xcode/DerivedData/FridgeManager-cqwjywvxdxuliyanckgpjwbekvor/Build/Products/Debug-iphonesimulator -Isystem /Applications/Xcode.app/Contents/Developer/Platforms/iPhoneSimulator.platform/Developer/usr/lib -F /Users/filip/Library/Developer/Xcode/DerivedData/FridgeManager-cqwjywvxdxuliyanckgpjwbekvor/Build/Products/Debug-iphonesimulator -F /Applications/Xcode.app/Contents/Developer/Platforms/iPhoneSimulator.platform/Developer/Library/Frameworks -F /Applications/Xcode.app/Contents/Developer/Platforms/iPhoneSimulator.platform/Developer/SDKs/iPhoneSimulator26.2.sdk/Developer/Library/Frameworks -c -j8 -enable-batch-mode -incremental -Xcc -ivfsstatcache -Xcc /Users/filip/Library/Developer/Xcode/DerivedData/SDKStatCaches.noindex/iphonesimulator26.2-23C53-7d00a8b37fbd7999ea79df8ebc024bf0.sdkstatcache -output-file-map /Users/filip/Library/Developer/Xcode/DerivedData/FridgeManager-cqwjywvxdxuliyanckgpjwbekvor/Build/Intermediates.noindex/FridgeManager.build/Debug-iphonesimulator/FridgeManagerTests.build/Objects-normal/arm64/FridgeManagerTests-OutputFileMap.json -use-frontend-parseable-output -save-temps -no-color-diagnostics -explicit-module-build -module-cache-path /Users/filip/Library/Developer/Xcode/DerivedData/FridgeManager-cqwjywvxdxuliyanckgpjwbekvor/Build/Intermediates.noindex/SwiftExplicitPrecompiledModules -clang-scanner-module-cache-path /Users/filip/Library/Developer/Xcode/DerivedData/ModuleCache.noindex -sdk-module-cache-path /Users/filip/Library/Developer/Xcode/DerivedData/ModuleCache.noindex -serialize-diagnostics -emit-dependencies -emit-module -emit-module-path /Users/filip/Library/Developer/Xcode/DerivedData/FridgeManager-cqwjywvxdxuliyanckgpjwbekvor/Build/Intermediates.noindex/FridgeManager.build/Debug-iphonesimulator/FridgeManagerTests.build/Objects-normal/arm64/FridgeManagerTests.swiftmodule -validate-clang-modules-once -clang-build-session-file /Users/filip/Library/Developer/Xcode/DerivedData/ModuleCache.noindex/Session.modulevalidation -Xcc -I/Users/filip/Library/Developer/Xcode/DerivedData/FridgeManager-cqwjywvxdxuliyanckgpjwbekvor/Build/Intermediates.noindex/FridgeManager.build/Debug-iphonesimulator/FridgeManagerTests.build/swift-overrides.hmap -emit-const-values -Xfrontend -const-gather-protocols-file -Xfrontend /Users/filip/Library/Developer/Xcode/DerivedData/FridgeManager-cqwjywvxdxuliyanckgpjwbekvor/Build/Intermediates.noindex/FridgeManager.build/Debug-iphonesimulator/FridgeManagerTests.build/Objects-normal/arm64/FridgeManagerTests_const_extract_protocols.json -Xcc -iquote -Xcc /Users/filip/Library/Developer/Xcode/DerivedData/FridgeManager-cqwjywvxdxuliyanckgpjwbekvor/Build/Intermediates.noindex/FridgeManager.build/Debug-iphonesimulator/FridgeManagerTests.build/FridgeManagerTests-generated-files.hmap -Xcc -I/Users/filip/Library/Developer/Xcode/DerivedData/FridgeManager-cqwjywvxdxuliyanckgpjwbekvor/Build/Intermediates.noindex/FridgeManager.build/Debug-iphonesimulator/FridgeManagerTests.build/FridgeManagerTests-own-target-headers.hmap -Xcc -I/Users/filip/Library/Developer/Xcode/DerivedData/FridgeManager-cqwjywvxdxuliyanckgpjwbekvor/Build/Intermediates.noindex/FridgeManager.build/Debug-iphonesimulator/FridgeManagerTests.build/FridgeManagerTests-all-target-headers.hmap -Xcc -iquote -Xcc /Users/filip/Library/Developer/Xcode/DerivedData/FridgeManager-cqwjywvxdxuliyanckgpjwbekvor/Build/Intermediates.noindex/FridgeManager.build/Debug-iphonesimulator/FridgeManagerTests.build/FridgeManagerTests-project-headers.hmap -Xcc -I/Users/filip/Library/Developer/Xcode/DerivedData/FridgeManager-cqwjywvxdxuliyanckgpjwbekvor/Build/Products/Debug-iphonesimulator/include -Xcc -I/Users/filip/Library/Developer/Xcode/DerivedData/FridgeManager-cqwjywvxdxuliyanckgpjwbekvor/Build/Intermediates.noindex/FridgeManager.build/Debug-iphonesimulator/FridgeManagerTests.build/DerivedSources-normal/arm64 -Xcc -I/Users/filip/Library/Developer/Xcode/DerivedData/FridgeManager-cqwjywvxdxuliyanckgpjwbekvor/Build/Intermediates.noindex/FridgeManager.build/Debug-iphonesimulator/FridgeManagerTests.build/DerivedSources/arm64 -Xcc -I/Users/filip/Library/Developer/Xcode/DerivedData/FridgeManager-cqwjywvxdxuliyanckgpjwbekvor/Build/Intermediates.noindex/FridgeManager.build/Debug-iphonesimulator/FridgeManagerTests.build/DerivedSources -Xcc -DDEBUG\=1 -emit-objc-header -emit-objc-header-path /Users/filip/Library/Developer/Xcode/DerivedData/FridgeManager-cqwjywvxdxuliyanckgpjwbekvor/Build/Intermediates.noindex/FridgeManager.build/Debug-iphonesimulator/FridgeManagerTests.build/Objects-normal/arm64/FridgeManagerTests-Swift.h -working-directory /Users/filip/Projects/FridgeManager/FridgeManager -experimental-emit-module-separately -disable-cmo

SwiftDriverJobDiscovery normal arm64 Compiling FridgeSettingsView.swift, FridgeWizardView.swift (in target 'FridgeManager' from project 'FridgeManager')

SwiftDriverJobDiscovery normal arm64 Compiling EditFridgeItemView.swift, Fridge.swift (in target 'FridgeManager' from project 'FridgeManager')

LinkAssetCatalog /Users/filip/Projects/FridgeManager/FridgeManager/FridgeManager/FridgeManager/Assets.xcassets /Users/filip/Projects/FridgeManager/FridgeManager/FridgeManager/Assets.xcassets (in target 'FridgeManager' from project 'FridgeManager')
    cd /Users/filip/Projects/FridgeManager/FridgeManager
    builtin-linkAssetCatalog --thinned /Users/filip/Library/Developer/Xcode/DerivedData/FridgeManager-cqwjywvxdxuliyanckgpjwbekvor/Build/Intermediates.noindex/FridgeManager.build/Debug-iphonesimulator/FridgeManager.build/assetcatalog_output/thinned --thinned-dependencies /Users/filip/Library/Developer/Xcode/DerivedData/FridgeManager-cqwjywvxdxuliyanckgpjwbekvor/Build/Intermediates.noindex/FridgeManager.build/Debug-iphonesimulator/FridgeManager.build/assetcatalog_dependencies_thinned --thinned-info-plist-content /Users/filip/Library/Developer/Xcode/DerivedData/FridgeManager-cqwjywvxdxuliyanckgpjwbekvor/Build/Intermediates.noindex/FridgeManager.build/Debug-iphonesimulator/FridgeManager.build/assetcatalog_generated_info.plist_thinned --unthinned /Users/filip/Library/Developer/Xcode/DerivedData/FridgeManager-cqwjywvxdxuliyanckgpjwbekvor/Build/Intermediates.noindex/FridgeManager.build/Debug-iphonesimulator/FridgeManager.build/assetcatalog_output/unthinned --unthinned-dependencies /Users/filip/Library/Developer/Xcode/DerivedData/FridgeManager-cqwjywvxdxuliyanckgpjwbekvor/Build/Intermediates.noindex/FridgeManager.build/Debug-iphonesimulator/FridgeManager.build/assetcatalog_dependencies_unthinned --unthinned-info-plist-content /Users/filip/Library/Developer/Xcode/DerivedData/FridgeManager-cqwjywvxdxuliyanckgpjwbekvor/Build/Intermediates.noindex/FridgeManager.build/Debug-iphonesimulator/FridgeManager.build/assetcatalog_generated_info.plist_unthinned --output /Users/filip/Library/Developer/Xcode/DerivedData/FridgeManager-cqwjywvxdxuliyanckgpjwbekvor/Build/Products/Debug-iphonesimulator/FridgeManager.app --plist-output /Users/filip/Library/Developer/Xcode/DerivedData/FridgeManager-cqwjywvxdxuliyanckgpjwbekvor/Build/Intermediates.noindex/FridgeManager.build/Debug-iphonesimulator/FridgeManager.build/assetcatalog_generated_info.plist
note: Emplaced /Users/filip/Library/Developer/Xcode/DerivedData/FridgeManager-cqwjywvxdxuliyanckgpjwbekvor/Build/Products/Debug-iphonesimulator/FridgeManager.app/AppIcon60x60@2x.png (in target 'FridgeManager' from project 'FridgeManager')
note: Emplaced /Users/filip/Library/Developer/Xcode/DerivedData/FridgeManager-cqwjywvxdxuliyanckgpjwbekvor/Build/Products/Debug-iphonesimulator/FridgeManager.app/Assets.car (in target 'FridgeManager' from project 'FridgeManager')
note: Emplaced /Users/filip/Library/Developer/Xcode/DerivedData/FridgeManager-cqwjywvxdxuliyanckgpjwbekvor/Build/Products/Debug-iphonesimulator/FridgeManager.app/AppIcon76x76@2x~ipad.png (in target 'FridgeManager' from project 'FridgeManager')

ProcessInfoPlistFile /Users/filip/Library/Developer/Xcode/DerivedData/FridgeManager-cqwjywvxdxuliyanckgpjwbekvor/Build/Products/Debug-iphonesimulator/FridgeManager.app/Info.plist /Users/filip/Library/Developer/Xcode/DerivedData/FridgeManager-cqwjywvxdxuliyanckgpjwbekvor/Build/Intermediates.noindex/FridgeManager.build/Debug-iphonesimulator/FridgeManager.build/empty-FridgeManager.plist (in target 'FridgeManager' from project 'FridgeManager')
    cd /Users/filip/Projects/FridgeManager/FridgeManager
    builtin-infoPlistUtility /Users/filip/Library/Developer/Xcode/DerivedData/FridgeManager-cqwjywvxdxuliyanckgpjwbekvor/Build/Intermediates.noindex/FridgeManager.build/Debug-iphonesimulator/FridgeManager.build/empty-FridgeManager.plist -producttype com.apple.product-type.application -genpkginfo /Users/filip/Library/Developer/Xcode/DerivedData/FridgeManager-cqwjywvxdxuliyanckgpjwbekvor/Build/Products/Debug-iphonesimulator/FridgeManager.app/PkgInfo -expandbuildsettings -format binary -platform iphonesimulator -additionalcontentfile /Users/filip/Library/Developer/Xcode/DerivedData/FridgeManager-cqwjywvxdxuliyanckgpjwbekvor/Build/Intermediates.noindex/FridgeManager.build/Debug-iphonesimulator/FridgeManager.build/assetcatalog_generated_info.plist -o /Users/filip/Library/Developer/Xcode/DerivedData/FridgeManager-cqwjywvxdxuliyanckgpjwbekvor/Build/Products/Debug-iphonesimulator/FridgeManager.app/Info.plist

warning: Run script build phase 'Regenerate App Icons' will be run during every build because it does not specify any outputs. To address this issue, either add output dependencies to the script phase, or configure it to run in every build by unchecking "Based on dependency analysis" in the script phase. (in target 'FridgeManager' from project 'FridgeManager')

Test session results, code coverage, and logs:
	/Users/filip/Library/Developer/Xcode/DerivedData/FridgeManager-cqwjywvxdxuliyanckgpjwbekvor/Logs/Test/Test-FridgeManager-2026.02.21_16-39-34-+0100.xcresult

