Command line invocation:
    /Applications/Xcode.app/Contents/Developer/usr/bin/xcodebuild test -project FridgeManager.xcodeproj -scheme FridgeManager -destination id=60648CFD-A7BC-454B-A80C-74170AC32C7D -derivedDataPath ./build/DerivedData

2026-02-21 14:37:59.940 xcodebuild[31579:610258] [MT] IDERunDestination: Supported platforms for the buildables in the current scheme is empty.
ComputePackagePrebuildTargetDependencyGraph

Prepare packages

CreateBuildRequest

SendProjectDescription

CreateBuildOperation

ComputeTargetDependencyGraph
note: Building targets in dependency order
note: Target dependency graph (3 targets)
    Target 'FridgeManagerUITests' in project 'FridgeManager'
        ➜ Explicit dependency on target 'FridgeManager' in project 'FridgeManager'
    Target 'FridgeManagerTests' in project 'FridgeManager'
        ➜ Explicit dependency on target 'FridgeManager' in project 'FridgeManager'
    Target 'FridgeManager' in project 'FridgeManager' (no dependencies)

GatherProvisioningInputs

CreateBuildDescription

ExecuteExternalTool /Applications/Xcode.app/Contents/Developer/Toolchains/XcodeDefault.xctoolchain/usr/bin/clang -v -E -dM -isysroot /Applications/Xcode.app/Contents/Developer/Platforms/iPhoneSimulator.platform/Developer/SDKs/iPhoneSimulator26.2.sdk -x c -c /dev/null

ExecuteExternalTool /Applications/Xcode.app/Contents/Developer/Toolchains/XcodeDefault.xctoolchain/usr/bin/swiftc --version

ExecuteExternalTool /Applications/Xcode.app/Contents/Developer/usr/bin/actool --print-asset-tag-combinations --output-format xml1 /Users/filip/Projects/FridgeManager/FridgeManager/FridgeManager/FridgeManager/Assets.xcassets /Users/filip/Projects/FridgeManager/FridgeManager/FridgeManager/Assets.xcassets

ExecuteExternalTool /Applications/Xcode.app/Contents/Developer/usr/bin/actool --version --output-format xml1

ExecuteExternalTool /Applications/Xcode.app/Contents/Developer/Toolchains/XcodeDefault.xctoolchain/usr/bin/ld -version_details

Build description signature: d0518303822f109eb78dbdf711f77c36
Build description path: /Users/filip/Projects/FridgeManager/FridgeManager/build/DerivedData/Build/Intermediates.noindex/XCBuildData/d0518303822f109eb78dbdf711f77c36.xcbuilddata
ClangStatCache /Applications/Xcode.app/Contents/Developer/Toolchains/XcodeDefault.xctoolchain/usr/bin/clang-stat-cache /Applications/Xcode.app/Contents/Developer/Platforms/iPhoneSimulator.platform/Developer/SDKs/iPhoneSimulator26.2.sdk /Users/filip/Projects/FridgeManager/FridgeManager/build/DerivedData/SDKStatCaches.noindex/iphonesimulator26.2-23C53-7d00a8b37fbd7999ea79df8ebc024bf0.sdkstatcache
    cd /Users/filip/Projects/FridgeManager/FridgeManager/FridgeManager.xcodeproj
    /Applications/Xcode.app/Contents/Developer/Toolchains/XcodeDefault.xctoolchain/usr/bin/clang-stat-cache /Applications/Xcode.app/Contents/Developer/Platforms/iPhoneSimulator.platform/Developer/SDKs/iPhoneSimulator26.2.sdk -o /Users/filip/Projects/FridgeManager/FridgeManager/build/DerivedData/SDKStatCaches.noindex/iphonesimulator26.2-23C53-7d00a8b37fbd7999ea79df8ebc024bf0.sdkstatcache

WriteAuxiliaryFile /Users/filip/Projects/FridgeManager/FridgeManager/build/DerivedData/Build/Intermediates.noindex/FridgeManager.build/Debug-iphonesimulator/FridgeManagerUITests.build/ProductTypeInfoPlistAdditions.plist (in target 'FridgeManagerUITests' from project 'FridgeManager')
    cd /Users/filip/Projects/FridgeManager/FridgeManager
    write-file /Users/filip/Projects/FridgeManager/FridgeManager/build/DerivedData/Build/Intermediates.noindex/FridgeManager.build/Debug-iphonesimulator/FridgeManagerUITests.build/ProductTypeInfoPlistAdditions.plist

WriteAuxiliaryFile /Users/filip/Projects/FridgeManager/FridgeManager/build/DerivedData/Build/Intermediates.noindex/FridgeManager.build/Debug-iphonesimulator/FridgeManagerUITests.build/Objects-normal/arm64/FridgeManagerUITests_const_extract_protocols.json (in target 'FridgeManagerUITests' from project 'FridgeManager')
    cd /Users/filip/Projects/FridgeManager/FridgeManager
    write-file /Users/filip/Projects/FridgeManager/FridgeManager/build/DerivedData/Build/Intermediates.noindex/FridgeManager.build/Debug-iphonesimulator/FridgeManagerUITests.build/Objects-normal/arm64/FridgeManagerUITests_const_extract_protocols.json

WriteAuxiliaryFile /Users/filip/Projects/FridgeManager/FridgeManager/build/DerivedData/Build/Intermediates.noindex/FridgeManager.build/Debug-iphonesimulator/FridgeManagerUITests.build/Objects-normal/arm64/FridgeManagerUITests.SwiftFileList (in target 'FridgeManagerUITests' from project 'FridgeManager')
    cd /Users/filip/Projects/FridgeManager/FridgeManager
    write-file /Users/filip/Projects/FridgeManager/FridgeManager/build/DerivedData/Build/Intermediates.noindex/FridgeManager.build/Debug-iphonesimulator/FridgeManagerUITests.build/Objects-normal/arm64/FridgeManagerUITests.SwiftFileList

WriteAuxiliaryFile /Users/filip/Projects/FridgeManager/FridgeManager/build/DerivedData/Build/Intermediates.noindex/FridgeManager.build/Debug-iphonesimulator/FridgeManagerUITests.build/Objects-normal/arm64/FridgeManagerUITests.SwiftConstValuesFileList (in target 'FridgeManagerUITests' from project 'FridgeManager')
    cd /Users/filip/Projects/FridgeManager/FridgeManager
    write-file /Users/filip/Projects/FridgeManager/FridgeManager/build/DerivedData/Build/Intermediates.noindex/FridgeManager.build/Debug-iphonesimulator/FridgeManagerUITests.build/Objects-normal/arm64/FridgeManagerUITests.SwiftConstValuesFileList

WriteAuxiliaryFile /Users/filip/Projects/FridgeManager/FridgeManager/build/DerivedData/Build/Intermediates.noindex/FridgeManager.build/Debug-iphonesimulator/FridgeManagerUITests.build/Objects-normal/arm64/FridgeManagerUITests.LinkFileList (in target 'FridgeManagerUITests' from project 'FridgeManager')
    cd /Users/filip/Projects/FridgeManager/FridgeManager
    write-file /Users/filip/Projects/FridgeManager/FridgeManager/build/DerivedData/Build/Intermediates.noindex/FridgeManager.build/Debug-iphonesimulator/FridgeManagerUITests.build/Objects-normal/arm64/FridgeManagerUITests.LinkFileList

WriteAuxiliaryFile /Users/filip/Projects/FridgeManager/FridgeManager/build/DerivedData/Build/Intermediates.noindex/FridgeManager.build/Debug-iphonesimulator/FridgeManagerUITests.build/Objects-normal/arm64/FridgeManagerUITests-OutputFileMap.json (in target 'FridgeManagerUITests' from project 'FridgeManager')
    cd /Users/filip/Projects/FridgeManager/FridgeManager
    write-file /Users/filip/Projects/FridgeManager/FridgeManager/build/DerivedData/Build/Intermediates.noindex/FridgeManager.build/Debug-iphonesimulator/FridgeManagerUITests.build/Objects-normal/arm64/FridgeManagerUITests-OutputFileMap.json

WriteAuxiliaryFile /Users/filip/Projects/FridgeManager/FridgeManager/build/DerivedData/Build/Intermediates.noindex/FridgeManager.build/Debug-iphonesimulator/FridgeManagerUITests.build/empty-FridgeManagerUITests.plist (in target 'FridgeManagerUITests' from project 'FridgeManager')
    cd /Users/filip/Projects/FridgeManager/FridgeManager
    write-file /Users/filip/Projects/FridgeManager/FridgeManager/build/DerivedData/Build/Intermediates.noindex/FridgeManager.build/Debug-iphonesimulator/FridgeManagerUITests.build/empty-FridgeManagerUITests.plist

WriteAuxiliaryFile /Users/filip/Projects/FridgeManager/FridgeManager/build/DerivedData/Build/Intermediates.noindex/FridgeManager.build/Debug-iphonesimulator/FridgeManagerUITests.build/FridgeManagerUITests.hmap (in target 'FridgeManagerUITests' from project 'FridgeManager')
    cd /Users/filip/Projects/FridgeManager/FridgeManager
    write-file /Users/filip/Projects/FridgeManager/FridgeManager/build/DerivedData/Build/Intermediates.noindex/FridgeManager.build/Debug-iphonesimulator/FridgeManagerUITests.build/FridgeManagerUITests.hmap

WriteAuxiliaryFile /Users/filip/Projects/FridgeManager/FridgeManager/build/DerivedData/Build/Intermediates.noindex/FridgeManager.build/Debug-iphonesimulator/FridgeManagerUITests.build/FridgeManagerUITests.DependencyStaticMetadataFileList (in target 'FridgeManagerUITests' from project 'FridgeManager')
    cd /Users/filip/Projects/FridgeManager/FridgeManager
    write-file /Users/filip/Projects/FridgeManager/FridgeManager/build/DerivedData/Build/Intermediates.noindex/FridgeManager.build/Debug-iphonesimulator/FridgeManagerUITests.build/FridgeManagerUITests.DependencyStaticMetadataFileList

WriteAuxiliaryFile /Users/filip/Projects/FridgeManager/FridgeManager/build/DerivedData/Build/Intermediates.noindex/FridgeManager.build/Debug-iphonesimulator/FridgeManagerUITests.build/FridgeManagerUITests.DependencyMetadataFileList (in target 'FridgeManagerUITests' from project 'FridgeManager')
    cd /Users/filip/Projects/FridgeManager/FridgeManager
    write-file /Users/filip/Projects/FridgeManager/FridgeManager/build/DerivedData/Build/Intermediates.noindex/FridgeManager.build/Debug-iphonesimulator/FridgeManagerUITests.build/FridgeManagerUITests.DependencyMetadataFileList

WriteAuxiliaryFile /Users/filip/Projects/FridgeManager/FridgeManager/build/DerivedData/Build/Intermediates.noindex/FridgeManager.build/Debug-iphonesimulator/FridgeManagerUITests.build/FridgeManagerUITests-project-headers.hmap (in target 'FridgeManagerUITests' from project 'FridgeManager')
    cd /Users/filip/Projects/FridgeManager/FridgeManager
    write-file /Users/filip/Projects/FridgeManager/FridgeManager/build/DerivedData/Build/Intermediates.noindex/FridgeManager.build/Debug-iphonesimulator/FridgeManagerUITests.build/FridgeManagerUITests-project-headers.hmap

WriteAuxiliaryFile /Users/filip/Projects/FridgeManager/FridgeManager/build/DerivedData/Build/Intermediates.noindex/FridgeManager.build/Debug-iphonesimulator/FridgeManagerUITests.build/FridgeManagerUITests-own-target-headers.hmap (in target 'FridgeManagerUITests' from project 'FridgeManager')
    cd /Users/filip/Projects/FridgeManager/FridgeManager
    write-file /Users/filip/Projects/FridgeManager/FridgeManager/build/DerivedData/Build/Intermediates.noindex/FridgeManager.build/Debug-iphonesimulator/FridgeManagerUITests.build/FridgeManagerUITests-own-target-headers.hmap

WriteAuxiliaryFile /Users/filip/Projects/FridgeManager/FridgeManager/build/DerivedData/Build/Intermediates.noindex/FridgeManager.build/Debug-iphonesimulator/FridgeManagerUITests.build/FridgeManagerUITests-generated-files.hmap (in target 'FridgeManagerUITests' from project 'FridgeManager')
    cd /Users/filip/Projects/FridgeManager/FridgeManager
    write-file /Users/filip/Projects/FridgeManager/FridgeManager/build/DerivedData/Build/Intermediates.noindex/FridgeManager.build/Debug-iphonesimulator/FridgeManagerUITests.build/FridgeManagerUITests-generated-files.hmap

WriteAuxiliaryFile /Users/filip/Projects/FridgeManager/FridgeManager/build/DerivedData/Build/Intermediates.noindex/FridgeManager.build/Debug-iphonesimulator/FridgeManagerUITests.build/FridgeManagerUITests-all-target-headers.hmap (in target 'FridgeManagerUITests' from project 'FridgeManager')
    cd /Users/filip/Projects/FridgeManager/FridgeManager
    write-file /Users/filip/Projects/FridgeManager/FridgeManager/build/DerivedData/Build/Intermediates.noindex/FridgeManager.build/Debug-iphonesimulator/FridgeManagerUITests.build/FridgeManagerUITests-all-target-headers.hmap

WriteAuxiliaryFile /Users/filip/Projects/FridgeManager/FridgeManager/build/DerivedData/Build/Intermediates.noindex/FridgeManager.build/Debug-iphonesimulator/FridgeManagerUITests.build/FridgeManagerUITests-all-non-framework-target-headers.hmap (in target 'FridgeManagerUITests' from project 'FridgeManager')
    cd /Users/filip/Projects/FridgeManager/FridgeManager
    write-file /Users/filip/Projects/FridgeManager/FridgeManager/build/DerivedData/Build/Intermediates.noindex/FridgeManager.build/Debug-iphonesimulator/FridgeManagerUITests.build/FridgeManagerUITests-all-non-framework-target-headers.hmap

WriteAuxiliaryFile /Users/filip/Projects/FridgeManager/FridgeManager/build/DerivedData/Build/Intermediates.noindex/FridgeManager.build/Debug-iphonesimulator/FridgeManagerUITests.build/DerivedSources/Entitlements-Simulated.plist (in target 'FridgeManagerUITests' from project 'FridgeManager')
    cd /Users/filip/Projects/FridgeManager/FridgeManager
    write-file /Users/filip/Projects/FridgeManager/FridgeManager/build/DerivedData/Build/Intermediates.noindex/FridgeManager.build/Debug-iphonesimulator/FridgeManagerUITests.build/DerivedSources/Entitlements-Simulated.plist

WriteAuxiliaryFile /Users/filip/Projects/FridgeManager/FridgeManager/build/DerivedData/Build/Intermediates.noindex/FridgeManager.build/Debug-iphonesimulator/FridgeManagerTests.build/empty-FridgeManagerTests.plist (in target 'FridgeManagerTests' from project 'FridgeManager')
    cd /Users/filip/Projects/FridgeManager/FridgeManager
    write-file /Users/filip/Projects/FridgeManager/FridgeManager/build/DerivedData/Build/Intermediates.noindex/FridgeManager.build/Debug-iphonesimulator/FridgeManagerTests.build/empty-FridgeManagerTests.plist

WriteAuxiliaryFile /Users/filip/Projects/FridgeManager/FridgeManager/build/DerivedData/Build/Intermediates.noindex/FridgeManager.build/Debug-iphonesimulator/FridgeManagerTests.build/Objects-normal/arm64/FridgeManagerTests_const_extract_protocols.json (in target 'FridgeManagerTests' from project 'FridgeManager')
    cd /Users/filip/Projects/FridgeManager/FridgeManager
    write-file /Users/filip/Projects/FridgeManager/FridgeManager/build/DerivedData/Build/Intermediates.noindex/FridgeManager.build/Debug-iphonesimulator/FridgeManagerTests.build/Objects-normal/arm64/FridgeManagerTests_const_extract_protocols.json

WriteAuxiliaryFile /Users/filip/Projects/FridgeManager/FridgeManager/build/DerivedData/Build/Intermediates.noindex/FridgeManager.build/Debug-iphonesimulator/FridgeManagerTests.build/Objects-normal/arm64/FridgeManagerTests.SwiftFileList (in target 'FridgeManagerTests' from project 'FridgeManager')
    cd /Users/filip/Projects/FridgeManager/FridgeManager
    write-file /Users/filip/Projects/FridgeManager/FridgeManager/build/DerivedData/Build/Intermediates.noindex/FridgeManager.build/Debug-iphonesimulator/FridgeManagerTests.build/Objects-normal/arm64/FridgeManagerTests.SwiftFileList

WriteAuxiliaryFile /Users/filip/Projects/FridgeManager/FridgeManager/build/DerivedData/Build/Intermediates.noindex/FridgeManager.build/Debug-iphonesimulator/FridgeManagerTests.build/Objects-normal/arm64/FridgeManagerTests.SwiftConstValuesFileList (in target 'FridgeManagerTests' from project 'FridgeManager')
    cd /Users/filip/Projects/FridgeManager/FridgeManager
    write-file /Users/filip/Projects/FridgeManager/FridgeManager/build/DerivedData/Build/Intermediates.noindex/FridgeManager.build/Debug-iphonesimulator/FridgeManagerTests.build/Objects-normal/arm64/FridgeManagerTests.SwiftConstValuesFileList

WriteAuxiliaryFile /Users/filip/Projects/FridgeManager/FridgeManager/build/DerivedData/Build/Intermediates.noindex/FridgeManager.build/Debug-iphonesimulator/FridgeManagerTests.build/Objects-normal/arm64/FridgeManagerTests.LinkFileList (in target 'FridgeManagerTests' from project 'FridgeManager')
    cd /Users/filip/Projects/FridgeManager/FridgeManager
    write-file /Users/filip/Projects/FridgeManager/FridgeManager/build/DerivedData/Build/Intermediates.noindex/FridgeManager.build/Debug-iphonesimulator/FridgeManagerTests.build/Objects-normal/arm64/FridgeManagerTests.LinkFileList

WriteAuxiliaryFile /Users/filip/Projects/FridgeManager/FridgeManager/build/DerivedData/Build/Intermediates.noindex/FridgeManager.build/Debug-iphonesimulator/FridgeManagerTests.build/Objects-normal/arm64/FridgeManagerTests-OutputFileMap.json (in target 'FridgeManagerTests' from project 'FridgeManager')
    cd /Users/filip/Projects/FridgeManager/FridgeManager
    write-file /Users/filip/Projects/FridgeManager/FridgeManager/build/DerivedData/Build/Intermediates.noindex/FridgeManager.build/Debug-iphonesimulator/FridgeManagerTests.build/Objects-normal/arm64/FridgeManagerTests-OutputFileMap.json

WriteAuxiliaryFile /Users/filip/Projects/FridgeManager/FridgeManager/build/DerivedData/Build/Intermediates.noindex/FridgeManager.build/Debug-iphonesimulator/FridgeManagerTests.build/FridgeManagerTests.hmap (in target 'FridgeManagerTests' from project 'FridgeManager')
    cd /Users/filip/Projects/FridgeManager/FridgeManager
    write-file /Users/filip/Projects/FridgeManager/FridgeManager/build/DerivedData/Build/Intermediates.noindex/FridgeManager.build/Debug-iphonesimulator/FridgeManagerTests.build/FridgeManagerTests.hmap

WriteAuxiliaryFile /Users/filip/Projects/FridgeManager/FridgeManager/build/DerivedData/Build/Intermediates.noindex/FridgeManager.build/Debug-iphonesimulator/FridgeManagerTests.build/FridgeManagerTests.DependencyStaticMetadataFileList (in target 'FridgeManagerTests' from project 'FridgeManager')
    cd /Users/filip/Projects/FridgeManager/FridgeManager
    write-file /Users/filip/Projects/FridgeManager/FridgeManager/build/DerivedData/Build/Intermediates.noindex/FridgeManager.build/Debug-iphonesimulator/FridgeManagerTests.build/FridgeManagerTests.DependencyStaticMetadataFileList

WriteAuxiliaryFile /Users/filip/Projects/FridgeManager/FridgeManager/build/DerivedData/Build/Intermediates.noindex/FridgeManager.build/Debug-iphonesimulator/FridgeManagerTests.build/FridgeManagerTests.DependencyMetadataFileList (in target 'FridgeManagerTests' from project 'FridgeManager')
    cd /Users/filip/Projects/FridgeManager/FridgeManager
    write-file /Users/filip/Projects/FridgeManager/FridgeManager/build/DerivedData/Build/Intermediates.noindex/FridgeManager.build/Debug-iphonesimulator/FridgeManagerTests.build/FridgeManagerTests.DependencyMetadataFileList

WriteAuxiliaryFile /Users/filip/Projects/FridgeManager/FridgeManager/build/DerivedData/Build/Intermediates.noindex/FridgeManager.build/Debug-iphonesimulator/FridgeManagerTests.build/FridgeManagerTests-project-headers.hmap (in target 'FridgeManagerTests' from project 'FridgeManager')
    cd /Users/filip/Projects/FridgeManager/FridgeManager
    write-file /Users/filip/Projects/FridgeManager/FridgeManager/build/DerivedData/Build/Intermediates.noindex/FridgeManager.build/Debug-iphonesimulator/FridgeManagerTests.build/FridgeManagerTests-project-headers.hmap

WriteAuxiliaryFile /Users/filip/Projects/FridgeManager/FridgeManager/build/DerivedData/Build/Intermediates.noindex/FridgeManager.build/Debug-iphonesimulator/FridgeManagerTests.build/FridgeManagerTests-own-target-headers.hmap (in target 'FridgeManagerTests' from project 'FridgeManager')
    cd /Users/filip/Projects/FridgeManager/FridgeManager
    write-file /Users/filip/Projects/FridgeManager/FridgeManager/build/DerivedData/Build/Intermediates.noindex/FridgeManager.build/Debug-iphonesimulator/FridgeManagerTests.build/FridgeManagerTests-own-target-headers.hmap

WriteAuxiliaryFile /Users/filip/Projects/FridgeManager/FridgeManager/build/DerivedData/Build/Intermediates.noindex/FridgeManager.build/Debug-iphonesimulator/FridgeManagerTests.build/FridgeManagerTests-generated-files.hmap (in target 'FridgeManagerTests' from project 'FridgeManager')
    cd /Users/filip/Projects/FridgeManager/FridgeManager
    write-file /Users/filip/Projects/FridgeManager/FridgeManager/build/DerivedData/Build/Intermediates.noindex/FridgeManager.build/Debug-iphonesimulator/FridgeManagerTests.build/FridgeManagerTests-generated-files.hmap

WriteAuxiliaryFile /Users/filip/Projects/FridgeManager/FridgeManager/build/DerivedData/Build/Intermediates.noindex/FridgeManager.build/Debug-iphonesimulator/FridgeManagerTests.build/FridgeManagerTests-all-target-headers.hmap (in target 'FridgeManagerTests' from project 'FridgeManager')
    cd /Users/filip/Projects/FridgeManager/FridgeManager
    write-file /Users/filip/Projects/FridgeManager/FridgeManager/build/DerivedData/Build/Intermediates.noindex/FridgeManager.build/Debug-iphonesimulator/FridgeManagerTests.build/FridgeManagerTests-all-target-headers.hmap

WriteAuxiliaryFile /Users/filip/Projects/FridgeManager/FridgeManager/build/DerivedData/Build/Intermediates.noindex/FridgeManager.build/Debug-iphonesimulator/FridgeManagerTests.build/FridgeManagerTests-all-non-framework-target-headers.hmap (in target 'FridgeManagerTests' from project 'FridgeManager')
    cd /Users/filip/Projects/FridgeManager/FridgeManager
    write-file /Users/filip/Projects/FridgeManager/FridgeManager/build/DerivedData/Build/Intermediates.noindex/FridgeManager.build/Debug-iphonesimulator/FridgeManagerTests.build/FridgeManagerTests-all-non-framework-target-headers.hmap

MkDir /Users/filip/Projects/FridgeManager/FridgeManager/build/DerivedData/Build/Products/Debug-iphonesimulator/FridgeManagerUITests-Runner.app/PlugIns/FridgeManagerUITests.xctest (in target 'FridgeManagerUITests' from project 'FridgeManager')
    cd /Users/filip/Projects/FridgeManager/FridgeManager
    /bin/mkdir -p /Users/filip/Projects/FridgeManager/FridgeManager/build/DerivedData/Build/Products/Debug-iphonesimulator/FridgeManagerUITests-Runner.app/PlugIns/FridgeManagerUITests.xctest

MkDir /Users/filip/Projects/FridgeManager/FridgeManager/build/DerivedData/Build/Products/Debug-iphonesimulator/FridgeManager.app/PlugIns (in target 'FridgeManager' from project 'FridgeManager')
    cd /Users/filip/Projects/FridgeManager/FridgeManager
    /bin/mkdir -p /Users/filip/Projects/FridgeManager/FridgeManager/build/DerivedData/Build/Products/Debug-iphonesimulator/FridgeManager.app/PlugIns

MkDir /Users/filip/Projects/FridgeManager/FridgeManager/build/DerivedData/Build/Products/Debug-iphonesimulator/FridgeManager.app/PlugIns/FridgeManagerTests.xctest (in target 'FridgeManagerTests' from project 'FridgeManager')
    cd /Users/filip/Projects/FridgeManager/FridgeManager
    /bin/mkdir -p /Users/filip/Projects/FridgeManager/FridgeManager/build/DerivedData/Build/Products/Debug-iphonesimulator/FridgeManager.app/PlugIns/FridgeManagerTests.xctest

MkDir /Users/filip/Projects/FridgeManager/FridgeManager/build/DerivedData/Build/Products/Debug-iphonesimulator/FridgeManager.app/Frameworks (in target 'FridgeManager' from project 'FridgeManager')
    cd /Users/filip/Projects/FridgeManager/FridgeManager
    /bin/mkdir -p /Users/filip/Projects/FridgeManager/FridgeManager/build/DerivedData/Build/Products/Debug-iphonesimulator/FridgeManager.app/Frameworks

ProcessProductPackaging "" /Users/filip/Projects/FridgeManager/FridgeManager/build/DerivedData/Build/Intermediates.noindex/FridgeManager.build/Debug-iphonesimulator/FridgeManager.build/FridgeManager.app-Simulated.xcent (in target 'FridgeManager' from project 'FridgeManager')
    cd /Users/filip/Projects/FridgeManager/FridgeManager
    
    Entitlements:
    
    {
    "application-identifier" = "22L5CCVC3A.be.razor.FridgeManager";
}
    
    builtin-productPackagingUtility -entitlements -format xml -o /Users/filip/Projects/FridgeManager/FridgeManager/build/DerivedData/Build/Intermediates.noindex/FridgeManager.build/Debug-iphonesimulator/FridgeManager.build/FridgeManager.app-Simulated.xcent

ProcessProductPackagingDER /Users/filip/Projects/FridgeManager/FridgeManager/build/DerivedData/Build/Intermediates.noindex/FridgeManager.build/Debug-iphonesimulator/FridgeManager.build/FridgeManager.app-Simulated.xcent /Users/filip/Projects/FridgeManager/FridgeManager/build/DerivedData/Build/Intermediates.noindex/FridgeManager.build/Debug-iphonesimulator/FridgeManager.build/FridgeManager.app-Simulated.xcent.der (in target 'FridgeManager' from project 'FridgeManager')
    cd /Users/filip/Projects/FridgeManager/FridgeManager
    /usr/bin/derq query -f xml -i /Users/filip/Projects/FridgeManager/FridgeManager/build/DerivedData/Build/Intermediates.noindex/FridgeManager.build/Debug-iphonesimulator/FridgeManager.build/FridgeManager.app-Simulated.xcent -o /Users/filip/Projects/FridgeManager/FridgeManager/build/DerivedData/Build/Intermediates.noindex/FridgeManager.build/Debug-iphonesimulator/FridgeManager.build/FridgeManager.app-Simulated.xcent.der --raw

Copy /Users/filip/Projects/FridgeManager/FridgeManager/build/DerivedData/Build/Products/Debug-iphonesimulator/FridgeManager.app/Frameworks/libXCTestSwiftSupport.dylib /Applications/Xcode.app/Contents/Developer/Platforms/iPhoneSimulator.platform/Developer/usr/lib/libXCTestSwiftSupport.dylib (in target 'FridgeManager' from project 'FridgeManager')
    cd /Users/filip/Projects/FridgeManager/FridgeManager
    builtin-copy -exclude .DS_Store -exclude CVS -exclude .svn -exclude .git -exclude .hg -exclude Headers -exclude PrivateHeaders -exclude Modules -exclude \*.tbd -resolve-src-symlinks /Applications/Xcode.app/Contents/Developer/Platforms/iPhoneSimulator.platform/Developer/usr/lib/libXCTestSwiftSupport.dylib /Users/filip/Projects/FridgeManager/FridgeManager/build/DerivedData/Build/Products/Debug-iphonesimulator/FridgeManager.app/Frameworks

Copy /Users/filip/Projects/FridgeManager/FridgeManager/build/DerivedData/Build/Products/Debug-iphonesimulator/FridgeManager.app/Frameworks/libXCTestBundleInject.dylib /Applications/Xcode.app/Contents/Developer/Platforms/iPhoneSimulator.platform/Developer/usr/lib/libXCTestBundleInject.dylib (in target 'FridgeManager' from project 'FridgeManager')
    cd /Users/filip/Projects/FridgeManager/FridgeManager
    builtin-copy -exclude .DS_Store -exclude CVS -exclude .svn -exclude .git -exclude .hg -exclude Headers -exclude PrivateHeaders -exclude Modules -exclude \*.tbd -resolve-src-symlinks /Applications/Xcode.app/Contents/Developer/Platforms/iPhoneSimulator.platform/Developer/usr/lib/libXCTestBundleInject.dylib /Users/filip/Projects/FridgeManager/FridgeManager/build/DerivedData/Build/Products/Debug-iphonesimulator/FridgeManager.app/Frameworks

Copy /Users/filip/Projects/FridgeManager/FridgeManager/build/DerivedData/Build/Products/Debug-iphonesimulator/FridgeManager.app/Frameworks/XCUnit.framework /Applications/Xcode.app/Contents/Developer/Platforms/iPhoneSimulator.platform/Developer/Library/PrivateFrameworks/XCUnit.framework (in target 'FridgeManager' from project 'FridgeManager')
    cd /Users/filip/Projects/FridgeManager/FridgeManager
    builtin-copy -exclude .DS_Store -exclude CVS -exclude .svn -exclude .git -exclude .hg -exclude Headers -exclude PrivateHeaders -exclude Modules -exclude \*.tbd -resolve-src-symlinks /Applications/Xcode.app/Contents/Developer/Platforms/iPhoneSimulator.platform/Developer/Library/PrivateFrameworks/XCUnit.framework /Users/filip/Projects/FridgeManager/FridgeManager/build/DerivedData/Build/Products/Debug-iphonesimulator/FridgeManager.app/Frameworks

Copy /Users/filip/Projects/FridgeManager/FridgeManager/build/DerivedData/Build/Products/Debug-iphonesimulator/FridgeManager.app/Frameworks/XCUIAutomation.framework /Applications/Xcode.app/Contents/Developer/Platforms/iPhoneSimulator.platform/Developer/Library/Frameworks/XCUIAutomation.framework (in target 'FridgeManager' from project 'FridgeManager')
    cd /Users/filip/Projects/FridgeManager/FridgeManager
    builtin-copy -exclude .DS_Store -exclude CVS -exclude .svn -exclude .git -exclude .hg -exclude Headers -exclude PrivateHeaders -exclude Modules -exclude \*.tbd -resolve-src-symlinks /Applications/Xcode.app/Contents/Developer/Platforms/iPhoneSimulator.platform/Developer/Library/Frameworks/XCUIAutomation.framework /Users/filip/Projects/FridgeManager/FridgeManager/build/DerivedData/Build/Products/Debug-iphonesimulator/FridgeManager.app/Frameworks

Copy /Users/filip/Projects/FridgeManager/FridgeManager/build/DerivedData/Build/Products/Debug-iphonesimulator/FridgeManager.app/Frameworks/XCTestSupport.framework /Applications/Xcode.app/Contents/Developer/Platforms/iPhoneSimulator.platform/Developer/Library/PrivateFrameworks/XCTestSupport.framework (in target 'FridgeManager' from project 'FridgeManager')
    cd /Users/filip/Projects/FridgeManager/FridgeManager
    builtin-copy -exclude .DS_Store -exclude CVS -exclude .svn -exclude .git -exclude .hg -exclude Headers -exclude PrivateHeaders -exclude Modules -exclude \*.tbd -resolve-src-symlinks /Applications/Xcode.app/Contents/Developer/Platforms/iPhoneSimulator.platform/Developer/Library/PrivateFrameworks/XCTestSupport.framework /Users/filip/Projects/FridgeManager/FridgeManager/build/DerivedData/Build/Products/Debug-iphonesimulator/FridgeManager.app/Frameworks

Copy /Users/filip/Projects/FridgeManager/FridgeManager/build/DerivedData/Build/Products/Debug-iphonesimulator/FridgeManager.app/Frameworks/XCTestCore.framework /Applications/Xcode.app/Contents/Developer/Platforms/iPhoneSimulator.platform/Developer/Library/PrivateFrameworks/XCTestCore.framework (in target 'FridgeManager' from project 'FridgeManager')
    cd /Users/filip/Projects/FridgeManager/FridgeManager
    builtin-copy -exclude .DS_Store -exclude CVS -exclude .svn -exclude .git -exclude .hg -exclude Headers -exclude PrivateHeaders -exclude Modules -exclude \*.tbd -resolve-src-symlinks /Applications/Xcode.app/Contents/Developer/Platforms/iPhoneSimulator.platform/Developer/Library/PrivateFrameworks/XCTestCore.framework /Users/filip/Projects/FridgeManager/FridgeManager/build/DerivedData/Build/Products/Debug-iphonesimulator/FridgeManager.app/Frameworks

Ld /Users/filip/Projects/FridgeManager/FridgeManager/build/DerivedData/Build/Products/Debug-iphonesimulator/FridgeManager.app/FridgeManager.debug.dylib normal (in target 'FridgeManager' from project 'FridgeManager')
    cd /Users/filip/Projects/FridgeManager/FridgeManager
    /Applications/Xcode.app/Contents/Developer/Toolchains/XcodeDefault.xctoolchain/usr/bin/clang -Xlinker -reproducible -target arm64-apple-ios26.2-simulator -dynamiclib -isysroot /Applications/Xcode.app/Contents/Developer/Platforms/iPhoneSimulator.platform/Developer/SDKs/iPhoneSimulator26.2.sdk -O0 -L/Users/filip/Projects/FridgeManager/FridgeManager/build/DerivedData/Build/Intermediates.noindex/EagerLinkingTBDs/Debug-iphonesimulator -L/Users/filip/Projects/FridgeManager/FridgeManager/build/DerivedData/Build/Products/Debug-iphonesimulator -F/Users/filip/Projects/FridgeManager/FridgeManager/build/DerivedData/Build/Intermediates.noindex/EagerLinkingTBDs/Debug-iphonesimulator -F/Users/filip/Projects/FridgeManager/FridgeManager/build/DerivedData/Build/Products/Debug-iphonesimulator -filelist /Users/filip/Projects/FridgeManager/FridgeManager/build/DerivedData/Build/Intermediates.noindex/FridgeManager.build/Debug-iphonesimulator/FridgeManager.build/Objects-normal/arm64/FridgeManager.LinkFileList -install_name @rpath/FridgeManager.debug.dylib -Xlinker -rpath -Xlinker @executable_path/Frameworks -dead_strip -Xlinker -object_path_lto -Xlinker /Users/filip/Projects/FridgeManager/FridgeManager/build/DerivedData/Build/Intermediates.noindex/FridgeManager.build/Debug-iphonesimulator/FridgeManager.build/Objects-normal/arm64/FridgeManager_lto.o -rdynamic -Xlinker -no_deduplicate -Xlinker -objc_abi_version -Xlinker 2 -Xlinker -debug_variant -Xlinker -dependency_info -Xlinker /Users/filip/Projects/FridgeManager/FridgeManager/build/DerivedData/Build/Intermediates.noindex/FridgeManager.build/Debug-iphonesimulator/FridgeManager.build/Objects-normal/arm64/FridgeManager_dependency_info.dat -fobjc-link-runtime -fprofile-instr-generate -L/Applications/Xcode.app/Contents/Developer/Toolchains/XcodeDefault.xctoolchain/usr/lib/swift/iphonesimulator -L/usr/lib/swift -Xlinker -add_ast_path -Xlinker /Users/filip/Projects/FridgeManager/FridgeManager/build/DerivedData/Build/Intermediates.noindex/FridgeManager.build/Debug-iphonesimulator/FridgeManager.build/Objects-normal/arm64/FridgeManager.swiftmodule @/Users/filip/Projects/FridgeManager/FridgeManager/build/DerivedData/Build/Intermediates.noindex/FridgeManager.build/Debug-iphonesimulator/FridgeManager.build/Objects-normal/arm64/FridgeManager-linker-args.resp -Xlinker -alias -Xlinker _main -Xlinker ___debug_main_executable_dylib_entry_point -Xlinker -no_adhoc_codesign -o /Users/filip/Projects/FridgeManager/FridgeManager/build/DerivedData/Build/Products/Debug-iphonesimulator/FridgeManager.app/FridgeManager.debug.dylib

Copy /Users/filip/Projects/FridgeManager/FridgeManager/build/DerivedData/Build/Products/Debug-iphonesimulator/FridgeManager.app/Frameworks/XCTest.framework /Applications/Xcode.app/Contents/Developer/Platforms/iPhoneSimulator.platform/Developer/Library/Frameworks/XCTest.framework (in target 'FridgeManager' from project 'FridgeManager')
    cd /Users/filip/Projects/FridgeManager/FridgeManager
    builtin-copy -exclude .DS_Store -exclude CVS -exclude .svn -exclude .git -exclude .hg -exclude Headers -exclude PrivateHeaders -exclude Modules -exclude \*.tbd -resolve-src-symlinks /Applications/Xcode.app/Contents/Developer/Platforms/iPhoneSimulator.platform/Developer/Library/Frameworks/XCTest.framework /Users/filip/Projects/FridgeManager/FridgeManager/build/DerivedData/Build/Products/Debug-iphonesimulator/FridgeManager.app/Frameworks

Copy /Users/filip/Projects/FridgeManager/FridgeManager/build/DerivedData/Build/Products/Debug-iphonesimulator/FridgeManager.app/Frameworks/XCTAutomationSupport.framework /Applications/Xcode.app/Contents/Developer/Platforms/iPhoneSimulator.platform/Developer/Library/PrivateFrameworks/XCTAutomationSupport.framework (in target 'FridgeManager' from project 'FridgeManager')
    cd /Users/filip/Projects/FridgeManager/FridgeManager
    builtin-copy -exclude .DS_Store -exclude CVS -exclude .svn -exclude .git -exclude .hg -exclude Headers -exclude PrivateHeaders -exclude Modules -exclude \*.tbd -resolve-src-symlinks /Applications/Xcode.app/Contents/Developer/Platforms/iPhoneSimulator.platform/Developer/Library/PrivateFrameworks/XCTAutomationSupport.framework /Users/filip/Projects/FridgeManager/FridgeManager/build/DerivedData/Build/Products/Debug-iphonesimulator/FridgeManager.app/Frameworks

Copy /Users/filip/Projects/FridgeManager/FridgeManager/build/DerivedData/Build/Products/Debug-iphonesimulator/FridgeManager.app/Frameworks/Testing.framework /Applications/Xcode.app/Contents/Developer/Platforms/iPhoneSimulator.platform/Developer/Library/Frameworks/Testing.framework (in target 'FridgeManager' from project 'FridgeManager')
    cd /Users/filip/Projects/FridgeManager/FridgeManager
    builtin-copy -exclude .DS_Store -exclude CVS -exclude .svn -exclude .git -exclude .hg -exclude Headers -exclude PrivateHeaders -exclude Modules -exclude \*.tbd -resolve-src-symlinks /Applications/Xcode.app/Contents/Developer/Platforms/iPhoneSimulator.platform/Developer/Library/Frameworks/Testing.framework /Users/filip/Projects/FridgeManager/FridgeManager/build/DerivedData/Build/Products/Debug-iphonesimulator/FridgeManager.app/Frameworks

ProcessInfoPlistFile /Users/filip/Projects/FridgeManager/FridgeManager/build/DerivedData/Build/Products/Debug-iphonesimulator/FridgeManager.app/Info.plist /Users/filip/Projects/FridgeManager/FridgeManager/build/DerivedData/Build/Intermediates.noindex/FridgeManager.build/Debug-iphonesimulator/FridgeManager.build/empty-FridgeManager.plist (in target 'FridgeManager' from project 'FridgeManager')
    cd /Users/filip/Projects/FridgeManager/FridgeManager
    builtin-infoPlistUtility /Users/filip/Projects/FridgeManager/FridgeManager/build/DerivedData/Build/Intermediates.noindex/FridgeManager.build/Debug-iphonesimulator/FridgeManager.build/empty-FridgeManager.plist -producttype com.apple.product-type.application -genpkginfo /Users/filip/Projects/FridgeManager/FridgeManager/build/DerivedData/Build/Products/Debug-iphonesimulator/FridgeManager.app/PkgInfo -expandbuildsettings -format binary -platform iphonesimulator -additionalcontentfile /Users/filip/Projects/FridgeManager/FridgeManager/build/DerivedData/Build/Intermediates.noindex/FridgeManager.build/Debug-iphonesimulator/FridgeManager.build/assetcatalog_generated_info.plist -o /Users/filip/Projects/FridgeManager/FridgeManager/build/DerivedData/Build/Products/Debug-iphonesimulator/FridgeManager.app/Info.plist

ProcessProductPackaging "" /Users/filip/Projects/FridgeManager/FridgeManager/build/DerivedData/Build/Intermediates.noindex/FridgeManager.build/Debug-iphonesimulator/FridgeManagerUITests.build/FridgeManagerUITests.xctest-Simulated.xcent (in target 'FridgeManagerUITests' from project 'FridgeManager')
    cd /Users/filip/Projects/FridgeManager/FridgeManager
    
    Entitlements:
    
    {
    "application-identifier" = "22L5CCVC3A.be.razor.FridgeManagerUITests.xctrunner";
    "keychain-access-groups" =     (
        "22L5CCVC3A.be.razor.FridgeManagerUITests.xctrunner"
    );
}
    
    builtin-productPackagingUtility -entitlements -format xml -o /Users/filip/Projects/FridgeManager/FridgeManager/build/DerivedData/Build/Intermediates.noindex/FridgeManager.build/Debug-iphonesimulator/FridgeManagerUITests.build/FridgeManagerUITests.xctest-Simulated.xcent

ProcessProductPackagingDER /Users/filip/Projects/FridgeManager/FridgeManager/build/DerivedData/Build/Intermediates.noindex/FridgeManager.build/Debug-iphonesimulator/FridgeManagerUITests.build/FridgeManagerUITests.xctest-Simulated.xcent /Users/filip/Projects/FridgeManager/FridgeManager/build/DerivedData/Build/Intermediates.noindex/FridgeManager.build/Debug-iphonesimulator/FridgeManagerUITests.build/FridgeManagerUITests.xctest-Simulated.xcent.der (in target 'FridgeManagerUITests' from project 'FridgeManager')
    cd /Users/filip/Projects/FridgeManager/FridgeManager
    /usr/bin/derq query -f xml -i /Users/filip/Projects/FridgeManager/FridgeManager/build/DerivedData/Build/Intermediates.noindex/FridgeManager.build/Debug-iphonesimulator/FridgeManagerUITests.build/FridgeManagerUITests.xctest-Simulated.xcent -o /Users/filip/Projects/FridgeManager/FridgeManager/build/DerivedData/Build/Intermediates.noindex/FridgeManager.build/Debug-iphonesimulator/FridgeManagerUITests.build/FridgeManagerUITests.xctest-Simulated.xcent.der --raw

SwiftDriver FridgeManagerTests normal arm64 com.apple.xcode.tools.swift.compiler (in target 'FridgeManagerTests' from project 'FridgeManager')
    cd /Users/filip/Projects/FridgeManager/FridgeManager
    builtin-SwiftDriver -- /Applications/Xcode.app/Contents/Developer/Toolchains/XcodeDefault.xctoolchain/usr/bin/swiftc -module-name FridgeManagerTests -Onone -enforce-exclusivity\=checked @/Users/filip/Projects/FridgeManager/FridgeManager/build/DerivedData/Build/Intermediates.noindex/FridgeManager.build/Debug-iphonesimulator/FridgeManagerTests.build/Objects-normal/arm64/FridgeManagerTests.SwiftFileList -DDEBUG -plugin-path /Applications/Xcode.app/Contents/Developer/Toolchains/XcodeDefault.xctoolchain/usr/lib/swift/host/plugins/testing -enable-bare-slash-regex -enable-upcoming-feature DisableOutwardActorInference -enable-upcoming-feature InferSendableFromCaptures -enable-upcoming-feature GlobalActorIsolatedTypesUsability -enable-upcoming-feature MemberImportVisibility -enable-upcoming-feature InferIsolatedConformances -enable-upcoming-feature NonisolatedNonsendingByDefault -enable-experimental-feature DebugDescriptionMacro -sdk /Applications/Xcode.app/Contents/Developer/Platforms/iPhoneSimulator.platform/Developer/SDKs/iPhoneSimulator26.2.sdk -target arm64-apple-ios26.2-simulator -g -module-cache-path /Users/filip/Projects/FridgeManager/FridgeManager/build/DerivedData/ModuleCache.noindex -Xfrontend -serialize-debugging-options -profile-coverage-mapping -profile-generate -enable-testing -index-store-path /Users/filip/Projects/FridgeManager/FridgeManager/build/DerivedData/Index.noindex/DataStore -Xcc -D_LIBCPP_HARDENING_MODE\=_LIBCPP_HARDENING_MODE_DEBUG -swift-version 5 -I /Users/filip/Projects/FridgeManager/FridgeManager/build/DerivedData/Build/Products/Debug-iphonesimulator -Isystem /Applications/Xcode.app/Contents/Developer/Platforms/iPhoneSimulator.platform/Developer/usr/lib -F /Users/filip/Projects/FridgeManager/FridgeManager/build/DerivedData/Build/Products/Debug-iphonesimulator -F /Applications/Xcode.app/Contents/Developer/Platforms/iPhoneSimulator.platform/Developer/Library/Frameworks -F /Applications/Xcode.app/Contents/Developer/Platforms/iPhoneSimulator.platform/Developer/SDKs/iPhoneSimulator26.2.sdk/Developer/Library/Frameworks -c -j8 -enable-batch-mode -incremental -Xcc -ivfsstatcache -Xcc /Users/filip/Projects/FridgeManager/FridgeManager/build/DerivedData/SDKStatCaches.noindex/iphonesimulator26.2-23C53-7d00a8b37fbd7999ea79df8ebc024bf0.sdkstatcache -output-file-map /Users/filip/Projects/FridgeManager/FridgeManager/build/DerivedData/Build/Intermediates.noindex/FridgeManager.build/Debug-iphonesimulator/FridgeManagerTests.build/Objects-normal/arm64/FridgeManagerTests-OutputFileMap.json -use-frontend-parseable-output -save-temps -no-color-diagnostics -explicit-module-build -module-cache-path /Users/filip/Projects/FridgeManager/FridgeManager/build/DerivedData/Build/Intermediates.noindex/SwiftExplicitPrecompiledModules -clang-scanner-module-cache-path /Users/filip/Projects/FridgeManager/FridgeManager/build/DerivedData/ModuleCache.noindex -sdk-module-cache-path /Users/filip/Projects/FridgeManager/FridgeManager/build/DerivedData/ModuleCache.noindex -serialize-diagnostics -emit-dependencies -emit-module -emit-module-path /Users/filip/Projects/FridgeManager/FridgeManager/build/DerivedData/Build/Intermediates.noindex/FridgeManager.build/Debug-iphonesimulator/FridgeManagerTests.build/Objects-normal/arm64/FridgeManagerTests.swiftmodule -validate-clang-modules-once -clang-build-session-file /Users/filip/Projects/FridgeManager/FridgeManager/build/DerivedData/ModuleCache.noindex/Session.modulevalidation -Xcc -I/Users/filip/Projects/FridgeManager/FridgeManager/build/DerivedData/Build/Intermediates.noindex/FridgeManager.build/Debug-iphonesimulator/FridgeManagerTests.build/swift-overrides.hmap -emit-const-values -Xfrontend -const-gather-protocols-file -Xfrontend /Users/filip/Projects/FridgeManager/FridgeManager/build/DerivedData/Build/Intermediates.noindex/FridgeManager.build/Debug-iphonesimulator/FridgeManagerTests.build/Objects-normal/arm64/FridgeManagerTests_const_extract_protocols.json -Xcc -iquote -Xcc /Users/filip/Projects/FridgeManager/FridgeManager/build/DerivedData/Build/Intermediates.noindex/FridgeManager.build/Debug-iphonesimulator/FridgeManagerTests.build/FridgeManagerTests-generated-files.hmap -Xcc -I/Users/filip/Projects/FridgeManager/FridgeManager/build/DerivedData/Build/Intermediates.noindex/FridgeManager.build/Debug-iphonesimulator/FridgeManagerTests.build/FridgeManagerTests-own-target-headers.hmap -Xcc -I/Users/filip/Projects/FridgeManager/FridgeManager/build/DerivedData/Build/Intermediates.noindex/FridgeManager.build/Debug-iphonesimulator/FridgeManagerTests.build/FridgeManagerTests-all-target-headers.hmap -Xcc -iquote -Xcc /Users/filip/Projects/FridgeManager/FridgeManager/build/DerivedData/Build/Intermediates.noindex/FridgeManager.build/Debug-iphonesimulator/FridgeManagerTests.build/FridgeManagerTests-project-headers.hmap -Xcc -I/Users/filip/Projects/FridgeManager/FridgeManager/build/DerivedData/Build/Products/Debug-iphonesimulator/include -Xcc -I/Users/filip/Projects/FridgeManager/FridgeManager/build/DerivedData/Build/Intermediates.noindex/FridgeManager.build/Debug-iphonesimulator/FridgeManagerTests.build/DerivedSources-normal/arm64 -Xcc -I/Users/filip/Projects/FridgeManager/FridgeManager/build/DerivedData/Build/Intermediates.noindex/FridgeManager.build/Debug-iphonesimulator/FridgeManagerTests.build/DerivedSources/arm64 -Xcc -I/Users/filip/Projects/FridgeManager/FridgeManager/build/DerivedData/Build/Intermediates.noindex/FridgeManager.build/Debug-iphonesimulator/FridgeManagerTests.build/DerivedSources -Xcc -DDEBUG\=1 -emit-objc-header -emit-objc-header-path /Users/filip/Projects/FridgeManager/FridgeManager/build/DerivedData/Build/Intermediates.noindex/FridgeManager.build/Debug-iphonesimulator/FridgeManagerTests.build/Objects-normal/arm64/FridgeManagerTests-Swift.h -working-directory /Users/filip/Projects/FridgeManager/FridgeManager -experimental-emit-module-separately -disable-cmo

SwiftDriver FridgeManagerUITests normal arm64 com.apple.xcode.tools.swift.compiler (in target 'FridgeManagerUITests' from project 'FridgeManager')
    cd /Users/filip/Projects/FridgeManager/FridgeManager
    builtin-SwiftDriver -- /Applications/Xcode.app/Contents/Developer/Toolchains/XcodeDefault.xctoolchain/usr/bin/swiftc -module-name FridgeManagerUITests -Onone -enforce-exclusivity\=checked @/Users/filip/Projects/FridgeManager/FridgeManager/build/DerivedData/Build/Intermediates.noindex/FridgeManager.build/Debug-iphonesimulator/FridgeManagerUITests.build/Objects-normal/arm64/FridgeManagerUITests.SwiftFileList -DDEBUG -module-alias Testing\=_Testing_Unavailable -plugin-path /Applications/Xcode.app/Contents/Developer/Toolchains/XcodeDefault.xctoolchain/usr/lib/swift/host/plugins/testing -enable-bare-slash-regex -enable-upcoming-feature DisableOutwardActorInference -enable-upcoming-feature InferSendableFromCaptures -enable-upcoming-feature GlobalActorIsolatedTypesUsability -enable-upcoming-feature MemberImportVisibility -enable-upcoming-feature InferIsolatedConformances -enable-upcoming-feature NonisolatedNonsendingByDefault -enable-experimental-feature DebugDescriptionMacro -sdk /Applications/Xcode.app/Contents/Developer/Platforms/iPhoneSimulator.platform/Developer/SDKs/iPhoneSimulator26.2.sdk -target arm64-apple-ios26.2-simulator -g -module-cache-path /Users/filip/Projects/FridgeManager/FridgeManager/build/DerivedData/ModuleCache.noindex -Xfrontend -serialize-debugging-options -profile-coverage-mapping -profile-generate -enable-testing -index-store-path /Users/filip/Projects/FridgeManager/FridgeManager/build/DerivedData/Index.noindex/DataStore -Xcc -D_LIBCPP_HARDENING_MODE\=_LIBCPP_HARDENING_MODE_DEBUG -swift-version 5 -I /Users/filip/Projects/FridgeManager/FridgeManager/build/DerivedData/Build/Products/Debug-iphonesimulator -Isystem /Applications/Xcode.app/Contents/Developer/Platforms/iPhoneSimulator.platform/Developer/usr/lib -F /Users/filip/Projects/FridgeManager/FridgeManager/build/DerivedData/Build/Products/Debug-iphonesimulator -F /Applications/Xcode.app/Contents/Developer/Platforms/iPhoneSimulator.platform/Developer/Library/Frameworks -F /Applications/Xcode.app/Contents/Developer/Platforms/iPhoneSimulator.platform/Developer/SDKs/iPhoneSimulator26.2.sdk/Developer/Library/Frameworks -c -j8 -enable-batch-mode -incremental -Xcc -ivfsstatcache -Xcc /Users/filip/Projects/FridgeManager/FridgeManager/build/DerivedData/SDKStatCaches.noindex/iphonesimulator26.2-23C53-7d00a8b37fbd7999ea79df8ebc024bf0.sdkstatcache -output-file-map /Users/filip/Projects/FridgeManager/FridgeManager/build/DerivedData/Build/Intermediates.noindex/FridgeManager.build/Debug-iphonesimulator/FridgeManagerUITests.build/Objects-normal/arm64/FridgeManagerUITests-OutputFileMap.json -use-frontend-parseable-output -save-temps -no-color-diagnostics -explicit-module-build -module-cache-path /Users/filip/Projects/FridgeManager/FridgeManager/build/DerivedData/Build/Intermediates.noindex/SwiftExplicitPrecompiledModules -clang-scanner-module-cache-path /Users/filip/Projects/FridgeManager/FridgeManager/build/DerivedData/ModuleCache.noindex -sdk-module-cache-path /Users/filip/Projects/FridgeManager/FridgeManager/build/DerivedData/ModuleCache.noindex -serialize-diagnostics -emit-dependencies -emit-module -emit-module-path /Users/filip/Projects/FridgeManager/FridgeManager/build/DerivedData/Build/Intermediates.noindex/FridgeManager.build/Debug-iphonesimulator/FridgeManagerUITests.build/Objects-normal/arm64/FridgeManagerUITests.swiftmodule -validate-clang-modules-once -clang-build-session-file /Users/filip/Projects/FridgeManager/FridgeManager/build/DerivedData/ModuleCache.noindex/Session.modulevalidation -Xcc -I/Users/filip/Projects/FridgeManager/FridgeManager/build/DerivedData/Build/Intermediates.noindex/FridgeManager.build/Debug-iphonesimulator/FridgeManagerUITests.build/swift-overrides.hmap -emit-const-values -Xfrontend -const-gather-protocols-file -Xfrontend /Users/filip/Projects/FridgeManager/FridgeManager/build/DerivedData/Build/Intermediates.noindex/FridgeManager.build/Debug-iphonesimulator/FridgeManagerUITests.build/Objects-normal/arm64/FridgeManagerUITests_const_extract_protocols.json -Xcc -iquote -Xcc /Users/filip/Projects/FridgeManager/FridgeManager/build/DerivedData/Build/Intermediates.noindex/FridgeManager.build/Debug-iphonesimulator/FridgeManagerUITests.build/FridgeManagerUITests-generated-files.hmap -Xcc -I/Users/filip/Projects/FridgeManager/FridgeManager/build/DerivedData/Build/Intermediates.noindex/FridgeManager.build/Debug-iphonesimulator/FridgeManagerUITests.build/FridgeManagerUITests-own-target-headers.hmap -Xcc -I/Users/filip/Projects/FridgeManager/FridgeManager/build/DerivedData/Build/Intermediates.noindex/FridgeManager.build/Debug-iphonesimulator/FridgeManagerUITests.build/FridgeManagerUITests-all-target-headers.hmap -Xcc -iquote -Xcc /Users/filip/Projects/FridgeManager/FridgeManager/build/DerivedData/Build/Intermediates.noindex/FridgeManager.build/Debug-iphonesimulator/FridgeManagerUITests.build/FridgeManagerUITests-project-headers.hmap -Xcc -I/Users/filip/Projects/FridgeManager/FridgeManager/build/DerivedData/Build/Products/Debug-iphonesimulator/include -Xcc -I/Users/filip/Projects/FridgeManager/FridgeManager/build/DerivedData/Build/Intermediates.noindex/FridgeManager.build/Debug-iphonesimulator/FridgeManagerUITests.build/DerivedSources-normal/arm64 -Xcc -I/Users/filip/Projects/FridgeManager/FridgeManager/build/DerivedData/Build/Intermediates.noindex/FridgeManager.build/Debug-iphonesimulator/FridgeManagerUITests.build/DerivedSources/arm64 -Xcc -I/Users/filip/Projects/FridgeManager/FridgeManager/build/DerivedData/Build/Intermediates.noindex/FridgeManager.build/Debug-iphonesimulator/FridgeManagerUITests.build/DerivedSources -Xcc -DDEBUG\=1 -emit-objc-header -emit-objc-header-path /Users/filip/Projects/FridgeManager/FridgeManager/build/DerivedData/Build/Intermediates.noindex/FridgeManager.build/Debug-iphonesimulator/FridgeManagerUITests.build/Objects-normal/arm64/FridgeManagerUITests-Swift.h -working-directory /Users/filip/Projects/FridgeManager/FridgeManager -experimental-emit-module-separately -disable-cmo

ConstructStubExecutorLinkFileList /Users/filip/Projects/FridgeManager/FridgeManager/build/DerivedData/Build/Intermediates.noindex/FridgeManager.build/Debug-iphonesimulator/FridgeManager.build/FridgeManager-ExecutorLinkFileList-normal-arm64.txt (in target 'FridgeManager' from project 'FridgeManager')
    cd /Users/filip/Projects/FridgeManager/FridgeManager
    construct-stub-executor-link-file-list /Users/filip/Projects/FridgeManager/FridgeManager/build/DerivedData/Build/Products/Debug-iphonesimulator/FridgeManager.app/FridgeManager.debug.dylib /Applications/Xcode.app/Contents/Developer/Platforms/iPhoneSimulator.platform/Developer/usr/lib/libPreviewsJITStubExecutor_no_swift_entry_point.a /Applications/Xcode.app/Contents/Developer/Platforms/iPhoneSimulator.platform/Developer/usr/lib/libPreviewsJITStubExecutor.a --output /Users/filip/Projects/FridgeManager/FridgeManager/build/DerivedData/Build/Intermediates.noindex/FridgeManager.build/Debug-iphonesimulator/FridgeManager.build/FridgeManager-ExecutorLinkFileList-normal-arm64.txt
note: Using stub executor library with Swift entry point. (in target 'FridgeManager' from project 'FridgeManager')

Ld /Users/filip/Projects/FridgeManager/FridgeManager/build/DerivedData/Build/Products/Debug-iphonesimulator/FridgeManager.app/FridgeManager normal (in target 'FridgeManager' from project 'FridgeManager')
    cd /Users/filip/Projects/FridgeManager/FridgeManager
    /Applications/Xcode.app/Contents/Developer/Toolchains/XcodeDefault.xctoolchain/usr/bin/clang -Xlinker -reproducible -target arm64-apple-ios26.2-simulator -isysroot /Applications/Xcode.app/Contents/Developer/Platforms/iPhoneSimulator.platform/Developer/SDKs/iPhoneSimulator26.2.sdk -O0 -L/Users/filip/Projects/FridgeManager/FridgeManager/build/DerivedData/Build/Products/Debug-iphonesimulator -F/Users/filip/Projects/FridgeManager/FridgeManager/build/DerivedData/Build/Products/Debug-iphonesimulator -Xlinker -rpath -Xlinker @executable_path -Xlinker -rpath -Xlinker @executable_path/Frameworks -rdynamic -Xlinker -no_deduplicate -Xlinker -objc_abi_version -Xlinker 2 -Xlinker -debug_variant -e ___debug_blank_executor_main -Xlinker -sectcreate -Xlinker __TEXT -Xlinker __debug_dylib -Xlinker /Users/filip/Projects/FridgeManager/FridgeManager/build/DerivedData/Build/Intermediates.noindex/FridgeManager.build/Debug-iphonesimulator/FridgeManager.build/FridgeManager-DebugDylibPath-normal-arm64.txt -Xlinker -sectcreate -Xlinker __TEXT -Xlinker __debug_instlnm -Xlinker /Users/filip/Projects/FridgeManager/FridgeManager/build/DerivedData/Build/Intermediates.noindex/FridgeManager.build/Debug-iphonesimulator/FridgeManager.build/FridgeManager-DebugDylibInstallName-normal-arm64.txt -Xlinker -filelist -Xlinker /Users/filip/Projects/FridgeManager/FridgeManager/build/DerivedData/Build/Intermediates.noindex/FridgeManager.build/Debug-iphonesimulator/FridgeManager.build/FridgeManager-ExecutorLinkFileList-normal-arm64.txt -Xlinker -sectcreate -Xlinker __TEXT -Xlinker __entitlements -Xlinker /Users/filip/Projects/FridgeManager/FridgeManager/build/DerivedData/Build/Intermediates.noindex/FridgeManager.build/Debug-iphonesimulator/FridgeManager.build/FridgeManager.app-Simulated.xcent -Xlinker -sectcreate -Xlinker __TEXT -Xlinker __ents_der -Xlinker /Users/filip/Projects/FridgeManager/FridgeManager/build/DerivedData/Build/Intermediates.noindex/FridgeManager.build/Debug-iphonesimulator/FridgeManager.build/FridgeManager.app-Simulated.xcent.der /Users/filip/Projects/FridgeManager/FridgeManager/build/DerivedData/Build/Products/Debug-iphonesimulator/FridgeManager.app/FridgeManager.debug.dylib -Xlinker -no_adhoc_codesign -o /Users/filip/Projects/FridgeManager/FridgeManager/build/DerivedData/Build/Products/Debug-iphonesimulator/FridgeManager.app/FridgeManager

PhaseScriptExecution Regenerate\ App\ Icons /Users/filip/Projects/FridgeManager/FridgeManager/build/DerivedData/Build/Intermediates.noindex/FridgeManager.build/Debug-iphonesimulator/FridgeManager.build/Script-DC67E1A12F477BA8008BD0B7.sh (in target 'FridgeManager' from project 'FridgeManager')
    cd /Users/filip/Projects/FridgeManager/FridgeManager
    export ACTION\=build
    export AD_HOC_CODE_SIGNING_ALLOWED\=YES
    export AGGREGATE_TRACKED_DOMAINS\=YES
    export ALLOW_BUILD_REQUEST_OVERRIDES\=NO
    export ALLOW_TARGET_PLATFORM_SPECIALIZATION\=NO
    export ALTERNATE_GROUP\=staff
    export ALTERNATE_MODE\=u+w,go-w,a+rX
    export ALTERNATE_OWNER\=filip
    export ALTERNATIVE_DISTRIBUTION_WEB\=NO
    export ALWAYS_EMBED_SWIFT_STANDARD_LIBRARIES\=NO
    export ALWAYS_SEARCH_USER_PATHS\=NO
    export ALWAYS_USE_SEPARATE_HEADERMAPS\=NO
    export APPLICATION_EXTENSION_API_ONLY\=NO
    export APPLY_RULES_IN_COPY_FILES\=NO
    export APPLY_RULES_IN_COPY_HEADERS\=NO
    export APP_SHORTCUTS_ENABLE_FLEXIBLE_MATCHING\=YES
    export ARCHS\=arm64
    export ARCHS_STANDARD\=arm64\ x86_64
    export ARCHS_STANDARD_32_64_BIT\=arm64\ x86_64
    export ARCHS_STANDARD_64_BIT\=arm64\ x86_64
    export ARCHS_STANDARD_INCLUDING_64_BIT\=arm64\ x86_64
    export ARCHS_UNIVERSAL_IPHONE_OS\=arm64\ x86_64
    export ASSETCATALOG_COMPILER_APPICON_NAME\=AppIcon
    export ASSETCATALOG_COMPILER_GENERATE_SWIFT_ASSET_SYMBOL_EXTENSIONS\=YES
    export ASSETCATALOG_COMPILER_GLOBAL_ACCENT_COLOR_NAME\=AccentColor
    export ASSETCATALOG_FILTER_FOR_DEVICE_MODEL\=iPhone18,3
    export ASSETCATALOG_FILTER_FOR_DEVICE_OS_VERSION\=26.2
    export ASSETCATALOG_FILTER_FOR_THINNING_DEVICE_CONFIGURATION\=iPhone18,3
    export AUTOMATICALLY_MERGE_DEPENDENCIES\=NO
    export AUTOMATION_APPLE_EVENTS\=NO
    export AVAILABLE_PLATFORMS\=android\ appletvos\ appletvsimulator\ driverkit\ iphoneos\ iphonesimulator\ macosx\ qnx\ watchos\ watchsimulator\ webassembly\ xros\ xrsimulator
    export AppIdentifierPrefix\=22L5CCVC3A.
    export BUILD_ACTIVE_RESOURCES_ONLY\=YES
    export BUILD_COMPONENTS\=headers\ build
    export BUILD_DIR\=/Users/filip/Projects/FridgeManager/FridgeManager/build/DerivedData/Build/Products
    export BUILD_LIBRARY_FOR_DISTRIBUTION\=NO
    export BUILD_ROOT\=/Users/filip/Projects/FridgeManager/FridgeManager/build/DerivedData/Build/Products
    export BUILD_STYLE\=
    export BUILD_VARIANTS\=normal
    export BUILT_PRODUCTS_DIR\=/Users/filip/Projects/FridgeManager/FridgeManager/build/DerivedData/Build/Products/Debug-iphonesimulator
    export BUNDLE_CONTENTS_FOLDER_PATH_deep\=Contents/
    export BUNDLE_EXECUTABLE_FOLDER_NAME_deep\=MacOS
    export BUNDLE_EXTENSIONS_FOLDER_PATH\=Extensions
    export BUNDLE_FORMAT\=shallow
    export BUNDLE_FRAMEWORKS_FOLDER_PATH\=Frameworks
    export BUNDLE_PLUGINS_FOLDER_PATH\=PlugIns
    export BUNDLE_PRIVATE_HEADERS_FOLDER_PATH\=PrivateHeaders
    export BUNDLE_PUBLIC_HEADERS_FOLDER_PATH\=Headers
    export CACHE_ROOT\=/var/folders/kt/m_rtgb2s5nn7js3w8syxf5nw0000gn/C/com.apple.DeveloperTools/26.2-17C52/Xcode
    export CCHROOT\=/var/folders/kt/m_rtgb2s5nn7js3w8syxf5nw0000gn/C/com.apple.DeveloperTools/26.2-17C52/Xcode
    export CHMOD\=/bin/chmod
    export CHOWN\=/usr/sbin/chown
    export CLANG_ANALYZER_NONNULL\=YES
    export CLANG_ANALYZER_NUMBER_OBJECT_CONVERSION\=YES_AGGRESSIVE
    export CLANG_CACHE_FINE_GRAINED_OUTPUTS\=YES
    export CLANG_COVERAGE_MAPPING\=YES
    export CLANG_CXX_LANGUAGE_STANDARD\=gnu++20
    export CLANG_ENABLE_EXPLICIT_MODULES\=YES
    export CLANG_ENABLE_MODULES\=YES
    export CLANG_ENABLE_OBJC_ARC\=YES
    export CLANG_ENABLE_OBJC_WEAK\=YES
    export CLANG_MODULES_BUILD_SESSION_FILE\=/Users/filip/Projects/FridgeManager/FridgeManager/build/DerivedData/ModuleCache.noindex/Session.modulevalidation
    export CLANG_PROFILE_DATA_DIRECTORY\=/Users/filip/Projects/FridgeManager/FridgeManager/build/DerivedData/Build/ProfileData
    export CLANG_WARN_BLOCK_CAPTURE_AUTORELEASING\=YES
    export CLANG_WARN_BOOL_CONVERSION\=YES
    export CLANG_WARN_COMMA\=YES
    export CLANG_WARN_CONSTANT_CONVERSION\=YES
    export CLANG_WARN_DEPRECATED_OBJC_IMPLEMENTATIONS\=YES
    export CLANG_WARN_DIRECT_OBJC_ISA_USAGE\=YES_ERROR
    export CLANG_WARN_DOCUMENTATION_COMMENTS\=YES
    export CLANG_WARN_EMPTY_BODY\=YES
    export CLANG_WARN_ENUM_CONVERSION\=YES
    export CLANG_WARN_INFINITE_RECURSION\=YES
    export CLANG_WARN_INT_CONVERSION\=YES
    export CLANG_WARN_NON_LITERAL_NULL_CONVERSION\=YES
    export CLANG_WARN_OBJC_IMPLICIT_RETAIN_SELF\=YES
    export CLANG_WARN_OBJC_LITERAL_CONVERSION\=YES
    export CLANG_WARN_OBJC_ROOT_CLASS\=YES_ERROR
    export CLANG_WARN_QUOTED_INCLUDE_IN_FRAMEWORK_HEADER\=YES
    export CLANG_WARN_RANGE_LOOP_ANALYSIS\=YES
    export CLANG_WARN_STRICT_PROTOTYPES\=YES
    export CLANG_WARN_SUSPICIOUS_MOVE\=YES
    export CLANG_WARN_UNGUARDED_AVAILABILITY\=YES_AGGRESSIVE
    export CLANG_WARN_UNREACHABLE_CODE\=YES
    export CLANG_WARN__DUPLICATE_METHOD_MATCH\=YES
    export CLASS_FILE_DIR\=/Users/filip/Projects/FridgeManager/FridgeManager/build/DerivedData/Build/Intermediates.noindex/FridgeManager.build/Debug-iphonesimulator/FridgeManager.build/JavaClasses
    export CLEAN_PRECOMPS\=YES
    export CLONE_HEADERS\=NO
    export CODESIGNING_FOLDER_PATH\=/Users/filip/Projects/FridgeManager/FridgeManager/build/DerivedData/Build/Products/Debug-iphonesimulator/FridgeManager.app
    export CODE_SIGNING_ALLOWED\=YES
    export CODE_SIGNING_REQUIRED\=YES
    export CODE_SIGN_CONTEXT_CLASS\=XCiPhoneSimulatorCodeSignContext
    export CODE_SIGN_IDENTITY\=-
    export CODE_SIGN_INJECT_BASE_ENTITLEMENTS\=YES
    export CODE_SIGN_STYLE\=Automatic
    export COLOR_DIAGNOSTICS\=NO
    export COMBINE_HIDPI_IMAGES\=NO
    export COMPILATION_CACHE_CAS_PATH\=/Users/filip/Projects/FridgeManager/FridgeManager/build/DerivedData/CompilationCache.noindex
    export COMPILATION_CACHE_KEEP_CAS_DIRECTORY\=YES
    export COMPILER_INDEX_STORE_ENABLE\=Default
    export COMPOSITE_SDK_DIRS\=/Users/filip/Projects/FridgeManager/FridgeManager/build/DerivedData/Build/Intermediates.noindex/CompositeSDKs
    export COMPRESS_PNG_FILES\=YES
    export CONFIGURATION\=Debug
    export CONFIGURATION_BUILD_DIR\=/Users/filip/Projects/FridgeManager/FridgeManager/build/DerivedData/Build/Products/Debug-iphonesimulator
    export CONFIGURATION_TEMP_DIR\=/Users/filip/Projects/FridgeManager/FridgeManager/build/DerivedData/Build/Intermediates.noindex/FridgeManager.build/Debug-iphonesimulator
    export CONTENTS_FOLDER_PATH\=FridgeManager.app
    export CONTENTS_FOLDER_PATH_SHALLOW_BUNDLE_NO\=FridgeManager.app/Contents
    export CONTENTS_FOLDER_PATH_SHALLOW_BUNDLE_YES\=FridgeManager.app
    export COPYING_PRESERVES_HFS_DATA\=NO
    export COPY_HEADERS_RUN_UNIFDEF\=NO
    export COPY_PHASE_STRIP\=NO
    export CORRESPONDING_DEVICE_PLATFORM_DIR\=/Applications/Xcode.app/Contents/Developer/Platforms/iPhoneOS.platform
    export CORRESPONDING_DEVICE_PLATFORM_NAME\=iphoneos
    export CORRESPONDING_DEVICE_SDK_DIR\=/Applications/Xcode.app/Contents/Developer/Platforms/iPhoneOS.platform/Developer/SDKs/iPhoneOS26.2.sdk
    export CORRESPONDING_DEVICE_SDK_NAME\=iphoneos26.2
    export CP\=/bin/cp
    export CREATE_INFOPLIST_SECTION_IN_BINARY\=NO
    export CURRENT_ARCH\=undefined_arch
    export CURRENT_PROJECT_VERSION\=1
    export CURRENT_VARIANT\=normal
    export DEAD_CODE_STRIPPING\=YES
    export DEBUGGING_SYMBOLS\=YES
    export DEBUG_INFORMATION_FORMAT\=dwarf
    export DEBUG_INFORMATION_VERSION\=compiler-default
    export DEFAULT_COMPILER\=com.apple.compilers.llvm.clang.1_0
    export DEFAULT_DEXT_INSTALL_PATH\=/System/Library/DriverExtensions
    export DEFAULT_KEXT_INSTALL_PATH\=/System/Library/Extensions
    export DEFINES_MODULE\=NO
    export DEPLOYMENT_LOCATION\=NO
    export DEPLOYMENT_POSTPROCESSING\=NO
    export DEPLOYMENT_TARGET_SETTING_NAME\=IPHONEOS_DEPLOYMENT_TARGET
    export DEPLOYMENT_TARGET_SUGGESTED_VALUES\=12.0\ 12.1\ 12.2\ 12.3\ 12.4\ 13.0\ 13.1\ 13.2\ 13.3\ 13.4\ 13.5\ 13.6\ 14.0\ 14.1\ 14.2\ 14.3\ 14.4\ 14.5\ 14.6\ 14.7\ 15.0\ 15.1\ 15.2\ 15.3\ 15.4\ 15.5\ 15.6\ 16.0\ 16.1\ 16.2\ 16.3\ 16.4\ 16.5\ 16.6\ 17.0\ 17.1\ 17.2\ 17.3\ 17.4\ 17.5\ 17.6\ 18.0\ 18.1\ 18.2\ 18.3\ 18.4\ 18.5\ 18.6\ 26.0\ 26.1\ 26.2
    export DERIVED_FILES_DIR\=/Users/filip/Projects/FridgeManager/FridgeManager/build/DerivedData/Build/Intermediates.noindex/FridgeManager.build/Debug-iphonesimulator/FridgeManager.build/DerivedSources
    export DERIVED_FILE_DIR\=/Users/filip/Projects/FridgeManager/FridgeManager/build/DerivedData/Build/Intermediates.noindex/FridgeManager.build/Debug-iphonesimulator/FridgeManager.build/DerivedSources
    export DERIVED_SOURCES_DIR\=/Users/filip/Projects/FridgeManager/FridgeManager/build/DerivedData/Build/Intermediates.noindex/FridgeManager.build/Debug-iphonesimulator/FridgeManager.build/DerivedSources
    export DEVELOPER_APPLICATIONS_DIR\=/Applications/Xcode.app/Contents/Developer/Applications
    export DEVELOPER_BIN_DIR\=/Applications/Xcode.app/Contents/Developer/usr/bin
    export DEVELOPER_DIR\=/Applications/Xcode.app/Contents/Developer
    export DEVELOPER_FRAMEWORKS_DIR\=/Applications/Xcode.app/Contents/Developer/Library/Frameworks
    export DEVELOPER_FRAMEWORKS_DIR_QUOTED\=/Applications/Xcode.app/Contents/Developer/Library/Frameworks
    export DEVELOPER_LIBRARY_DIR\=/Applications/Xcode.app/Contents/Developer/Library
    export DEVELOPER_SDK_DIR\=/Applications/Xcode.app/Contents/Developer/Platforms/MacOSX.platform/Developer/SDKs
    export DEVELOPER_TOOLS_DIR\=/Applications/Xcode.app/Contents/Developer/Tools
    export DEVELOPER_USR_DIR\=/Applications/Xcode.app/Contents/Developer/usr
    export DEVELOPMENT_LANGUAGE\=en
    export DEVELOPMENT_TEAM\=22L5CCVC3A
    export DIAGNOSE_MISSING_TARGET_DEPENDENCIES\=YES
    export DIFF\=/usr/bin/diff
    export DOCUMENTATION_FOLDER_PATH\=FridgeManager.app/en.lproj/Documentation
    export DONT_GENERATE_INFOPLIST_FILE\=NO
    export DSTROOT\=/tmp/FridgeManager.dst
    export DT_TOOLCHAIN_DIR\=/Applications/Xcode.app/Contents/Developer/Toolchains/XcodeDefault.xctoolchain
    export DWARF_DSYM_FILE_NAME\=FridgeManager.app.dSYM
    export DWARF_DSYM_FILE_SHOULD_ACCOMPANY_PRODUCT\=NO
    export DWARF_DSYM_FOLDER_PATH\=/Users/filip/Projects/FridgeManager/FridgeManager/build/DerivedData/Build/Products/Debug-iphonesimulator
    export DYNAMIC_LIBRARY_EXTENSION\=dylib
    export EAGER_COMPILATION_ALLOW_SCRIPTS\=YES
    export EAGER_LINKING\=NO
    export EFFECTIVE_PLATFORM_NAME\=-iphonesimulator
    export EMBEDDED_CONTENT_CONTAINS_SWIFT\=NO
    export EMBED_ASSET_PACKS_IN_PRODUCT_BUNDLE\=NO
    export ENABLE_APP_SANDBOX\=NO
    export ENABLE_CODE_COVERAGE\=YES
    export ENABLE_CPLUSPLUS_BOUNDS_SAFE_BUFFERS\=NO
    export ENABLE_C_BOUNDS_SAFETY\=NO
    export ENABLE_DEBUG_DYLIB\=YES
    export ENABLE_DEFAULT_HEADER_SEARCH_PATHS\=YES
    export ENABLE_DEFAULT_SEARCH_PATHS\=YES
    export ENABLE_ENHANCED_SECURITY\=NO
    export ENABLE_HARDENED_RUNTIME\=NO
    export ENABLE_HEADER_DEPENDENCIES\=YES
    export ENABLE_INCOMING_NETWORK_CONNECTIONS\=NO
    export ENABLE_ON_DEMAND_RESOURCES\=YES
    export ENABLE_OUTGOING_NETWORK_CONNECTIONS\=NO
    export ENABLE_POINTER_AUTHENTICATION\=NO
    export ENABLE_PREVIEWS\=NO
    export ENABLE_RESOURCE_ACCESS_AUDIO_INPUT\=NO
    export ENABLE_RESOURCE_ACCESS_BLUETOOTH\=NO
    export ENABLE_RESOURCE_ACCESS_CALENDARS\=NO
    export ENABLE_RESOURCE_ACCESS_CAMERA\=NO
    export ENABLE_RESOURCE_ACCESS_CONTACTS\=NO
    export ENABLE_RESOURCE_ACCESS_LOCATION\=NO
    export ENABLE_RESOURCE_ACCESS_PHOTO_LIBRARY\=NO
    export ENABLE_RESOURCE_ACCESS_PRINTING\=NO
    export ENABLE_RESOURCE_ACCESS_USB\=NO
    export ENABLE_SDK_IMPORTS\=NO
    export ENABLE_SECURITY_COMPILER_WARNINGS\=NO
    export ENABLE_STRICT_OBJC_MSGSEND\=YES
    export ENABLE_TESTABILITY\=YES
    export ENABLE_TESTING_SEARCH_PATHS\=NO
    export ENABLE_USER_SCRIPT_SANDBOXING\=YES
    export ENABLE_XOJIT_PREVIEWS\=YES
    export ENFORCE_VALID_ARCHS\=YES
    export ENTITLEMENTS_ALLOWED\=NO
    export ENTITLEMENTS_DESTINATION\=__entitlements
    export ENTITLEMENTS_REQUIRED\=NO
    export EXCLUDED_INSTALLSRC_SUBDIRECTORY_PATTERNS\=.DS_Store\ .svn\ .git\ .hg\ CVS
    export EXCLUDED_RECURSIVE_SEARCH_PATH_SUBDIRECTORIES\=\*.nib\ \*.lproj\ \*.framework\ \*.gch\ \*.xcode\*\ \*.xcassets\ \*.icon\ \(\*\)\ .DS_Store\ CVS\ .svn\ .git\ .hg\ \*.pbproj\ \*.pbxproj
    export EXECUTABLES_FOLDER_PATH\=FridgeManager.app/Executables
    export EXECUTABLE_BLANK_INJECTION_DYLIB_PATH\=FridgeManager.app/__preview.dylib
    export EXECUTABLE_DEBUG_DYLIB_INSTALL_NAME\=@rpath/FridgeManager.debug.dylib
    export EXECUTABLE_DEBUG_DYLIB_PATH\=FridgeManager.app/FridgeManager.debug.dylib
    export EXECUTABLE_FOLDER_PATH\=FridgeManager.app
    export EXECUTABLE_FOLDER_PATH_SHALLOW_BUNDLE_NO\=FridgeManager.app/MacOS
    export EXECUTABLE_FOLDER_PATH_SHALLOW_BUNDLE_YES\=FridgeManager.app
    export EXECUTABLE_NAME\=FridgeManager
    export EXECUTABLE_PATH\=FridgeManager.app/FridgeManager
    export EXPANDED_CODE_SIGN_IDENTITY\=-
    export EXPANDED_CODE_SIGN_IDENTITY_NAME\=Sign\ to\ Run\ Locally
    export EXTENSIONS_FOLDER_PATH\=FridgeManager.app/Extensions
    export FILE_LIST\=/Users/filip/Projects/FridgeManager/FridgeManager/build/DerivedData/Build/Intermediates.noindex/FridgeManager.build/Debug-iphonesimulator/FridgeManager.build/Objects/LinkFileList
    export FIXED_FILES_DIR\=/Users/filip/Projects/FridgeManager/FridgeManager/build/DerivedData/Build/Intermediates.noindex/FridgeManager.build/Debug-iphonesimulator/FridgeManager.build/FixedFiles
    export FRAMEWORKS_FOLDER_PATH\=FridgeManager.app/Frameworks
    export FRAMEWORK_FLAG_PREFIX\=-framework
    export FRAMEWORK_SEARCH_PATHS\=/Users/filip/Projects/FridgeManager/FridgeManager/build/DerivedData/Build/Products/Debug-iphonesimulator\ 
    export FRAMEWORK_VERSION\=A
    export FULL_PRODUCT_NAME\=FridgeManager.app
    export FUSE_BUILD_PHASES\=YES
    export FUSE_BUILD_SCRIPT_PHASES\=NO
    export GCC3_VERSION\=3.3
    export GCC_C_LANGUAGE_STANDARD\=gnu17
    export GCC_DYNAMIC_NO_PIC\=NO
    export GCC_INLINES_ARE_PRIVATE_EXTERN\=YES
    export GCC_NO_COMMON_BLOCKS\=YES
    export GCC_OBJC_LEGACY_DISPATCH\=YES
    export GCC_OPTIMIZATION_LEVEL\=0
    export GCC_PFE_FILE_C_DIALECTS\=c\ objective-c\ c++\ objective-c++
    export GCC_PREPROCESSOR_DEFINITIONS\=DEBUG\=1\ 
    export GCC_SYMBOLS_PRIVATE_EXTERN\=NO
    export GCC_TREAT_WARNINGS_AS_ERRORS\=NO
    export GCC_VERSION\=com.apple.compilers.llvm.clang.1_0
    export GCC_VERSION_IDENTIFIER\=com_apple_compilers_llvm_clang_1_0
    export GCC_WARN_64_TO_32_BIT_CONVERSION\=YES
    export GCC_WARN_ABOUT_RETURN_TYPE\=YES_ERROR
    export GCC_WARN_UNDECLARED_SELECTOR\=YES
    export GCC_WARN_UNINITIALIZED_AUTOS\=YES_AGGRESSIVE
    export GCC_WARN_UNUSED_FUNCTION\=YES
    export GCC_WARN_UNUSED_VARIABLE\=YES
    export GENERATED_MODULEMAP_DIR\=/Users/filip/Projects/FridgeManager/FridgeManager/build/DerivedData/Build/Intermediates.noindex/GeneratedModuleMaps-iphonesimulator
    export GENERATE_INFOPLIST_FILE\=YES
    export GENERATE_INTERMEDIATE_TEXT_BASED_STUBS\=YES
    export GENERATE_PKGINFO_FILE\=YES
    export GENERATE_PRELINK_OBJECT_FILE\=NO
    export GENERATE_PROFILING_CODE\=NO
    export GENERATE_TEXT_BASED_STUBS\=NO
    export GID\=20
    export GROUP\=staff
    export HEADERMAP_INCLUDES_FLAT_ENTRIES_FOR_TARGET_BEING_BUILT\=YES
    export HEADERMAP_INCLUDES_FRAMEWORK_ENTRIES_FOR_ALL_PRODUCT_TYPES\=YES
    export HEADERMAP_INCLUDES_FRAMEWORK_ENTRIES_FOR_TARGETS_NOT_BEING_BUILT\=YES
    export HEADERMAP_INCLUDES_NONPUBLIC_NONPRIVATE_HEADERS\=YES
    export HEADERMAP_INCLUDES_PROJECT_HEADERS\=YES
    export HEADERMAP_USES_FRAMEWORK_PREFIX_ENTRIES\=YES
    export HEADERMAP_USES_VFS\=NO
    export HEADER_SEARCH_PATHS\=/Users/filip/Projects/FridgeManager/FridgeManager/build/DerivedData/Build/Products/Debug-iphonesimulator/include\ 
    export HOME\=/Users/filip
    export HOST_ARCH\=arm64
    export HOST_PLATFORM\=macosx
    export ICONV\=/usr/bin/iconv
    export IMPLICIT_DEPENDENCY_DOMAIN\=default
    export INFOPLIST_ENABLE_CFBUNDLEICONS_MERGE\=YES
    export INFOPLIST_EXPAND_BUILD_SETTINGS\=YES
    export INFOPLIST_KEY_UIApplicationSceneManifest_Generation\=YES
    export INFOPLIST_KEY_UIApplicationSupportsIndirectInputEvents\=YES
    export INFOPLIST_KEY_UILaunchScreen_Generation\=YES
    export INFOPLIST_KEY_UISupportedInterfaceOrientations_iPad\=UIInterfaceOrientationPortrait\ UIInterfaceOrientationPortraitUpsideDown\ UIInterfaceOrientationLandscapeLeft\ UIInterfaceOrientationLandscapeRight
    export INFOPLIST_KEY_UISupportedInterfaceOrientations_iPhone\=UIInterfaceOrientationPortrait\ UIInterfaceOrientationLandscapeLeft\ UIInterfaceOrientationLandscapeRight
    export INFOPLIST_OUTPUT_FORMAT\=binary
    export INFOPLIST_PATH\=FridgeManager.app/Info.plist
    export INFOPLIST_PREPROCESS\=NO
    export INFOSTRINGS_PATH\=FridgeManager.app/en.lproj/InfoPlist.strings
    export INLINE_PRIVATE_FRAMEWORKS\=NO
    export INSTALLAPI_IGNORE_SKIP_INSTALL\=YES
    export INSTALLHDRS_COPY_PHASE\=NO
    export INSTALLHDRS_SCRIPT_PHASE\=NO
    export INSTALL_DIR\=/tmp/FridgeManager.dst/Applications
    export INSTALL_GROUP\=staff
    export INSTALL_MODE_FLAG\=u+w,go-w,a+rX
    export INSTALL_OWNER\=filip
    export INSTALL_PATH\=/Applications
    export INSTALL_ROOT\=/tmp/FridgeManager.dst
    export IPHONEOS_DEPLOYMENT_TARGET\=26.2
    export IS_UNOPTIMIZED_BUILD\=YES
    export JAVAC_DEFAULT_FLAGS\=-J-Xms64m\ -J-XX:NewSize\=4M\ -J-Dfile.encoding\=UTF8
    export JAVA_APP_STUB\=/System/Library/Frameworks/JavaVM.framework/Resources/MacOS/JavaApplicationStub
    export JAVA_ARCHIVE_CLASSES\=YES
    export JAVA_ARCHIVE_TYPE\=JAR
    export JAVA_COMPILER\=/usr/bin/javac
    export JAVA_FOLDER_PATH\=FridgeManager.app/Java
    export JAVA_FRAMEWORK_RESOURCES_DIRS\=Resources
    export JAVA_JAR_FLAGS\=cv
    export JAVA_SOURCE_SUBDIR\=.
    export JAVA_USE_DEPENDENCIES\=YES
    export JAVA_ZIP_FLAGS\=-urg
    export JIKES_DEFAULT_FLAGS\=+E\ +OLDCSO
    export KEEP_PRIVATE_EXTERNS\=NO
    export LD_DEPENDENCY_INFO_FILE\=/Users/filip/Projects/FridgeManager/FridgeManager/build/DerivedData/Build/Intermediates.noindex/FridgeManager.build/Debug-iphonesimulator/FridgeManager.build/Objects-normal/undefined_arch/FridgeManager_dependency_info.dat
    export LD_ENTITLEMENTS_SECTION\=/Users/filip/Projects/FridgeManager/FridgeManager/build/DerivedData/Build/Intermediates.noindex/FridgeManager.build/Debug-iphonesimulator/FridgeManager.build/FridgeManager.app-Simulated.xcent
    export LD_ENTITLEMENTS_SECTION_DER\=/Users/filip/Projects/FridgeManager/FridgeManager/build/DerivedData/Build/Intermediates.noindex/FridgeManager.build/Debug-iphonesimulator/FridgeManager.build/FridgeManager.app-Simulated.xcent.der
    export LD_EXPORT_SYMBOLS\=YES
    export LD_GENERATE_MAP_FILE\=NO
    export LD_MAP_FILE_PATH\=/Users/filip/Projects/FridgeManager/FridgeManager/build/DerivedData/Build/Intermediates.noindex/FridgeManager.build/Debug-iphonesimulator/FridgeManager.build/FridgeManager-LinkMap-normal-undefined_arch.txt
    export LD_NO_PIE\=NO
    export LD_QUOTE_LINKER_ARGUMENTS_FOR_COMPILER_DRIVER\=YES
    export LD_RUNPATH_SEARCH_PATHS\=\ @executable_path/Frameworks
    export LD_RUNPATH_SEARCH_PATHS_YES\=@loader_path/../Frameworks
    export LD_SHARED_CACHE_ELIGIBLE\=Automatic
    export LD_WARN_DUPLICATE_LIBRARIES\=NO
    export LD_WARN_UNUSED_DYLIBS\=NO
    export LEGACY_DEVELOPER_DIR\=/Applications/Xcode.app/Contents/PlugIns/Xcode3Core.ideplugin/Contents/SharedSupport/Developer
    export LEX\=lex
    export LIBRARY_DEXT_INSTALL_PATH\=/Library/DriverExtensions
    export LIBRARY_FLAG_NOSPACE\=YES
    export LIBRARY_FLAG_PREFIX\=-l
    export LIBRARY_KEXT_INSTALL_PATH\=/Library/Extensions
    export LIBRARY_SEARCH_PATHS\=/Users/filip/Projects/FridgeManager/FridgeManager/build/DerivedData/Build/Products/Debug-iphonesimulator\ 
    export LINKER_DISPLAYS_MANGLED_NAMES\=NO
    export LINK_FILE_LIST_normal_arm64\=/Users/filip/Projects/FridgeManager/FridgeManager/build/DerivedData/Build/Intermediates.noindex/FridgeManager.build/Debug-iphonesimulator/FridgeManager.build/Objects-normal/arm64/FridgeManager.LinkFileList
    export LINK_OBJC_RUNTIME\=YES
    export LINK_WITH_STANDARD_LIBRARIES\=YES
    export LLVM_TARGET_TRIPLE_OS_VERSION\=ios26.2
    export LLVM_TARGET_TRIPLE_SUFFIX\=-simulator
    export LLVM_TARGET_TRIPLE_VENDOR\=apple
    export LM_AUX_CONST_METADATA_LIST_PATH_normal_arm64\=/Users/filip/Projects/FridgeManager/FridgeManager/build/DerivedData/Build/Intermediates.noindex/FridgeManager.build/Debug-iphonesimulator/FridgeManager.build/Objects-normal/arm64/FridgeManager.SwiftConstValuesFileList
    export LOCALIZATION_EXPORT_SUPPORTED\=YES
    export LOCALIZATION_PREFERS_STRING_CATALOGS\=YES
    export LOCALIZED_RESOURCES_FOLDER_PATH\=FridgeManager.app/en.lproj
    export LOCALIZED_STRING_MACRO_NAMES\=NSLocalizedString\ CFCopyLocalizedString
    export LOCALIZED_STRING_SWIFTUI_SUPPORT\=YES
    export LOCAL_ADMIN_APPS_DIR\=/Applications/Utilities
    export LOCAL_APPS_DIR\=/Applications
    export LOCAL_DEVELOPER_DIR\=/Library/Developer
    export LOCAL_LIBRARY_DIR\=/Library
    export LOCROOT\=/Users/filip/Projects/FridgeManager/FridgeManager
    export LOCSYMROOT\=/Users/filip/Projects/FridgeManager/FridgeManager
    export MACH_O_TYPE\=mh_execute
    export MAC_OS_X_PRODUCT_BUILD_VERSION\=25D125
    export MAC_OS_X_VERSION_ACTUAL\=260300
    export MAC_OS_X_VERSION_MAJOR\=260000
    export MAC_OS_X_VERSION_MINOR\=260300
    export MAKE_MERGEABLE\=NO
    export MARKETING_VERSION\=1.0
    export MERGEABLE_LIBRARY\=NO
    export MERGED_BINARY_TYPE\=none
    export MERGE_LINKED_LIBRARIES\=NO
    export METAL_LIBRARY_FILE_BASE\=default
    export METAL_LIBRARY_OUTPUT_DIR\=/Users/filip/Projects/FridgeManager/FridgeManager/build/DerivedData/Build/Products/Debug-iphonesimulator/FridgeManager.app
    export MODULES_FOLDER_PATH\=FridgeManager.app/Modules
    export MODULE_CACHE_DIR\=/Users/filip/Projects/FridgeManager/FridgeManager/build/DerivedData/ModuleCache.noindex
    export MTL_ENABLE_DEBUG_INFO\=INCLUDE_SOURCE
    export MTL_FAST_MATH\=YES
    export NATIVE_ARCH\=arm64
    export NATIVE_ARCH_32_BIT\=arm
    export NATIVE_ARCH_64_BIT\=arm64
    export NATIVE_ARCH_ACTUAL\=arm64
    export NO_COMMON\=YES
    export OBJC_ABI_VERSION\=2
    export OBJECT_FILE_DIR\=/Users/filip/Projects/FridgeManager/FridgeManager/build/DerivedData/Build/Intermediates.noindex/FridgeManager.build/Debug-iphonesimulator/FridgeManager.build/Objects
    export OBJECT_FILE_DIR_normal\=/Users/filip/Projects/FridgeManager/FridgeManager/build/DerivedData/Build/Intermediates.noindex/FridgeManager.build/Debug-iphonesimulator/FridgeManager.build/Objects-normal
    export OBJROOT\=/Users/filip/Projects/FridgeManager/FridgeManager/build/DerivedData/Build/Intermediates.noindex
    export ONLY_ACTIVE_ARCH\=YES
    export OS\=MACOS
    export OSAC\=/usr/bin/osacompile
    export PACKAGE_TYPE\=com.apple.package-type.wrapper.application
    export PASCAL_STRINGS\=YES
    export PATH\=/Applications/Xcode.app/Contents/SharedFrameworks/SwiftBuild.framework/Versions/A/PlugIns/SWBBuildService.bundle/Contents/PlugIns/SWBUniversalPlatformPlugin.bundle/Contents/Frameworks/SWBUniversalPlatform.framework/Resources:/Applications/Xcode.app/Contents/Developer/Toolchains/XcodeDefault.xctoolchain/usr/bin:/Applications/Xcode.app/Contents/Developer/Toolchains/XcodeDefault.xctoolchain/usr/local/bin:/Applications/Xcode.app/Contents/Developer/Toolchains/XcodeDefault.xctoolchain/usr/libexec:/Applications/Xcode.app/Contents/Developer/Platforms/iPhoneSimulator.platform/usr/bin:/Applications/Xcode.app/Contents/Developer/Platforms/iPhoneSimulator.platform/usr/local/bin:/Applications/Xcode.app/Contents/Developer/Platforms/iPhoneSimulator.platform/Developer/usr/bin:/Applications/Xcode.app/Contents/Developer/Platforms/iPhoneSimulator.platform/Developer/usr/local/bin:/Applications/Xcode.app/Contents/Developer/usr/bin:/Applications/Xcode.app/Contents/Developer/usr/local/bin:/usr/local/bin:/System/Cryptexes/App/usr/bin:/usr/bin:/bin:/usr/sbin:/sbin:/var/run/com.apple.security.cryptexd/codex.system/bootstrap/usr/local/bin:/var/run/com.apple.security.cryptexd/codex.system/bootstrap/usr/bin:/var/run/com.apple.security.cryptexd/codex.system/bootstrap/usr/appleinternal/bin:/opt/pmk/env/global/bin:/Library/Apple/usr/bin:/usr/local/share/dotnet:/opt/homebrew/bin:/opt/homebrew/sbin
    export PATH_PREFIXES_EXCLUDED_FROM_HEADER_DEPENDENCIES\=/usr/include\ /usr/local/include\ /System/Library/Frameworks\ /System/Library/PrivateFrameworks\ /Applications/Xcode.app/Contents/Developer/Headers\ /Applications/Xcode.app/Contents/Developer/SDKs\ /Applications/Xcode.app/Contents/Developer/Platforms
    export PBDEVELOPMENTPLIST_PATH\=FridgeManager.app/pbdevelopment.plist
    export PER_ARCH_MODULE_FILE_DIR\=/Users/filip/Projects/FridgeManager/FridgeManager/build/DerivedData/Build/Intermediates.noindex/FridgeManager.build/Debug-iphonesimulator/FridgeManager.build/Objects-normal/undefined_arch
    export PER_ARCH_OBJECT_FILE_DIR\=/Users/filip/Projects/FridgeManager/FridgeManager/build/DerivedData/Build/Intermediates.noindex/FridgeManager.build/Debug-iphonesimulator/FridgeManager.build/Objects-normal/undefined_arch
    export PER_VARIANT_OBJECT_FILE_DIR\=/Users/filip/Projects/FridgeManager/FridgeManager/build/DerivedData/Build/Intermediates.noindex/FridgeManager.build/Debug-iphonesimulator/FridgeManager.build/Objects-normal
    export PKGINFO_FILE_PATH\=/Users/filip/Projects/FridgeManager/FridgeManager/build/DerivedData/Build/Intermediates.noindex/FridgeManager.build/Debug-iphonesimulator/FridgeManager.build/PkgInfo
    export PKGINFO_PATH\=FridgeManager.app/PkgInfo
    export PLATFORM_DEVELOPER_APPLICATIONS_DIR\=/Applications/Xcode.app/Contents/Developer/Platforms/iPhoneSimulator.platform/Developer/Applications
    export PLATFORM_DEVELOPER_BIN_DIR\=/Applications/Xcode.app/Contents/Developer/Platforms/iPhoneSimulator.platform/Developer/usr/bin
    export PLATFORM_DEVELOPER_LIBRARY_DIR\=/Applications/Xcode.app/Contents/Developer/Platforms/iPhoneSimulator.platform/Developer/Library
    export PLATFORM_DEVELOPER_SDK_DIR\=/Applications/Xcode.app/Contents/Developer/Platforms/iPhoneSimulator.platform/Developer/SDKs
    export PLATFORM_DEVELOPER_TOOLS_DIR\=/Applications/Xcode.app/Contents/Developer/Platforms/iPhoneSimulator.platform/Developer/Tools
    export PLATFORM_DEVELOPER_USR_DIR\=/Applications/Xcode.app/Contents/Developer/Platforms/iPhoneSimulator.platform/Developer/usr
    export PLATFORM_DIR\=/Applications/Xcode.app/Contents/Developer/Platforms/iPhoneSimulator.platform
    export PLATFORM_DISPLAY_NAME\=iOS\ Simulator
    export PLATFORM_FAMILY_NAME\=iOS
    export PLATFORM_NAME\=iphonesimulator
    export PLATFORM_PREFERRED_ARCH\=x86_64
    export PLATFORM_PRODUCT_BUILD_VERSION\=23C53
    export PLATFORM_REQUIRES_SWIFT_AUTOLINK_EXTRACT\=NO
    export PLATFORM_REQUIRES_SWIFT_MODULEWRAP\=NO
    export PLIST_FILE_OUTPUT_FORMAT\=binary
    export PLUGINS_FOLDER_PATH\=FridgeManager.app/PlugIns
    export PRECOMPS_INCLUDE_HEADERS_FROM_BUILT_PRODUCTS_DIR\=YES
    export PRECOMP_DESTINATION_DIR\=/Users/filip/Projects/FridgeManager/FridgeManager/build/DerivedData/Build/Intermediates.noindex/FridgeManager.build/Debug-iphonesimulator/FridgeManager.build/PrefixHeaders
    export PRIVATE_HEADERS_FOLDER_PATH\=FridgeManager.app/PrivateHeaders
    export PROCESSED_INFOPLIST_PATH\=/Users/filip/Projects/FridgeManager/FridgeManager/build/DerivedData/Build/Intermediates.noindex/FridgeManager.build/Debug-iphonesimulator/FridgeManager.build/Objects-normal/undefined_arch/Processed-Info.plist
    export PRODUCT_BUNDLE_IDENTIFIER\=be.razor.FridgeManager
    export PRODUCT_BUNDLE_PACKAGE_TYPE\=APPL
    export PRODUCT_MODULE_NAME\=FridgeManager
    export PRODUCT_NAME\=FridgeManager
    export PRODUCT_SETTINGS_PATH\=
    export PRODUCT_TYPE\=com.apple.product-type.application
    export PROFILING_CODE\=NO
    export PROJECT\=FridgeManager
    export PROJECT_DERIVED_FILE_DIR\=/Users/filip/Projects/FridgeManager/FridgeManager/build/DerivedData/Build/Intermediates.noindex/FridgeManager.build/DerivedSources
    export PROJECT_DIR\=/Users/filip/Projects/FridgeManager/FridgeManager
    export PROJECT_FILE_PATH\=/Users/filip/Projects/FridgeManager/FridgeManager/FridgeManager.xcodeproj
    export PROJECT_GUID\=481fc638640fec3d0aed132ca65be358
    export PROJECT_NAME\=FridgeManager
    export PROJECT_TEMP_DIR\=/Users/filip/Projects/FridgeManager/FridgeManager/build/DerivedData/Build/Intermediates.noindex/FridgeManager.build
    export PROJECT_TEMP_ROOT\=/Users/filip/Projects/FridgeManager/FridgeManager/build/DerivedData/Build/Intermediates.noindex
    export PROVISIONING_PROFILE_REQUIRED\=NO
    export PROVISIONING_PROFILE_REQUIRED_YES_YES\=YES
    export PROVISIONING_PROFILE_SUPPORTED\=YES
    export PUBLIC_HEADERS_FOLDER_PATH\=FridgeManager.app/Headers
    export RECOMMENDED_IPHONEOS_DEPLOYMENT_TARGET\=15.0
    export RECURSIVE_SEARCH_PATHS_FOLLOW_SYMLINKS\=YES
    export REMOVE_CVS_FROM_RESOURCES\=YES
    export REMOVE_GIT_FROM_RESOURCES\=YES
    export REMOVE_HEADERS_FROM_EMBEDDED_BUNDLES\=YES
    export REMOVE_HG_FROM_RESOURCES\=YES
    export REMOVE_STATIC_EXECUTABLES_FROM_EMBEDDED_BUNDLES\=YES
    export REMOVE_SVN_FROM_RESOURCES\=YES
    export RESCHEDULE_INDEPENDENT_HEADERS_PHASES\=YES
    export REZ_COLLECTOR_DIR\=/Users/filip/Projects/FridgeManager/FridgeManager/build/DerivedData/Build/Intermediates.noindex/FridgeManager.build/Debug-iphonesimulator/FridgeManager.build/ResourceManagerResources
    export REZ_OBJECTS_DIR\=/Users/filip/Projects/FridgeManager/FridgeManager/build/DerivedData/Build/Intermediates.noindex/FridgeManager.build/Debug-iphonesimulator/FridgeManager.build/ResourceManagerResources/Objects
    export REZ_SEARCH_PATHS\=/Users/filip/Projects/FridgeManager/FridgeManager/build/DerivedData/Build/Products/Debug-iphonesimulator\ 
    export RUNTIME_EXCEPTION_ALLOW_DYLD_ENVIRONMENT_VARIABLES\=NO
    export RUNTIME_EXCEPTION_ALLOW_JIT\=NO
    export RUNTIME_EXCEPTION_ALLOW_UNSIGNED_EXECUTABLE_MEMORY\=NO
    export RUNTIME_EXCEPTION_DEBUGGING_TOOL\=NO
    export RUNTIME_EXCEPTION_DISABLE_EXECUTABLE_PAGE_PROTECTION\=NO
    export RUNTIME_EXCEPTION_DISABLE_LIBRARY_VALIDATION\=NO
    export SCAN_ALL_SOURCE_FILES_FOR_INCLUDES\=NO
    export SCRIPTS_FOLDER_PATH\=FridgeManager.app/Scripts
    export SCRIPT_INPUT_FILE_COUNT\=0
    export SCRIPT_INPUT_FILE_LIST_COUNT\=0
    export SCRIPT_OUTPUT_FILE_COUNT\=0
    export SCRIPT_OUTPUT_FILE_LIST_COUNT\=0
    export SDKROOT\=/Applications/Xcode.app/Contents/Developer/Platforms/iPhoneSimulator.platform/Developer/SDKs/iPhoneSimulator26.2.sdk
    export SDK_DIR\=/Applications/Xcode.app/Contents/Developer/Platforms/iPhoneSimulator.platform/Developer/SDKs/iPhoneSimulator26.2.sdk
    export SDK_DIR_iphonesimulator\=/Applications/Xcode.app/Contents/Developer/Platforms/iPhoneSimulator.platform/Developer/SDKs/iPhoneSimulator26.2.sdk
    export SDK_DIR_iphonesimulator26_2\=/Applications/Xcode.app/Contents/Developer/Platforms/iPhoneSimulator.platform/Developer/SDKs/iPhoneSimulator26.2.sdk
    export SDK_NAME\=iphonesimulator26.2
    export SDK_NAMES\=iphonesimulator26.2
    export SDK_PRODUCT_BUILD_VERSION\=23C53
    export SDK_STAT_CACHE_DIR\=/Users/filip/Projects/FridgeManager/FridgeManager/build/DerivedData
    export SDK_STAT_CACHE_ENABLE\=YES
    export SDK_STAT_CACHE_PATH\=/Users/filip/Projects/FridgeManager/FridgeManager/build/DerivedData/SDKStatCaches.noindex/iphonesimulator26.2-23C53-7d00a8b37fbd7999ea79df8ebc024bf0.sdkstatcache
    export SDK_VERSION\=26.2
    export SDK_VERSION_ACTUAL\=260200
    export SDK_VERSION_MAJOR\=260000
    export SDK_VERSION_MINOR\=260200
    export SED\=/usr/bin/sed
    export SEPARATE_STRIP\=NO
    export SEPARATE_SYMBOL_EDIT\=NO
    export SET_DIR_MODE_OWNER_GROUP\=YES
    export SET_FILE_MODE_OWNER_GROUP\=NO
    export SHALLOW_BUNDLE\=YES
    export SHALLOW_BUNDLE_TRIPLE\=ios-simulator
    export SHALLOW_BUNDLE_ios_macabi\=NO
    export SHALLOW_BUNDLE_macos\=NO
    export SHARED_DERIVED_FILE_DIR\=/Users/filip/Projects/FridgeManager/FridgeManager/build/DerivedData/Build/Products/Debug-iphonesimulator/DerivedSources
    export SHARED_FRAMEWORKS_FOLDER_PATH\=FridgeManager.app/SharedFrameworks
    export SHARED_PRECOMPS_DIR\=/Users/filip/Projects/FridgeManager/FridgeManager/build/DerivedData/Build/Intermediates.noindex/PrecompiledHeaders
    export SHARED_SUPPORT_FOLDER_PATH\=FridgeManager.app/SharedSupport
    export SKIP_INSTALL\=NO
    export SOURCE_ROOT\=/Users/filip/Projects/FridgeManager/FridgeManager
    export SRCROOT\=/Users/filip/Projects/FridgeManager/FridgeManager
    export STRINGSDATA_DIR\=/Users/filip/Projects/FridgeManager/FridgeManager/build/DerivedData/Build/Intermediates.noindex/FridgeManager.build/Debug-iphonesimulator/FridgeManager.build/Objects-normal/undefined_arch
    export STRINGSDATA_ROOT\=/Users/filip/Projects/FridgeManager/FridgeManager/build/DerivedData/Build/Intermediates.noindex/FridgeManager.build/Debug-iphonesimulator/FridgeManager.build
    export STRINGS_FILE_INFOPLIST_RENAME\=YES
    export STRINGS_FILE_OUTPUT_ENCODING\=binary
    export STRING_CATALOG_GENERATE_SYMBOLS\=YES
    export STRIP_BITCODE_FROM_COPIED_FILES\=NO
    export STRIP_INSTALLED_PRODUCT\=NO
    export STRIP_STYLE\=all
    export STRIP_SWIFT_SYMBOLS\=YES
    export SUPPORTED_DEVICE_FAMILIES\=1,2
    export SUPPORTED_PLATFORMS\=iphoneos\ iphonesimulator
    export SUPPORTS_MACCATALYST\=NO
    export SUPPORTS_ON_DEMAND_RESOURCES\=YES
    export SUPPORTS_TEXT_BASED_API\=NO
    export SUPPRESS_WARNINGS\=NO
    export SWIFT_ACTIVE_COMPILATION_CONDITIONS\=DEBUG\ 
    export SWIFT_APPROACHABLE_CONCURRENCY\=YES
    export SWIFT_DEFAULT_ACTOR_ISOLATION\=MainActor
    export SWIFT_EMIT_CONST_VALUE_PROTOCOLS\=AppIntent\ EntityQuery\ AppEntity\ TransientEntity\ AppEnum\ AppShortcutProviding\ AppShortcutsProvider\ AnyResolverProviding\ AppIntentsPackage\ DynamicOptionsProvider\ _IntentValueRepresentable\ _AssistantIntentsProvider\ _GenerativeFunctionExtractable\ IntentValueQuery\ Resolver\ AppExtension\ ExtensionPointDefining
    export SWIFT_EMIT_LOC_STRINGS\=YES
    export SWIFT_ENABLE_EXPLICIT_MODULES\=YES
    export SWIFT_OPTIMIZATION_LEVEL\=-Onone
    export SWIFT_PLATFORM_TARGET_PREFIX\=ios
    export SWIFT_RESPONSE_FILE_PATH_normal_arm64\=/Users/filip/Projects/FridgeManager/FridgeManager/build/DerivedData/Build/Intermediates.noindex/FridgeManager.build/Debug-iphonesimulator/FridgeManager.build/Objects-normal/arm64/FridgeManager.SwiftFileList
    export SWIFT_UPCOMING_FEATURE_MEMBER_IMPORT_VISIBILITY\=YES
    export SWIFT_VERSION\=5.0
    export SYMROOT\=/Users/filip/Projects/FridgeManager/FridgeManager/build/DerivedData/Build/Products
    export SYSTEM_ADMIN_APPS_DIR\=/Applications/Utilities
    export SYSTEM_APPS_DIR\=/Applications
    export SYSTEM_CORE_SERVICES_DIR\=/System/Library/CoreServices
    export SYSTEM_DEMOS_DIR\=/Applications/Extras
    export SYSTEM_DEVELOPER_APPS_DIR\=/Applications/Xcode.app/Contents/Developer/Applications
    export SYSTEM_DEVELOPER_BIN_DIR\=/Applications/Xcode.app/Contents/Developer/usr/bin
    export SYSTEM_DEVELOPER_DEMOS_DIR\=/Applications/Xcode.app/Contents/Developer/Applications/Utilities/Built\ Examples
    export SYSTEM_DEVELOPER_DIR\=/Applications/Xcode.app/Contents/Developer
    export SYSTEM_DEVELOPER_DOC_DIR\=/Applications/Xcode.app/Contents/Developer/ADC\ Reference\ Library
    export SYSTEM_DEVELOPER_GRAPHICS_TOOLS_DIR\=/Applications/Xcode.app/Contents/Developer/Applications/Graphics\ Tools
    export SYSTEM_DEVELOPER_JAVA_TOOLS_DIR\=/Applications/Xcode.app/Contents/Developer/Applications/Java\ Tools
    export SYSTEM_DEVELOPER_PERFORMANCE_TOOLS_DIR\=/Applications/Xcode.app/Contents/Developer/Applications/Performance\ Tools
    export SYSTEM_DEVELOPER_RELEASENOTES_DIR\=/Applications/Xcode.app/Contents/Developer/ADC\ Reference\ Library/releasenotes
    export SYSTEM_DEVELOPER_TOOLS\=/Applications/Xcode.app/Contents/Developer/Tools
    export SYSTEM_DEVELOPER_TOOLS_DOC_DIR\=/Applications/Xcode.app/Contents/Developer/ADC\ Reference\ Library/documentation/DeveloperTools
    export SYSTEM_DEVELOPER_TOOLS_RELEASENOTES_DIR\=/Applications/Xcode.app/Contents/Developer/ADC\ Reference\ Library/releasenotes/DeveloperTools
    export SYSTEM_DEVELOPER_USR_DIR\=/Applications/Xcode.app/Contents/Developer/usr
    export SYSTEM_DEVELOPER_UTILITIES_DIR\=/Applications/Xcode.app/Contents/Developer/Applications/Utilities
    export SYSTEM_DEXT_INSTALL_PATH\=/System/Library/DriverExtensions
    export SYSTEM_DOCUMENTATION_DIR\=/Library/Documentation
    export SYSTEM_EXTENSIONS_FOLDER_PATH\=FridgeManager.app/SystemExtensions
    export SYSTEM_EXTENSIONS_FOLDER_PATH_SHALLOW_BUNDLE_NO\=FridgeManager.app/Library/SystemExtensions
    export SYSTEM_EXTENSIONS_FOLDER_PATH_SHALLOW_BUNDLE_YES\=FridgeManager.app/SystemExtensions
    export SYSTEM_KEXT_INSTALL_PATH\=/System/Library/Extensions
    export SYSTEM_LIBRARY_DIR\=/System/Library
    export TAPI_DEMANGLE\=YES
    export TAPI_ENABLE_PROJECT_HEADERS\=NO
    export TAPI_LANGUAGE\=objective-c
    export TAPI_LANGUAGE_STANDARD\=compiler-default
    export TAPI_USE_SRCROOT\=YES
    export TAPI_VERIFY_MODE\=Pedantic
    export TARGETED_DEVICE_FAMILY\=1,2
    export TARGETNAME\=FridgeManager
    export TARGET_BUILD_DIR\=/Users/filip/Projects/FridgeManager/FridgeManager/build/DerivedData/Build/Products/Debug-iphonesimulator
    export TARGET_DEVICE_IDENTIFIER\=60648CFD-A7BC-454B-A80C-74170AC32C7D
    export TARGET_DEVICE_MODEL\=iPhone18,3
    export TARGET_DEVICE_OS_VERSION\=26.2
    export TARGET_DEVICE_PLATFORM_NAME\=iphonesimulator
    export TARGET_NAME\=FridgeManager
    export TARGET_TEMP_DIR\=/Users/filip/Projects/FridgeManager/FridgeManager/build/DerivedData/Build/Intermediates.noindex/FridgeManager.build/Debug-iphonesimulator/FridgeManager.build
    export TEMP_DIR\=/Users/filip/Projects/FridgeManager/FridgeManager/build/DerivedData/Build/Intermediates.noindex/FridgeManager.build/Debug-iphonesimulator/FridgeManager.build
    export TEMP_FILES_DIR\=/Users/filip/Projects/FridgeManager/FridgeManager/build/DerivedData/Build/Intermediates.noindex/FridgeManager.build/Debug-iphonesimulator/FridgeManager.build
    export TEMP_FILE_DIR\=/Users/filip/Projects/FridgeManager/FridgeManager/build/DerivedData/Build/Intermediates.noindex/FridgeManager.build/Debug-iphonesimulator/FridgeManager.build
    export TEMP_ROOT\=/Users/filip/Projects/FridgeManager/FridgeManager/build/DerivedData/Build/Intermediates.noindex
    export TEMP_SANDBOX_DIR\=/Users/filip/Projects/FridgeManager/FridgeManager/build/DerivedData/Build/Intermediates.noindex/TemporaryTaskSandboxes
    export TEST_FRAMEWORK_SEARCH_PATHS\=\ /Applications/Xcode.app/Contents/Developer/Platforms/iPhoneSimulator.platform/Developer/Library/Frameworks\ /Applications/Xcode.app/Contents/Developer/Platforms/iPhoneSimulator.platform/Developer/SDKs/iPhoneSimulator26.2.sdk/Developer/Library/Frameworks
    export TEST_LIBRARY_SEARCH_PATHS\=\ /Applications/Xcode.app/Contents/Developer/Platforms/iPhoneSimulator.platform/Developer/usr/lib
    export TOOLCHAINS\=com.apple.dt.toolchain.XcodeDefault
    export TOOLCHAIN_DIR\=/Applications/Xcode.app/Contents/Developer/Toolchains/XcodeDefault.xctoolchain
    export TREAT_MISSING_BASELINES_AS_TEST_FAILURES\=NO
    export TREAT_MISSING_SCRIPT_PHASE_OUTPUTS_AS_ERRORS\=NO
    export TeamIdentifierPrefix\=22L5CCVC3A.
    export UID\=501
    export UNINSTALLED_PRODUCTS_DIR\=/Users/filip/Projects/FridgeManager/FridgeManager/build/DerivedData/Build/Intermediates.noindex/UninstalledProducts
    export UNLOCALIZED_RESOURCES_FOLDER_PATH\=FridgeManager.app
    export UNLOCALIZED_RESOURCES_FOLDER_PATH_SHALLOW_BUNDLE_NO\=FridgeManager.app/Resources
    export UNLOCALIZED_RESOURCES_FOLDER_PATH_SHALLOW_BUNDLE_YES\=FridgeManager.app
    export UNSTRIPPED_PRODUCT\=NO
    export USER\=filip
    export USER_APPS_DIR\=/Users/filip/Applications
    export USER_LIBRARY_DIR\=/Users/filip/Library
    export USE_DYNAMIC_NO_PIC\=YES
    export USE_HEADERMAP\=YES
    export USE_HEADER_SYMLINKS\=NO
    export VALIDATE_DEVELOPMENT_ASSET_PATHS\=YES_ERROR
    export VALIDATE_PRODUCT\=NO
    export VALID_ARCHS\=arm64\ x86_64
    export VERBOSE_PBXCP\=NO
    export VERSIONPLIST_PATH\=FridgeManager.app/version.plist
    export VERSION_INFO_BUILDER\=filip
    export VERSION_INFO_FILE\=FridgeManager_vers.c
    export VERSION_INFO_STRING\=\"@\(\#\)PROGRAM:FridgeManager\ \ PROJECT:FridgeManager-1\"
    export WORKSPACE_DIR\=/Users/filip/Projects/FridgeManager/FridgeManager/FridgeManager.xcodeproj
    export WRAPPER_EXTENSION\=app
    export WRAPPER_NAME\=FridgeManager.app
    export WRAPPER_SUFFIX\=.app
    export WRAP_ASSET_PACKS_IN_SEPARATE_DIRECTORIES\=NO
    export XCODE_APP_SUPPORT_DIR\=/Applications/Xcode.app/Contents/Developer/Library/Xcode
    export XCODE_PRODUCT_BUILD_VERSION\=17C52
    export XCODE_VERSION_ACTUAL\=2620
    export XCODE_VERSION_MAJOR\=2600
    export XCODE_VERSION_MINOR\=2620
    export XPCSERVICES_FOLDER_PATH\=FridgeManager.app/XPCServices
    export YACC\=yacc
    export _DISCOVER_COMMAND_LINE_LINKER_INPUTS\=YES
    export _DISCOVER_COMMAND_LINE_LINKER_INPUTS_INCLUDE_WL\=YES
    export _LD_MULTIARCH\=YES
    export _WRAPPER_CONTENTS_DIR_SHALLOW_BUNDLE_NO\=/Contents
    export _WRAPPER_PARENT_PATH_SHALLOW_BUNDLE_NO\=/..
    export _WRAPPER_RESOURCES_DIR_SHALLOW_BUNDLE_NO\=/Resources
    export __DIAGNOSE_DEPRECATED_ARCHS\=YES
    export __IS_NOT_MACOS\=YES
    export __IS_NOT_MACOS_macosx\=NO
    export __IS_NOT_SIMULATOR\=NO
    export __IS_NOT_SIMULATOR_simulator\=NO
    export arch\=undefined_arch
    export variant\=normal
    /usr/bin/sandbox-exec -D SCRIPT_INPUT_FILE_0\=/Users/filip/Projects/FridgeManager/FridgeManager/build/DerivedData/Build/Intermediates.noindex/FridgeManager.build/Debug-iphonesimulator/FridgeManager.build/Script-DC67E1A12F477BA8008BD0B7.sh -D SCRIPT_INPUT_ANCESTOR_0\=/ -D SCRIPT_INPUT_ANCESTOR_1\=/Users -D SCRIPT_INPUT_ANCESTOR_2\=/Users/filip -D SCRIPT_INPUT_ANCESTOR_3\=/Users/filip/Projects -D SCRIPT_INPUT_ANCESTOR_4\=/Users/filip/Projects/FridgeManager -D SCRIPT_INPUT_ANCESTOR_5\=/Users/filip/Projects/FridgeManager/FridgeManager -D SCRIPT_INPUT_ANCESTOR_6\=/Users/filip/Projects/FridgeManager/FridgeManager/build -D SCRIPT_INPUT_ANCESTOR_7\=/Users/filip/Projects/FridgeManager/FridgeManager/build/DerivedData -D SCRIPT_INPUT_ANCESTOR_8\=/Users/filip/Projects/FridgeManager/FridgeManager/build/DerivedData/Build -D SCRIPT_INPUT_ANCESTOR_9\=/Users/filip/Projects/FridgeManager/FridgeManager/build/DerivedData/Build/Intermediates.noindex -D SCRIPT_INPUT_ANCESTOR_10\=/Users/filip/Projects/FridgeManager/FridgeManager/build/DerivedData/Build/Intermediates.noindex/FridgeManager.build -D SCRIPT_INPUT_ANCESTOR_11\=/Users/filip/Projects/FridgeManager/FridgeManager/build/DerivedData/Build/Intermediates.noindex/FridgeManager.build/Debug-iphonesimulator -D SCRIPT_INPUT_ANCESTOR_12\=/Users/filip/Projects/FridgeManager/FridgeManager/build/DerivedData/Build/Intermediates.noindex/FridgeManager.build/Debug-iphonesimulator/FridgeManager.build -D SRCROOT\=/Users/filip/Projects/FridgeManager/FridgeManager -D PROJECT_DIR\=/Users/filip/Projects/FridgeManager/FridgeManager -D OBJROOT\=/Users/filip/Projects/FridgeManager/FridgeManager/build/DerivedData/Build/Intermediates.noindex -D SYMROOT\=/Users/filip/Projects/FridgeManager/FridgeManager/build/DerivedData/Build/Products -D DSTROOT\=/tmp/FridgeManager.dst -D SHARED_PRECOMPS_DIR\=/Users/filip/Projects/FridgeManager/FridgeManager/build/DerivedData/Build/Intermediates.noindex/PrecompiledHeaders -D CACHE_ROOT\=/var/folders/kt/m_rtgb2s5nn7js3w8syxf5nw0000gn/C/com.apple.DeveloperTools/26.2-17C52/Xcode -D CONFIGURATION_BUILD_DIR\=/Users/filip/Projects/FridgeManager/FridgeManager/build/DerivedData/Build/Products/Debug-iphonesimulator -D CONFIGURATION_TEMP_DIR\=/Users/filip/Projects/FridgeManager/FridgeManager/build/DerivedData/Build/Intermediates.noindex/FridgeManager.build/Debug-iphonesimulator -D LOCROOT\=/Users/filip/Projects/FridgeManager/FridgeManager -D LOCSYMROOT\=/Users/filip/Projects/FridgeManager/FridgeManager -D INDEX_PRECOMPS_DIR\=/Users/filip/Projects/FridgeManager/FridgeManager/build/DerivedData/Index.noindex/PrecompiledHeaders -D INDEX_DATA_STORE_DIR\=/Users/filip/Projects/FridgeManager/FridgeManager/build/DerivedData/Index.noindex/DataStore -D TEMP_DIR\=/Users/filip/Projects/FridgeManager/FridgeManager/build/DerivedData/Build/Intermediates.noindex/FridgeManager.build/Debug-iphonesimulator/FridgeManager.build -D TARGET_TEMP_DIR\=/Users/filip/Projects/FridgeManager/FridgeManager/build/DerivedData/Build/Intermediates.noindex/FridgeManager.build/Debug-iphonesimulator/FridgeManager.build -D DERIVED_FILE_DIR\=/Users/filip/Projects/FridgeManager/FridgeManager/build/DerivedData/Build/Intermediates.noindex/FridgeManager.build/Debug-iphonesimulator/FridgeManager.build/DerivedSources -f /Users/filip/Projects/FridgeManager/FridgeManager/build/DerivedData/Build/Intermediates.noindex/FridgeManager.build/Debug-iphonesimulator/FridgeManager.build/8e7b52a4647c828a08dbca5a9dc63096.sb /bin/sh -c /Users/filip/Projects/FridgeManager/FridgeManager/build/DerivedData/Build/Intermediates.noindex/FridgeManager.build/Debug-iphonesimulator/FridgeManager.build/Script-DC67E1A12F477BA8008BD0B7.sh

SwiftExplicitDependencyGeneratePcm arm64 /Users/filip/Projects/FridgeManager/FridgeManager/build/DerivedData/Build/Intermediates.noindex/SwiftExplicitPrecompiledModules/XCUIAutomation-D5ZF0OKXB4DDWSRQV5XNRJ6L4.pcm

CopyPNGFile /Users/filip/Projects/FridgeManager/FridgeManager/build/DerivedData/Build/Products/Debug-iphonesimulator/FridgeManager.app/grouped_icons_1771681024.png /Users/filip/Projects/FridgeManager/FridgeManager/FridgeManager/Screenshots/grouped_icons_1771681024.png (in target 'FridgeManager' from project 'FridgeManager')
    cd /Users/filip/Projects/FridgeManager/FridgeManager
    /Applications/Xcode.app/Contents/Developer/usr/bin/copypng -compress -strip-PNG-text /Users/filip/Projects/FridgeManager/FridgeManager/FridgeManager/Screenshots/grouped_icons_1771681024.png /Users/filip/Projects/FridgeManager/FridgeManager/build/DerivedData/Build/Products/Debug-iphonesimulator/FridgeManager.app/grouped_icons_1771681024.png

SwiftExplicitDependencyGeneratePcm arm64 /Users/filip/Projects/FridgeManager/FridgeManager/build/DerivedData/Build/Intermediates.noindex/SwiftExplicitPrecompiledModules/XCTest-5YFGXVGPMBPZQMQESSON91B23.pcm

SwiftExplicitDependencyCompileModuleFromInterface arm64 /Users/filip/Projects/FridgeManager/FridgeManager/build/DerivedData/Build/Intermediates.noindex/SwiftExplicitPrecompiledModules/XCUIAutomation-30GAP5RV3JLP1.swiftmodule

SwiftExplicitDependencyCompileModuleFromInterface arm64 /Users/filip/Projects/FridgeManager/FridgeManager/build/DerivedData/Build/Intermediates.noindex/SwiftExplicitPrecompiledModules/XCTest-1NX6BC25JDHHO.swiftmodule

SwiftEmitModule normal arm64 Emitting\ module\ for\ FridgeManagerUITests (in target 'FridgeManagerUITests' from project 'FridgeManager')

EmitSwiftModule normal arm64 (in target 'FridgeManagerUITests' from project 'FridgeManager')
    cd /Users/filip/Projects/FridgeManager/FridgeManager
    

SwiftEmitModule normal arm64 Emitting\ module\ for\ FridgeManagerTests (in target 'FridgeManagerTests' from project 'FridgeManager')

EmitSwiftModule normal arm64 (in target 'FridgeManagerTests' from project 'FridgeManager')
    cd /Users/filip/Projects/FridgeManager/FridgeManager
    

SwiftCompile normal arm64 Compiling\ FridgeManagerUITests.swift /Users/filip/Projects/FridgeManager/FridgeManager/FridgeManagerUITests/FridgeManagerUITests.swift (in target 'FridgeManagerUITests' from project 'FridgeManager')

SwiftCompile normal arm64 /Users/filip/Projects/FridgeManager/FridgeManager/FridgeManagerUITests/FridgeManagerUITests.swift (in target 'FridgeManagerUITests' from project 'FridgeManager')
    cd /Users/filip/Projects/FridgeManager/FridgeManager
    

SwiftCompile normal arm64 Compiling\ FridgeManagerUITestsLaunchTests.swift /Users/filip/Projects/FridgeManager/FridgeManager/FridgeManagerUITests/FridgeManagerUITestsLaunchTests.swift (in target 'FridgeManagerUITests' from project 'FridgeManager')

SwiftCompile normal arm64 /Users/filip/Projects/FridgeManager/FridgeManager/FridgeManagerUITests/FridgeManagerUITestsLaunchTests.swift (in target 'FridgeManagerUITests' from project 'FridgeManager')
    cd /Users/filip/Projects/FridgeManager/FridgeManager
    

SwiftCompile normal arm64 Compiling\ FridgeManagerTests.swift /Users/filip/Projects/FridgeManager/FridgeManager/FridgeManagerTests/FridgeManagerTests.swift (in target 'FridgeManagerTests' from project 'FridgeManager')

SwiftCompile normal arm64 /Users/filip/Projects/FridgeManager/FridgeManager/FridgeManagerTests/FridgeManagerTests.swift (in target 'FridgeManagerTests' from project 'FridgeManager')
    cd /Users/filip/Projects/FridgeManager/FridgeManager
    

SwiftCompile normal arm64 Compiling\ FridgeItemTests.swift /Users/filip/Projects/FridgeManager/FridgeManager/FridgeManagerTests/FridgeItemTests.swift (in target 'FridgeManagerTests' from project 'FridgeManager')

SwiftCompile normal arm64 /Users/filip/Projects/FridgeManager/FridgeManager/FridgeManagerTests/FridgeItemTests.swift (in target 'FridgeManagerTests' from project 'FridgeManager')
    cd /Users/filip/Projects/FridgeManager/FridgeManager
    

SwiftCompile normal arm64 Compiling\ EditFridgeItemViewTests.swift /Users/filip/Projects/FridgeManager/FridgeManager/FridgeManagerTests/EditFridgeItemViewTests.swift (in target 'FridgeManagerTests' from project 'FridgeManager')

SwiftCompile normal arm64 /Users/filip/Projects/FridgeManager/FridgeManager/FridgeManagerTests/EditFridgeItemViewTests.swift (in target 'FridgeManagerTests' from project 'FridgeManager')
    cd /Users/filip/Projects/FridgeManager/FridgeManager
    

SwiftCompile normal arm64 Compiling\ FirstRunTests.swift /Users/filip/Projects/FridgeManager/FridgeManager/FridgeManagerTests/FirstRunTests.swift (in target 'FridgeManagerTests' from project 'FridgeManager')

SwiftCompile normal arm64 /Users/filip/Projects/FridgeManager/FridgeManager/FridgeManagerTests/FirstRunTests.swift (in target 'FridgeManagerTests' from project 'FridgeManager')
    cd /Users/filip/Projects/FridgeManager/FridgeManager
    

SwiftDriverJobDiscovery normal arm64 Emitting module for FridgeManagerTests (in target 'FridgeManagerTests' from project 'FridgeManager')

SwiftDriverJobDiscovery normal arm64 Emitting module for FridgeManagerUITests (in target 'FridgeManagerUITests' from project 'FridgeManager')

SwiftDriver\ Compilation\ Requirements FridgeManagerTests normal arm64 com.apple.xcode.tools.swift.compiler (in target 'FridgeManagerTests' from project 'FridgeManager')
    cd /Users/filip/Projects/FridgeManager/FridgeManager
    builtin-Swift-Compilation-Requirements -- /Applications/Xcode.app/Contents/Developer/Toolchains/XcodeDefault.xctoolchain/usr/bin/swiftc -module-name FridgeManagerTests -Onone -enforce-exclusivity\=checked @/Users/filip/Projects/FridgeManager/FridgeManager/build/DerivedData/Build/Intermediates.noindex/FridgeManager.build/Debug-iphonesimulator/FridgeManagerTests.build/Objects-normal/arm64/FridgeManagerTests.SwiftFileList -DDEBUG -plugin-path /Applications/Xcode.app/Contents/Developer/Toolchains/XcodeDefault.xctoolchain/usr/lib/swift/host/plugins/testing -enable-bare-slash-regex -enable-upcoming-feature DisableOutwardActorInference -enable-upcoming-feature InferSendableFromCaptures -enable-upcoming-feature GlobalActorIsolatedTypesUsability -enable-upcoming-feature MemberImportVisibility -enable-upcoming-feature InferIsolatedConformances -enable-upcoming-feature NonisolatedNonsendingByDefault -enable-experimental-feature DebugDescriptionMacro -sdk /Applications/Xcode.app/Contents/Developer/Platforms/iPhoneSimulator.platform/Developer/SDKs/iPhoneSimulator26.2.sdk -target arm64-apple-ios26.2-simulator -g -module-cache-path /Users/filip/Projects/FridgeManager/FridgeManager/build/DerivedData/ModuleCache.noindex -Xfrontend -serialize-debugging-options -profile-coverage-mapping -profile-generate -enable-testing -index-store-path /Users/filip/Projects/FridgeManager/FridgeManager/build/DerivedData/Index.noindex/DataStore -Xcc -D_LIBCPP_HARDENING_MODE\=_LIBCPP_HARDENING_MODE_DEBUG -swift-version 5 -I /Users/filip/Projects/FridgeManager/FridgeManager/build/DerivedData/Build/Products/Debug-iphonesimulator -Isystem /Applications/Xcode.app/Contents/Developer/Platforms/iPhoneSimulator.platform/Developer/usr/lib -F /Users/filip/Projects/FridgeManager/FridgeManager/build/DerivedData/Build/Products/Debug-iphonesimulator -F /Applications/Xcode.app/Contents/Developer/Platforms/iPhoneSimulator.platform/Developer/Library/Frameworks -F /Applications/Xcode.app/Contents/Developer/Platforms/iPhoneSimulator.platform/Developer/SDKs/iPhoneSimulator26.2.sdk/Developer/Library/Frameworks -c -j8 -enable-batch-mode -incremental -Xcc -ivfsstatcache -Xcc /Users/filip/Projects/FridgeManager/FridgeManager/build/DerivedData/SDKStatCaches.noindex/iphonesimulator26.2-23C53-7d00a8b37fbd7999ea79df8ebc024bf0.sdkstatcache -output-file-map /Users/filip/Projects/FridgeManager/FridgeManager/build/DerivedData/Build/Intermediates.noindex/FridgeManager.build/Debug-iphonesimulator/FridgeManagerTests.build/Objects-normal/arm64/FridgeManagerTests-OutputFileMap.json -use-frontend-parseable-output -save-temps -no-color-diagnostics -explicit-module-build -module-cache-path /Users/filip/Projects/FridgeManager/FridgeManager/build/DerivedData/Build/Intermediates.noindex/SwiftExplicitPrecompiledModules -clang-scanner-module-cache-path /Users/filip/Projects/FridgeManager/FridgeManager/build/DerivedData/ModuleCache.noindex -sdk-module-cache-path /Users/filip/Projects/FridgeManager/FridgeManager/build/DerivedData/ModuleCache.noindex -serialize-diagnostics -emit-dependencies -emit-module -emit-module-path /Users/filip/Projects/FridgeManager/FridgeManager/build/DerivedData/Build/Intermediates.noindex/FridgeManager.build/Debug-iphonesimulator/FridgeManagerTests.build/Objects-normal/arm64/FridgeManagerTests.swiftmodule -validate-clang-modules-once -clang-build-session-file /Users/filip/Projects/FridgeManager/FridgeManager/build/DerivedData/ModuleCache.noindex/Session.modulevalidation -Xcc -I/Users/filip/Projects/FridgeManager/FridgeManager/build/DerivedData/Build/Intermediates.noindex/FridgeManager.build/Debug-iphonesimulator/FridgeManagerTests.build/swift-overrides.hmap -emit-const-values -Xfrontend -const-gather-protocols-file -Xfrontend /Users/filip/Projects/FridgeManager/FridgeManager/build/DerivedData/Build/Intermediates.noindex/FridgeManager.build/Debug-iphonesimulator/FridgeManagerTests.build/Objects-normal/arm64/FridgeManagerTests_const_extract_protocols.json -Xcc -iquote -Xcc /Users/filip/Projects/FridgeManager/FridgeManager/build/DerivedData/Build/Intermediates.noindex/FridgeManager.build/Debug-iphonesimulator/FridgeManagerTests.build/FridgeManagerTests-generated-files.hmap -Xcc -I/Users/filip/Projects/FridgeManager/FridgeManager/build/DerivedData/Build/Intermediates.noindex/FridgeManager.build/Debug-iphonesimulator/FridgeManagerTests.build/FridgeManagerTests-own-target-headers.hmap -Xcc -I/Users/filip/Projects/FridgeManager/FridgeManager/build/DerivedData/Build/Intermediates.noindex/FridgeManager.build/Debug-iphonesimulator/FridgeManagerTests.build/FridgeManagerTests-all-target-headers.hmap -Xcc -iquote -Xcc /Users/filip/Projects/FridgeManager/FridgeManager/build/DerivedData/Build/Intermediates.noindex/FridgeManager.build/Debug-iphonesimulator/FridgeManagerTests.build/FridgeManagerTests-project-headers.hmap -Xcc -I/Users/filip/Projects/FridgeManager/FridgeManager/build/DerivedData/Build/Products/Debug-iphonesimulator/include -Xcc -I/Users/filip/Projects/FridgeManager/FridgeManager/build/DerivedData/Build/Intermediates.noindex/FridgeManager.build/Debug-iphonesimulator/FridgeManagerTests.build/DerivedSources-normal/arm64 -Xcc -I/Users/filip/Projects/FridgeManager/FridgeManager/build/DerivedData/Build/Intermediates.noindex/FridgeManager.build/Debug-iphonesimulator/FridgeManagerTests.build/DerivedSources/arm64 -Xcc -I/Users/filip/Projects/FridgeManager/FridgeManager/build/DerivedData/Build/Intermediates.noindex/FridgeManager.build/Debug-iphonesimulator/FridgeManagerTests.build/DerivedSources -Xcc -DDEBUG\=1 -emit-objc-header -emit-objc-header-path /Users/filip/Projects/FridgeManager/FridgeManager/build/DerivedData/Build/Intermediates.noindex/FridgeManager.build/Debug-iphonesimulator/FridgeManagerTests.build/Objects-normal/arm64/FridgeManagerTests-Swift.h -working-directory /Users/filip/Projects/FridgeManager/FridgeManager -experimental-emit-module-separately -disable-cmo

SwiftDriver\ Compilation\ Requirements FridgeManagerUITests normal arm64 com.apple.xcode.tools.swift.compiler (in target 'FridgeManagerUITests' from project 'FridgeManager')
    cd /Users/filip/Projects/FridgeManager/FridgeManager
    builtin-Swift-Compilation-Requirements -- /Applications/Xcode.app/Contents/Developer/Toolchains/XcodeDefault.xctoolchain/usr/bin/swiftc -module-name FridgeManagerUITests -Onone -enforce-exclusivity\=checked @/Users/filip/Projects/FridgeManager/FridgeManager/build/DerivedData/Build/Intermediates.noindex/FridgeManager.build/Debug-iphonesimulator/FridgeManagerUITests.build/Objects-normal/arm64/FridgeManagerUITests.SwiftFileList -DDEBUG -module-alias Testing\=_Testing_Unavailable -plugin-path /Applications/Xcode.app/Contents/Developer/Toolchains/XcodeDefault.xctoolchain/usr/lib/swift/host/plugins/testing -enable-bare-slash-regex -enable-upcoming-feature DisableOutwardActorInference -enable-upcoming-feature InferSendableFromCaptures -enable-upcoming-feature GlobalActorIsolatedTypesUsability -enable-upcoming-feature MemberImportVisibility -enable-upcoming-feature InferIsolatedConformances -enable-upcoming-feature NonisolatedNonsendingByDefault -enable-experimental-feature DebugDescriptionMacro -sdk /Applications/Xcode.app/Contents/Developer/Platforms/iPhoneSimulator.platform/Developer/SDKs/iPhoneSimulator26.2.sdk -target arm64-apple-ios26.2-simulator -g -module-cache-path /Users/filip/Projects/FridgeManager/FridgeManager/build/DerivedData/ModuleCache.noindex -Xfrontend -serialize-debugging-options -profile-coverage-mapping -profile-generate -enable-testing -index-store-path /Users/filip/Projects/FridgeManager/FridgeManager/build/DerivedData/Index.noindex/DataStore -Xcc -D_LIBCPP_HARDENING_MODE\=_LIBCPP_HARDENING_MODE_DEBUG -swift-version 5 -I /Users/filip/Projects/FridgeManager/FridgeManager/build/DerivedData/Build/Products/Debug-iphonesimulator -Isystem /Applications/Xcode.app/Contents/Developer/Platforms/iPhoneSimulator.platform/Developer/usr/lib -F /Users/filip/Projects/FridgeManager/FridgeManager/build/DerivedData/Build/Products/Debug-iphonesimulator -F /Applications/Xcode.app/Contents/Developer/Platforms/iPhoneSimulator.platform/Developer/Library/Frameworks -F /Applications/Xcode.app/Contents/Developer/Platforms/iPhoneSimulator.platform/Developer/SDKs/iPhoneSimulator26.2.sdk/Developer/Library/Frameworks -c -j8 -enable-batch-mode -incremental -Xcc -ivfsstatcache -Xcc /Users/filip/Projects/FridgeManager/FridgeManager/build/DerivedData/SDKStatCaches.noindex/iphonesimulator26.2-23C53-7d00a8b37fbd7999ea79df8ebc024bf0.sdkstatcache -output-file-map /Users/filip/Projects/FridgeManager/FridgeManager/build/DerivedData/Build/Intermediates.noindex/FridgeManager.build/Debug-iphonesimulator/FridgeManagerUITests.build/Objects-normal/arm64/FridgeManagerUITests-OutputFileMap.json -use-frontend-parseable-output -save-temps -no-color-diagnostics -explicit-module-build -module-cache-path /Users/filip/Projects/FridgeManager/FridgeManager/build/DerivedData/Build/Intermediates.noindex/SwiftExplicitPrecompiledModules -clang-scanner-module-cache-path /Users/filip/Projects/FridgeManager/FridgeManager/build/DerivedData/ModuleCache.noindex -sdk-module-cache-path /Users/filip/Projects/FridgeManager/FridgeManager/build/DerivedData/ModuleCache.noindex -serialize-diagnostics -emit-dependencies -emit-module -emit-module-path /Users/filip/Projects/FridgeManager/FridgeManager/build/DerivedData/Build/Intermediates.noindex/FridgeManager.build/Debug-iphonesimulator/FridgeManagerUITests.build/Objects-normal/arm64/FridgeManagerUITests.swiftmodule -validate-clang-modules-once -clang-build-session-file /Users/filip/Projects/FridgeManager/FridgeManager/build/DerivedData/ModuleCache.noindex/Session.modulevalidation -Xcc -I/Users/filip/Projects/FridgeManager/FridgeManager/build/DerivedData/Build/Intermediates.noindex/FridgeManager.build/Debug-iphonesimulator/FridgeManagerUITests.build/swift-overrides.hmap -emit-const-values -Xfrontend -const-gather-protocols-file -Xfrontend /Users/filip/Projects/FridgeManager/FridgeManager/build/DerivedData/Build/Intermediates.noindex/FridgeManager.build/Debug-iphonesimulator/FridgeManagerUITests.build/Objects-normal/arm64/FridgeManagerUITests_const_extract_protocols.json -Xcc -iquote -Xcc /Users/filip/Projects/FridgeManager/FridgeManager/build/DerivedData/Build/Intermediates.noindex/FridgeManager.build/Debug-iphonesimulator/FridgeManagerUITests.build/FridgeManagerUITests-generated-files.hmap -Xcc -I/Users/filip/Projects/FridgeManager/FridgeManager/build/DerivedData/Build/Intermediates.noindex/FridgeManager.build/Debug-iphonesimulator/FridgeManagerUITests.build/FridgeManagerUITests-own-target-headers.hmap -Xcc -I/Users/filip/Projects/FridgeManager/FridgeManager/build/DerivedData/Build/Intermediates.noindex/FridgeManager.build/Debug-iphonesimulator/FridgeManagerUITests.build/FridgeManagerUITests-all-target-headers.hmap -Xcc -iquote -Xcc /Users/filip/Projects/FridgeManager/FridgeManager/build/DerivedData/Build/Intermediates.noindex/FridgeManager.build/Debug-iphonesimulator/FridgeManagerUITests.build/FridgeManagerUITests-project-headers.hmap -Xcc -I/Users/filip/Projects/FridgeManager/FridgeManager/build/DerivedData/Build/Products/Debug-iphonesimulator/include -Xcc -I/Users/filip/Projects/FridgeManager/FridgeManager/build/DerivedData/Build/Intermediates.noindex/FridgeManager.build/Debug-iphonesimulator/FridgeManagerUITests.build/DerivedSources-normal/arm64 -Xcc -I/Users/filip/Projects/FridgeManager/FridgeManager/build/DerivedData/Build/Intermediates.noindex/FridgeManager.build/Debug-iphonesimulator/FridgeManagerUITests.build/DerivedSources/arm64 -Xcc -I/Users/filip/Projects/FridgeManager/FridgeManager/build/DerivedData/Build/Intermediates.noindex/FridgeManager.build/Debug-iphonesimulator/FridgeManagerUITests.build/DerivedSources -Xcc -DDEBUG\=1 -emit-objc-header -emit-objc-header-path /Users/filip/Projects/FridgeManager/FridgeManager/build/DerivedData/Build/Intermediates.noindex/FridgeManager.build/Debug-iphonesimulator/FridgeManagerUITests.build/Objects-normal/arm64/FridgeManagerUITests-Swift.h -working-directory /Users/filip/Projects/FridgeManager/FridgeManager -experimental-emit-module-separately -disable-cmo

SwiftMergeGeneratedHeaders /Users/filip/Projects/FridgeManager/FridgeManager/build/DerivedData/Build/Intermediates.noindex/FridgeManager.build/Debug-iphonesimulator/FridgeManagerTests.build/DerivedSources/FridgeManagerTests-Swift.h /Users/filip/Projects/FridgeManager/FridgeManager/build/DerivedData/Build/Intermediates.noindex/FridgeManager.build/Debug-iphonesimulator/FridgeManagerTests.build/Objects-normal/arm64/FridgeManagerTests-Swift.h (in target 'FridgeManagerTests' from project 'FridgeManager')
    cd /Users/filip/Projects/FridgeManager/FridgeManager
    builtin-swiftHeaderTool -arch arm64 /Users/filip/Projects/FridgeManager/FridgeManager/build/DerivedData/Build/Intermediates.noindex/FridgeManager.build/Debug-iphonesimulator/FridgeManagerTests.build/Objects-normal/arm64/FridgeManagerTests-Swift.h -o /Users/filip/Projects/FridgeManager/FridgeManager/build/DerivedData/Build/Intermediates.noindex/FridgeManager.build/Debug-iphonesimulator/FridgeManagerTests.build/DerivedSources/FridgeManagerTests-Swift.h

SwiftMergeGeneratedHeaders /Users/filip/Projects/FridgeManager/FridgeManager/build/DerivedData/Build/Intermediates.noindex/FridgeManager.build/Debug-iphonesimulator/FridgeManagerUITests.build/DerivedSources/FridgeManagerUITests-Swift.h /Users/filip/Projects/FridgeManager/FridgeManager/build/DerivedData/Build/Intermediates.noindex/FridgeManager.build/Debug-iphonesimulator/FridgeManagerUITests.build/Objects-normal/arm64/FridgeManagerUITests-Swift.h (in target 'FridgeManagerUITests' from project 'FridgeManager')
    cd /Users/filip/Projects/FridgeManager/FridgeManager
    builtin-swiftHeaderTool -arch arm64 /Users/filip/Projects/FridgeManager/FridgeManager/build/DerivedData/Build/Intermediates.noindex/FridgeManager.build/Debug-iphonesimulator/FridgeManagerUITests.build/Objects-normal/arm64/FridgeManagerUITests-Swift.h -o /Users/filip/Projects/FridgeManager/FridgeManager/build/DerivedData/Build/Intermediates.noindex/FridgeManager.build/Debug-iphonesimulator/FridgeManagerUITests.build/DerivedSources/FridgeManagerUITests-Swift.h

Copy /Users/filip/Projects/FridgeManager/FridgeManager/build/DerivedData/Build/Products/Debug-iphonesimulator/FridgeManagerUITests.swiftmodule/arm64-apple-ios-simulator.swiftmodule /Users/filip/Projects/FridgeManager/FridgeManager/build/DerivedData/Build/Intermediates.noindex/FridgeManager.build/Debug-iphonesimulator/FridgeManagerUITests.build/Objects-normal/arm64/FridgeManagerUITests.swiftmodule (in target 'FridgeManagerUITests' from project 'FridgeManager')
    cd /Users/filip/Projects/FridgeManager/FridgeManager
    builtin-copy -exclude .DS_Store -exclude CVS -exclude .svn -exclude .git -exclude .hg -resolve-src-symlinks -rename /Users/filip/Projects/FridgeManager/FridgeManager/build/DerivedData/Build/Intermediates.noindex/FridgeManager.build/Debug-iphonesimulator/FridgeManagerUITests.build/Objects-normal/arm64/FridgeManagerUITests.swiftmodule /Users/filip/Projects/FridgeManager/FridgeManager/build/DerivedData/Build/Products/Debug-iphonesimulator/FridgeManagerUITests.swiftmodule/arm64-apple-ios-simulator.swiftmodule

Copy /Users/filip/Projects/FridgeManager/FridgeManager/build/DerivedData/Build/Products/Debug-iphonesimulator/FridgeManagerUITests.swiftmodule/arm64-apple-ios-simulator.swiftdoc /Users/filip/Projects/FridgeManager/FridgeManager/build/DerivedData/Build/Intermediates.noindex/FridgeManager.build/Debug-iphonesimulator/FridgeManagerUITests.build/Objects-normal/arm64/FridgeManagerUITests.swiftdoc (in target 'FridgeManagerUITests' from project 'FridgeManager')
    cd /Users/filip/Projects/FridgeManager/FridgeManager
    builtin-copy -exclude .DS_Store -exclude CVS -exclude .svn -exclude .git -exclude .hg -resolve-src-symlinks -rename /Users/filip/Projects/FridgeManager/FridgeManager/build/DerivedData/Build/Intermediates.noindex/FridgeManager.build/Debug-iphonesimulator/FridgeManagerUITests.build/Objects-normal/arm64/FridgeManagerUITests.swiftdoc /Users/filip/Projects/FridgeManager/FridgeManager/build/DerivedData/Build/Products/Debug-iphonesimulator/FridgeManagerUITests.swiftmodule/arm64-apple-ios-simulator.swiftdoc

Copy /Users/filip/Projects/FridgeManager/FridgeManager/build/DerivedData/Build/Products/Debug-iphonesimulator/FridgeManagerUITests.swiftmodule/arm64-apple-ios-simulator.abi.json /Users/filip/Projects/FridgeManager/FridgeManager/build/DerivedData/Build/Intermediates.noindex/FridgeManager.build/Debug-iphonesimulator/FridgeManagerUITests.build/Objects-normal/arm64/FridgeManagerUITests.abi.json (in target 'FridgeManagerUITests' from project 'FridgeManager')
    cd /Users/filip/Projects/FridgeManager/FridgeManager
    builtin-copy -exclude .DS_Store -exclude CVS -exclude .svn -exclude .git -exclude .hg -resolve-src-symlinks -rename /Users/filip/Projects/FridgeManager/FridgeManager/build/DerivedData/Build/Intermediates.noindex/FridgeManager.build/Debug-iphonesimulator/FridgeManagerUITests.build/Objects-normal/arm64/FridgeManagerUITests.abi.json /Users/filip/Projects/FridgeManager/FridgeManager/build/DerivedData/Build/Products/Debug-iphonesimulator/FridgeManagerUITests.swiftmodule/arm64-apple-ios-simulator.abi.json

SwiftDriverJobDiscovery normal arm64 Compiling FridgeManagerUITestsLaunchTests.swift (in target 'FridgeManagerUITests' from project 'FridgeManager')

Copy /Users/filip/Projects/FridgeManager/FridgeManager/build/DerivedData/Build/Products/Debug-iphonesimulator/FridgeManagerUITests.swiftmodule/Project/arm64-apple-ios-simulator.swiftsourceinfo /Users/filip/Projects/FridgeManager/FridgeManager/build/DerivedData/Build/Intermediates.noindex/FridgeManager.build/Debug-iphonesimulator/FridgeManagerUITests.build/Objects-normal/arm64/FridgeManagerUITests.swiftsourceinfo (in target 'FridgeManagerUITests' from project 'FridgeManager')
    cd /Users/filip/Projects/FridgeManager/FridgeManager
    builtin-copy -exclude .DS_Store -exclude CVS -exclude .svn -exclude .git -exclude .hg -resolve-src-symlinks -rename /Users/filip/Projects/FridgeManager/FridgeManager/build/DerivedData/Build/Intermediates.noindex/FridgeManager.build/Debug-iphonesimulator/FridgeManagerUITests.build/Objects-normal/arm64/FridgeManagerUITests.swiftsourceinfo /Users/filip/Projects/FridgeManager/FridgeManager/build/DerivedData/Build/Products/Debug-iphonesimulator/FridgeManagerUITests.swiftmodule/Project/arm64-apple-ios-simulator.swiftsourceinfo

Copy /Users/filip/Projects/FridgeManager/FridgeManager/build/DerivedData/Build/Products/Debug-iphonesimulator/FridgeManagerTests.swiftmodule/arm64-apple-ios-simulator.swiftmodule /Users/filip/Projects/FridgeManager/FridgeManager/build/DerivedData/Build/Intermediates.noindex/FridgeManager.build/Debug-iphonesimulator/FridgeManagerTests.build/Objects-normal/arm64/FridgeManagerTests.swiftmodule (in target 'FridgeManagerTests' from project 'FridgeManager')
    cd /Users/filip/Projects/FridgeManager/FridgeManager
    builtin-copy -exclude .DS_Store -exclude CVS -exclude .svn -exclude .git -exclude .hg -resolve-src-symlinks -rename /Users/filip/Projects/FridgeManager/FridgeManager/build/DerivedData/Build/Intermediates.noindex/FridgeManager.build/Debug-iphonesimulator/FridgeManagerTests.build/Objects-normal/arm64/FridgeManagerTests.swiftmodule /Users/filip/Projects/FridgeManager/FridgeManager/build/DerivedData/Build/Products/Debug-iphonesimulator/FridgeManagerTests.swiftmodule/arm64-apple-ios-simulator.swiftmodule

SwiftDriverJobDiscovery normal arm64 Compiling FridgeManagerUITests.swift (in target 'FridgeManagerUITests' from project 'FridgeManager')

Copy /Users/filip/Projects/FridgeManager/FridgeManager/build/DerivedData/Build/Products/Debug-iphonesimulator/FridgeManagerTests.swiftmodule/arm64-apple-ios-simulator.swiftdoc /Users/filip/Projects/FridgeManager/FridgeManager/build/DerivedData/Build/Intermediates.noindex/FridgeManager.build/Debug-iphonesimulator/FridgeManagerTests.build/Objects-normal/arm64/FridgeManagerTests.swiftdoc (in target 'FridgeManagerTests' from project 'FridgeManager')
    cd /Users/filip/Projects/FridgeManager/FridgeManager
    builtin-copy -exclude .DS_Store -exclude CVS -exclude .svn -exclude .git -exclude .hg -resolve-src-symlinks -rename /Users/filip/Projects/FridgeManager/FridgeManager/build/DerivedData/Build/Intermediates.noindex/FridgeManager.build/Debug-iphonesimulator/FridgeManagerTests.build/Objects-normal/arm64/FridgeManagerTests.swiftdoc /Users/filip/Projects/FridgeManager/FridgeManager/build/DerivedData/Build/Products/Debug-iphonesimulator/FridgeManagerTests.swiftmodule/arm64-apple-ios-simulator.swiftdoc

Copy /Users/filip/Projects/FridgeManager/FridgeManager/build/DerivedData/Build/Products/Debug-iphonesimulator/FridgeManagerTests.swiftmodule/arm64-apple-ios-simulator.abi.json /Users/filip/Projects/FridgeManager/FridgeManager/build/DerivedData/Build/Intermediates.noindex/FridgeManager.build/Debug-iphonesimulator/FridgeManagerTests.build/Objects-normal/arm64/FridgeManagerTests.abi.json (in target 'FridgeManagerTests' from project 'FridgeManager')
    cd /Users/filip/Projects/FridgeManager/FridgeManager
    builtin-copy -exclude .DS_Store -exclude CVS -exclude .svn -exclude .git -exclude .hg -resolve-src-symlinks -rename /Users/filip/Projects/FridgeManager/FridgeManager/build/DerivedData/Build/Intermediates.noindex/FridgeManager.build/Debug-iphonesimulator/FridgeManagerTests.build/Objects-normal/arm64/FridgeManagerTests.abi.json /Users/filip/Projects/FridgeManager/FridgeManager/build/DerivedData/Build/Products/Debug-iphonesimulator/FridgeManagerTests.swiftmodule/arm64-apple-ios-simulator.abi.json

Copy /Users/filip/Projects/FridgeManager/FridgeManager/build/DerivedData/Build/Products/Debug-iphonesimulator/FridgeManagerTests.swiftmodule/Project/arm64-apple-ios-simulator.swiftsourceinfo /Users/filip/Projects/FridgeManager/FridgeManager/build/DerivedData/Build/Intermediates.noindex/FridgeManager.build/Debug-iphonesimulator/FridgeManagerTests.build/Objects-normal/arm64/FridgeManagerTests.swiftsourceinfo (in target 'FridgeManagerTests' from project 'FridgeManager')
    cd /Users/filip/Projects/FridgeManager/FridgeManager
    builtin-copy -exclude .DS_Store -exclude CVS -exclude .svn -exclude .git -exclude .hg -resolve-src-symlinks -rename /Users/filip/Projects/FridgeManager/FridgeManager/build/DerivedData/Build/Intermediates.noindex/FridgeManager.build/Debug-iphonesimulator/FridgeManagerTests.build/Objects-normal/arm64/FridgeManagerTests.swiftsourceinfo /Users/filip/Projects/FridgeManager/FridgeManager/build/DerivedData/Build/Products/Debug-iphonesimulator/FridgeManagerTests.swiftmodule/Project/arm64-apple-ios-simulator.swiftsourceinfo

SwiftDriver\ Compilation FridgeManagerUITests normal arm64 com.apple.xcode.tools.swift.compiler (in target 'FridgeManagerUITests' from project 'FridgeManager')
    cd /Users/filip/Projects/FridgeManager/FridgeManager
    builtin-Swift-Compilation -- /Applications/Xcode.app/Contents/Developer/Toolchains/XcodeDefault.xctoolchain/usr/bin/swiftc -module-name FridgeManagerUITests -Onone -enforce-exclusivity\=checked @/Users/filip/Projects/FridgeManager/FridgeManager/build/DerivedData/Build/Intermediates.noindex/FridgeManager.build/Debug-iphonesimulator/FridgeManagerUITests.build/Objects-normal/arm64/FridgeManagerUITests.SwiftFileList -DDEBUG -module-alias Testing\=_Testing_Unavailable -plugin-path /Applications/Xcode.app/Contents/Developer/Toolchains/XcodeDefault.xctoolchain/usr/lib/swift/host/plugins/testing -enable-bare-slash-regex -enable-upcoming-feature DisableOutwardActorInference -enable-upcoming-feature InferSendableFromCaptures -enable-upcoming-feature GlobalActorIsolatedTypesUsability -enable-upcoming-feature MemberImportVisibility -enable-upcoming-feature InferIsolatedConformances -enable-upcoming-feature NonisolatedNonsendingByDefault -enable-experimental-feature DebugDescriptionMacro -sdk /Applications/Xcode.app/Contents/Developer/Platforms/iPhoneSimulator.platform/Developer/SDKs/iPhoneSimulator26.2.sdk -target arm64-apple-ios26.2-simulator -g -module-cache-path /Users/filip/Projects/FridgeManager/FridgeManager/build/DerivedData/ModuleCache.noindex -Xfrontend -serialize-debugging-options -profile-coverage-mapping -profile-generate -enable-testing -index-store-path /Users/filip/Projects/FridgeManager/FridgeManager/build/DerivedData/Index.noindex/DataStore -Xcc -D_LIBCPP_HARDENING_MODE\=_LIBCPP_HARDENING_MODE_DEBUG -swift-version 5 -I /Users/filip/Projects/FridgeManager/FridgeManager/build/DerivedData/Build/Products/Debug-iphonesimulator -Isystem /Applications/Xcode.app/Contents/Developer/Platforms/iPhoneSimulator.platform/Developer/usr/lib -F /Users/filip/Projects/FridgeManager/FridgeManager/build/DerivedData/Build/Products/Debug-iphonesimulator -F /Applications/Xcode.app/Contents/Developer/Platforms/iPhoneSimulator.platform/Developer/Library/Frameworks -F /Applications/Xcode.app/Contents/Developer/Platforms/iPhoneSimulator.platform/Developer/SDKs/iPhoneSimulator26.2.sdk/Developer/Library/Frameworks -c -j8 -enable-batch-mode -incremental -Xcc -ivfsstatcache -Xcc /Users/filip/Projects/FridgeManager/FridgeManager/build/DerivedData/SDKStatCaches.noindex/iphonesimulator26.2-23C53-7d00a8b37fbd7999ea79df8ebc024bf0.sdkstatcache -output-file-map /Users/filip/Projects/FridgeManager/FridgeManager/build/DerivedData/Build/Intermediates.noindex/FridgeManager.build/Debug-iphonesimulator/FridgeManagerUITests.build/Objects-normal/arm64/FridgeManagerUITests-OutputFileMap.json -use-frontend-parseable-output -save-temps -no-color-diagnostics -explicit-module-build -module-cache-path /Users/filip/Projects/FridgeManager/FridgeManager/build/DerivedData/Build/Intermediates.noindex/SwiftExplicitPrecompiledModules -clang-scanner-module-cache-path /Users/filip/Projects/FridgeManager/FridgeManager/build/DerivedData/ModuleCache.noindex -sdk-module-cache-path /Users/filip/Projects/FridgeManager/FridgeManager/build/DerivedData/ModuleCache.noindex -serialize-diagnostics -emit-dependencies -emit-module -emit-module-path /Users/filip/Projects/FridgeManager/FridgeManager/build/DerivedData/Build/Intermediates.noindex/FridgeManager.build/Debug-iphonesimulator/FridgeManagerUITests.build/Objects-normal/arm64/FridgeManagerUITests.swiftmodule -validate-clang-modules-once -clang-build-session-file /Users/filip/Projects/FridgeManager/FridgeManager/build/DerivedData/ModuleCache.noindex/Session.modulevalidation -Xcc -I/Users/filip/Projects/FridgeManager/FridgeManager/build/DerivedData/Build/Intermediates.noindex/FridgeManager.build/Debug-iphonesimulator/FridgeManagerUITests.build/swift-overrides.hmap -emit-const-values -Xfrontend -const-gather-protocols-file -Xfrontend /Users/filip/Projects/FridgeManager/FridgeManager/build/DerivedData/Build/Intermediates.noindex/FridgeManager.build/Debug-iphonesimulator/FridgeManagerUITests.build/Objects-normal/arm64/FridgeManagerUITests_const_extract_protocols.json -Xcc -iquote -Xcc /Users/filip/Projects/FridgeManager/FridgeManager/build/DerivedData/Build/Intermediates.noindex/FridgeManager.build/Debug-iphonesimulator/FridgeManagerUITests.build/FridgeManagerUITests-generated-files.hmap -Xcc -I/Users/filip/Projects/FridgeManager/FridgeManager/build/DerivedData/Build/Intermediates.noindex/FridgeManager.build/Debug-iphonesimulator/FridgeManagerUITests.build/FridgeManagerUITests-own-target-headers.hmap -Xcc -I/Users/filip/Projects/FridgeManager/FridgeManager/build/DerivedData/Build/Intermediates.noindex/FridgeManager.build/Debug-iphonesimulator/FridgeManagerUITests.build/FridgeManagerUITests-all-target-headers.hmap -Xcc -iquote -Xcc /Users/filip/Projects/FridgeManager/FridgeManager/build/DerivedData/Build/Intermediates.noindex/FridgeManager.build/Debug-iphonesimulator/FridgeManagerUITests.build/FridgeManagerUITests-project-headers.hmap -Xcc -I/Users/filip/Projects/FridgeManager/FridgeManager/build/DerivedData/Build/Products/Debug-iphonesimulator/include -Xcc -I/Users/filip/Projects/FridgeManager/FridgeManager/build/DerivedData/Build/Intermediates.noindex/FridgeManager.build/Debug-iphonesimulator/FridgeManagerUITests.build/DerivedSources-normal/arm64 -Xcc -I/Users/filip/Projects/FridgeManager/FridgeManager/build/DerivedData/Build/Intermediates.noindex/FridgeManager.build/Debug-iphonesimulator/FridgeManagerUITests.build/DerivedSources/arm64 -Xcc -I/Users/filip/Projects/FridgeManager/FridgeManager/build/DerivedData/Build/Intermediates.noindex/FridgeManager.build/Debug-iphonesimulator/FridgeManagerUITests.build/DerivedSources -Xcc -DDEBUG\=1 -emit-objc-header -emit-objc-header-path /Users/filip/Projects/FridgeManager/FridgeManager/build/DerivedData/Build/Intermediates.noindex/FridgeManager.build/Debug-iphonesimulator/FridgeManagerUITests.build/Objects-normal/arm64/FridgeManagerUITests-Swift.h -working-directory /Users/filip/Projects/FridgeManager/FridgeManager -experimental-emit-module-separately -disable-cmo

SwiftDriverJobDiscovery normal arm64 Compiling FridgeManagerTests.swift (in target 'FridgeManagerTests' from project 'FridgeManager')

SwiftDriverJobDiscovery normal arm64 Compiling FridgeItemTests.swift (in target 'FridgeManagerTests' from project 'FridgeManager')

SwiftDriverJobDiscovery normal arm64 Compiling EditFridgeItemViewTests.swift (in target 'FridgeManagerTests' from project 'FridgeManager')

SwiftDriverJobDiscovery normal arm64 Compiling FirstRunTests.swift (in target 'FridgeManagerTests' from project 'FridgeManager')

SwiftDriver\ Compilation FridgeManagerTests normal arm64 com.apple.xcode.tools.swift.compiler (in target 'FridgeManagerTests' from project 'FridgeManager')
    cd /Users/filip/Projects/FridgeManager/FridgeManager
    builtin-Swift-Compilation -- /Applications/Xcode.app/Contents/Developer/Toolchains/XcodeDefault.xctoolchain/usr/bin/swiftc -module-name FridgeManagerTests -Onone -enforce-exclusivity\=checked @/Users/filip/Projects/FridgeManager/FridgeManager/build/DerivedData/Build/Intermediates.noindex/FridgeManager.build/Debug-iphonesimulator/FridgeManagerTests.build/Objects-normal/arm64/FridgeManagerTests.SwiftFileList -DDEBUG -plugin-path /Applications/Xcode.app/Contents/Developer/Toolchains/XcodeDefault.xctoolchain/usr/lib/swift/host/plugins/testing -enable-bare-slash-regex -enable-upcoming-feature DisableOutwardActorInference -enable-upcoming-feature InferSendableFromCaptures -enable-upcoming-feature GlobalActorIsolatedTypesUsability -enable-upcoming-feature MemberImportVisibility -enable-upcoming-feature InferIsolatedConformances -enable-upcoming-feature NonisolatedNonsendingByDefault -enable-experimental-feature DebugDescriptionMacro -sdk /Applications/Xcode.app/Contents/Developer/Platforms/iPhoneSimulator.platform/Developer/SDKs/iPhoneSimulator26.2.sdk -target arm64-apple-ios26.2-simulator -g -module-cache-path /Users/filip/Projects/FridgeManager/FridgeManager/build/DerivedData/ModuleCache.noindex -Xfrontend -serialize-debugging-options -profile-coverage-mapping -profile-generate -enable-testing -index-store-path /Users/filip/Projects/FridgeManager/FridgeManager/build/DerivedData/Index.noindex/DataStore -Xcc -D_LIBCPP_HARDENING_MODE\=_LIBCPP_HARDENING_MODE_DEBUG -swift-version 5 -I /Users/filip/Projects/FridgeManager/FridgeManager/build/DerivedData/Build/Products/Debug-iphonesimulator -Isystem /Applications/Xcode.app/Contents/Developer/Platforms/iPhoneSimulator.platform/Developer/usr/lib -F /Users/filip/Projects/FridgeManager/FridgeManager/build/DerivedData/Build/Products/Debug-iphonesimulator -F /Applications/Xcode.app/Contents/Developer/Platforms/iPhoneSimulator.platform/Developer/Library/Frameworks -F /Applications/Xcode.app/Contents/Developer/Platforms/iPhoneSimulator.platform/Developer/SDKs/iPhoneSimulator26.2.sdk/Developer/Library/Frameworks -c -j8 -enable-batch-mode -incremental -Xcc -ivfsstatcache -Xcc /Users/filip/Projects/FridgeManager/FridgeManager/build/DerivedData/SDKStatCaches.noindex/iphonesimulator26.2-23C53-7d00a8b37fbd7999ea79df8ebc024bf0.sdkstatcache -output-file-map /Users/filip/Projects/FridgeManager/FridgeManager/build/DerivedData/Build/Intermediates.noindex/FridgeManager.build/Debug-iphonesimulator/FridgeManagerTests.build/Objects-normal/arm64/FridgeManagerTests-OutputFileMap.json -use-frontend-parseable-output -save-temps -no-color-diagnostics -explicit-module-build -module-cache-path /Users/filip/Projects/FridgeManager/FridgeManager/build/DerivedData/Build/Intermediates.noindex/SwiftExplicitPrecompiledModules -clang-scanner-module-cache-path /Users/filip/Projects/FridgeManager/FridgeManager/build/DerivedData/ModuleCache.noindex -sdk-module-cache-path /Users/filip/Projects/FridgeManager/FridgeManager/build/DerivedData/ModuleCache.noindex -serialize-diagnostics -emit-dependencies -emit-module -emit-module-path /Users/filip/Projects/FridgeManager/FridgeManager/build/DerivedData/Build/Intermediates.noindex/FridgeManager.build/Debug-iphonesimulator/FridgeManagerTests.build/Objects-normal/arm64/FridgeManagerTests.swiftmodule -validate-clang-modules-once -clang-build-session-file /Users/filip/Projects/FridgeManager/FridgeManager/build/DerivedData/ModuleCache.noindex/Session.modulevalidation -Xcc -I/Users/filip/Projects/FridgeManager/FridgeManager/build/DerivedData/Build/Intermediates.noindex/FridgeManager.build/Debug-iphonesimulator/FridgeManagerTests.build/swift-overrides.hmap -emit-const-values -Xfrontend -const-gather-protocols-file -Xfrontend /Users/filip/Projects/FridgeManager/FridgeManager/build/DerivedData/Build/Intermediates.noindex/FridgeManager.build/Debug-iphonesimulator/FridgeManagerTests.build/Objects-normal/arm64/FridgeManagerTests_const_extract_protocols.json -Xcc -iquote -Xcc /Users/filip/Projects/FridgeManager/FridgeManager/build/DerivedData/Build/Intermediates.noindex/FridgeManager.build/Debug-iphonesimulator/FridgeManagerTests.build/FridgeManagerTests-generated-files.hmap -Xcc -I/Users/filip/Projects/FridgeManager/FridgeManager/build/DerivedData/Build/Intermediates.noindex/FridgeManager.build/Debug-iphonesimulator/FridgeManagerTests.build/FridgeManagerTests-own-target-headers.hmap -Xcc -I/Users/filip/Projects/FridgeManager/FridgeManager/build/DerivedData/Build/Intermediates.noindex/FridgeManager.build/Debug-iphonesimulator/FridgeManagerTests.build/FridgeManagerTests-all-target-headers.hmap -Xcc -iquote -Xcc /Users/filip/Projects/FridgeManager/FridgeManager/build/DerivedData/Build/Intermediates.noindex/FridgeManager.build/Debug-iphonesimulator/FridgeManagerTests.build/FridgeManagerTests-project-headers.hmap -Xcc -I/Users/filip/Projects/FridgeManager/FridgeManager/build/DerivedData/Build/Products/Debug-iphonesimulator/include -Xcc -I/Users/filip/Projects/FridgeManager/FridgeManager/build/DerivedData/Build/Intermediates.noindex/FridgeManager.build/Debug-iphonesimulator/FridgeManagerTests.build/DerivedSources-normal/arm64 -Xcc -I/Users/filip/Projects/FridgeManager/FridgeManager/build/DerivedData/Build/Intermediates.noindex/FridgeManager.build/Debug-iphonesimulator/FridgeManagerTests.build/DerivedSources/arm64 -Xcc -I/Users/filip/Projects/FridgeManager/FridgeManager/build/DerivedData/Build/Intermediates.noindex/FridgeManager.build/Debug-iphonesimulator/FridgeManagerTests.build/DerivedSources -Xcc -DDEBUG\=1 -emit-objc-header -emit-objc-header-path /Users/filip/Projects/FridgeManager/FridgeManager/build/DerivedData/Build/Intermediates.noindex/FridgeManager.build/Debug-iphonesimulator/FridgeManagerTests.build/Objects-normal/arm64/FridgeManagerTests-Swift.h -working-directory /Users/filip/Projects/FridgeManager/FridgeManager -experimental-emit-module-separately -disable-cmo

CopySwiftLibs /Users/filip/Projects/FridgeManager/FridgeManager/build/DerivedData/Build/Products/Debug-iphonesimulator/FridgeManager.app (in target 'FridgeManager' from project 'FridgeManager')
    cd /Users/filip/Projects/FridgeManager/FridgeManager
    builtin-swiftStdLibTool --copy --verbose --sign - --scan-executable /Users/filip/Projects/FridgeManager/FridgeManager/build/DerivedData/Build/Products/Debug-iphonesimulator/FridgeManager.app/FridgeManager.debug.dylib --scan-folder /Users/filip/Projects/FridgeManager/FridgeManager/build/DerivedData/Build/Products/Debug-iphonesimulator/FridgeManager.app/Frameworks --scan-folder /Users/filip/Projects/FridgeManager/FridgeManager/build/DerivedData/Build/Products/Debug-iphonesimulator/FridgeManager.app/PlugIns --scan-folder /Users/filip/Projects/FridgeManager/FridgeManager/build/DerivedData/Build/Products/Debug-iphonesimulator/FridgeManager.app/SystemExtensions --scan-folder /Users/filip/Projects/FridgeManager/FridgeManager/build/DerivedData/Build/Products/Debug-iphonesimulator/FridgeManager.app/Extensions --platform iphonesimulator --toolchain /Applications/Xcode.app/Contents/Developer/Toolchains/XcodeDefault.xctoolchain --destination /Users/filip/Projects/FridgeManager/FridgeManager/build/DerivedData/Build/Products/Debug-iphonesimulator/FridgeManager.app/Frameworks --strip-bitcode --strip-bitcode-tool /Applications/Xcode.app/Contents/Developer/Toolchains/XcodeDefault.xctoolchain/usr/bin/bitcode_strip --emit-dependency-info /Users/filip/Projects/FridgeManager/FridgeManager/build/DerivedData/Build/Intermediates.noindex/FridgeManager.build/Debug-iphonesimulator/FridgeManager.build/SwiftStdLibToolInputDependencies.dep --filter-for-swift-os

ExtractAppIntentsMetadata (in target 'FridgeManager' from project 'FridgeManager')
    cd /Users/filip/Projects/FridgeManager/FridgeManager
    /Applications/Xcode.app/Contents/Developer/Toolchains/XcodeDefault.xctoolchain/usr/bin/appintentsmetadataprocessor --toolchain-dir /Applications/Xcode.app/Contents/Developer/Toolchains/XcodeDefault.xctoolchain --module-name FridgeManager --sdk-root /Applications/Xcode.app/Contents/Developer/Platforms/iPhoneSimulator.platform/Developer/SDKs/iPhoneSimulator26.2.sdk --xcode-version 17C52 --platform-family iOS --deployment-target 26.2 --bundle-identifier be.razor.FridgeManager --output /Users/filip/Projects/FridgeManager/FridgeManager/build/DerivedData/Build/Products/Debug-iphonesimulator/FridgeManager.app --target-triple arm64-apple-ios26.2-simulator --binary-file /Users/filip/Projects/FridgeManager/FridgeManager/build/DerivedData/Build/Products/Debug-iphonesimulator/FridgeManager.app/FridgeManager --dependency-file /Users/filip/Projects/FridgeManager/FridgeManager/build/DerivedData/Build/Intermediates.noindex/FridgeManager.build/Debug-iphonesimulator/FridgeManager.build/Objects-normal/arm64/FridgeManager_dependency_info.dat --stringsdata-file /Users/filip/Projects/FridgeManager/FridgeManager/build/DerivedData/Build/Intermediates.noindex/FridgeManager.build/Debug-iphonesimulator/FridgeManager.build/Objects-normal/arm64/ExtractedAppShortcutsMetadata.stringsdata --source-file-list /Users/filip/Projects/FridgeManager/FridgeManager/build/DerivedData/Build/Intermediates.noindex/FridgeManager.build/Debug-iphonesimulator/FridgeManager.build/Objects-normal/arm64/FridgeManager.SwiftFileList --metadata-file-list /Users/filip/Projects/FridgeManager/FridgeManager/build/DerivedData/Build/Intermediates.noindex/FridgeManager.build/Debug-iphonesimulator/FridgeManager.build/FridgeManager.DependencyMetadataFileList --static-metadata-file-list /Users/filip/Projects/FridgeManager/FridgeManager/build/DerivedData/Build/Intermediates.noindex/FridgeManager.build/Debug-iphonesimulator/FridgeManager.build/FridgeManager.DependencyStaticMetadataFileList --swift-const-vals-list /Users/filip/Projects/FridgeManager/FridgeManager/build/DerivedData/Build/Intermediates.noindex/FridgeManager.build/Debug-iphonesimulator/FridgeManager.build/Objects-normal/arm64/FridgeManager.SwiftConstValuesFileList --compile-time-extraction --deployment-aware-processing --validate-assistant-intents --no-app-shortcuts-localization
2026-02-21 14:38:22.579 appintentsmetadataprocessor[31676:611163] Starting appintentsmetadataprocessor export
2026-02-21 14:38:22.589 appintentsmetadataprocessor[31676:611163] warning: Metadata extraction skipped. No AppIntents.framework dependency found.

Ld /Users/filip/Projects/FridgeManager/FridgeManager/build/DerivedData/Build/Products/Debug-iphonesimulator/FridgeManager.app/PlugIns/FridgeManagerTests.xctest/FridgeManagerTests normal (in target 'FridgeManagerTests' from project 'FridgeManager')
    cd /Users/filip/Projects/FridgeManager/FridgeManager
    /Applications/Xcode.app/Contents/Developer/Toolchains/XcodeDefault.xctoolchain/usr/bin/clang -Xlinker -reproducible -target arm64-apple-ios26.2-simulator -bundle -isysroot /Applications/Xcode.app/Contents/Developer/Platforms/iPhoneSimulator.platform/Developer/SDKs/iPhoneSimulator26.2.sdk -O0 -L/Users/filip/Projects/FridgeManager/FridgeManager/build/DerivedData/Build/Intermediates.noindex/EagerLinkingTBDs/Debug-iphonesimulator -L/Users/filip/Projects/FridgeManager/FridgeManager/build/DerivedData/Build/Products/Debug-iphonesimulator -L/Applications/Xcode.app/Contents/Developer/Platforms/iPhoneSimulator.platform/Developer/usr/lib -F/Users/filip/Projects/FridgeManager/FridgeManager/build/DerivedData/Build/Intermediates.noindex/EagerLinkingTBDs/Debug-iphonesimulator -F/Users/filip/Projects/FridgeManager/FridgeManager/build/DerivedData/Build/Products/Debug-iphonesimulator -iframework /Applications/Xcode.app/Contents/Developer/Platforms/iPhoneSimulator.platform/Developer/Library/Frameworks -iframework /Applications/Xcode.app/Contents/Developer/Platforms/iPhoneSimulator.platform/Developer/SDKs/iPhoneSimulator26.2.sdk/Developer/Library/Frameworks -filelist /Users/filip/Projects/FridgeManager/FridgeManager/build/DerivedData/Build/Intermediates.noindex/FridgeManager.build/Debug-iphonesimulator/FridgeManagerTests.build/Objects-normal/arm64/FridgeManagerTests.LinkFileList -Xlinker -rpath -Xlinker @loader_path/Frameworks -Xlinker -rpath -Xlinker @executable_path/Frameworks -dead_strip -bundle_loader /Users/filip/Projects/FridgeManager/FridgeManager/build/DerivedData/Build/Products/Debug-iphonesimulator/FridgeManager.app/FridgeManager -Xlinker -object_path_lto -Xlinker /Users/filip/Projects/FridgeManager/FridgeManager/build/DerivedData/Build/Intermediates.noindex/FridgeManager.build/Debug-iphonesimulator/FridgeManagerTests.build/Objects-normal/arm64/FridgeManagerTests_lto.o -rdynamic -Xlinker -no_deduplicate -Xlinker -objc_abi_version -Xlinker 2 -Xlinker -debug_variant -Xlinker -dependency_info -Xlinker /Users/filip/Projects/FridgeManager/FridgeManager/build/DerivedData/Build/Intermediates.noindex/FridgeManager.build/Debug-iphonesimulator/FridgeManagerTests.build/Objects-normal/arm64/FridgeManagerTests_dependency_info.dat -fobjc-link-runtime -fprofile-instr-generate -L/Applications/Xcode.app/Contents/Developer/Toolchains/XcodeDefault.xctoolchain/usr/lib/swift/iphonesimulator -L/usr/lib/swift -Xlinker -add_ast_path -Xlinker /Users/filip/Projects/FridgeManager/FridgeManager/build/DerivedData/Build/Intermediates.noindex/FridgeManager.build/Debug-iphonesimulator/FridgeManagerTests.build/Objects-normal/arm64/FridgeManagerTests.swiftmodule @/Users/filip/Projects/FridgeManager/FridgeManager/build/DerivedData/Build/Intermediates.noindex/FridgeManager.build/Debug-iphonesimulator/FridgeManagerTests.build/Objects-normal/arm64/FridgeManagerTests-linker-args.resp -Xlinker -needed_framework -Xlinker XCTest -framework XCTest -Xlinker -needed-lXCTestSwiftSupport -lXCTestSwiftSupport /Users/filip/Projects/FridgeManager/FridgeManager/build/DerivedData/Build/Products/Debug-iphonesimulator/FridgeManager.app/FridgeManager.debug.dylib -Xlinker -no_adhoc_codesign -o /Users/filip/Projects/FridgeManager/FridgeManager/build/DerivedData/Build/Products/Debug-iphonesimulator/FridgeManager.app/PlugIns/FridgeManagerTests.xctest/FridgeManagerTests

ProcessInfoPlistFile /Users/filip/Projects/FridgeManager/FridgeManager/build/DerivedData/Build/Products/Debug-iphonesimulator/FridgeManager.app/PlugIns/FridgeManagerTests.xctest/Info.plist /Users/filip/Projects/FridgeManager/FridgeManager/build/DerivedData/Build/Intermediates.noindex/FridgeManager.build/Debug-iphonesimulator/FridgeManagerTests.build/empty-FridgeManagerTests.plist (in target 'FridgeManagerTests' from project 'FridgeManager')
    cd /Users/filip/Projects/FridgeManager/FridgeManager
    builtin-infoPlistUtility /Users/filip/Projects/FridgeManager/FridgeManager/build/DerivedData/Build/Intermediates.noindex/FridgeManager.build/Debug-iphonesimulator/FridgeManagerTests.build/empty-FridgeManagerTests.plist -producttype com.apple.product-type.bundle.unit-test -expandbuildsettings -format binary -platform iphonesimulator -o /Users/filip/Projects/FridgeManager/FridgeManager/build/DerivedData/Build/Products/Debug-iphonesimulator/FridgeManager.app/PlugIns/FridgeManagerTests.xctest/Info.plist

ExtractAppIntentsMetadata (in target 'FridgeManagerTests' from project 'FridgeManager')
    cd /Users/filip/Projects/FridgeManager/FridgeManager
    /Applications/Xcode.app/Contents/Developer/Toolchains/XcodeDefault.xctoolchain/usr/bin/appintentsmetadataprocessor --toolchain-dir /Applications/Xcode.app/Contents/Developer/Toolchains/XcodeDefault.xctoolchain --module-name FridgeManagerTests --sdk-root /Applications/Xcode.app/Contents/Developer/Platforms/iPhoneSimulator.platform/Developer/SDKs/iPhoneSimulator26.2.sdk --xcode-version 17C52 --platform-family iOS --deployment-target 26.2 --bundle-identifier be.razor.FridgeManagerTests --output /Users/filip/Projects/FridgeManager/FridgeManager/build/DerivedData/Build/Products/Debug-iphonesimulator/FridgeManager.app/PlugIns/FridgeManagerTests.xctest --target-triple arm64-apple-ios26.2-simulator --binary-file /Users/filip/Projects/FridgeManager/FridgeManager/build/DerivedData/Build/Products/Debug-iphonesimulator/FridgeManager.app/PlugIns/FridgeManagerTests.xctest/FridgeManagerTests --dependency-file /Users/filip/Projects/FridgeManager/FridgeManager/build/DerivedData/Build/Intermediates.noindex/FridgeManager.build/Debug-iphonesimulator/FridgeManagerTests.build/Objects-normal/arm64/FridgeManagerTests_dependency_info.dat --stringsdata-file /Users/filip/Projects/FridgeManager/FridgeManager/build/DerivedData/Build/Intermediates.noindex/FridgeManager.build/Debug-iphonesimulator/FridgeManagerTests.build/Objects-normal/arm64/ExtractedAppShortcutsMetadata.stringsdata --source-file-list /Users/filip/Projects/FridgeManager/FridgeManager/build/DerivedData/Build/Intermediates.noindex/FridgeManager.build/Debug-iphonesimulator/FridgeManagerTests.build/Objects-normal/arm64/FridgeManagerTests.SwiftFileList --metadata-file-list /Users/filip/Projects/FridgeManager/FridgeManager/build/DerivedData/Build/Intermediates.noindex/FridgeManager.build/Debug-iphonesimulator/FridgeManagerTests.build/FridgeManagerTests.DependencyMetadataFileList --static-metadata-file-list /Users/filip/Projects/FridgeManager/FridgeManager/build/DerivedData/Build/Intermediates.noindex/FridgeManager.build/Debug-iphonesimulator/FridgeManagerTests.build/FridgeManagerTests.DependencyStaticMetadataFileList --swift-const-vals-list /Users/filip/Projects/FridgeManager/FridgeManager/build/DerivedData/Build/Intermediates.noindex/FridgeManager.build/Debug-iphonesimulator/FridgeManagerTests.build/Objects-normal/arm64/FridgeManagerTests.SwiftConstValuesFileList --compile-time-extraction --deployment-aware-processing --validate-assistant-intents --no-app-shortcuts-localization
2026-02-21 14:38:24.014 appintentsmetadataprocessor[31710:611260] Starting appintentsmetadataprocessor export
2026-02-21 14:38:24.017 appintentsmetadataprocessor[31710:611260] warning: Metadata extraction skipped. No AppIntents.framework dependency found.

CopySwiftLibs /Users/filip/Projects/FridgeManager/FridgeManager/build/DerivedData/Build/Products/Debug-iphonesimulator/FridgeManager.app/PlugIns/FridgeManagerTests.xctest (in target 'FridgeManagerTests' from project 'FridgeManager')
    cd /Users/filip/Projects/FridgeManager/FridgeManager
    builtin-swiftStdLibTool --copy --verbose --sign - --scan-executable /Users/filip/Projects/FridgeManager/FridgeManager/build/DerivedData/Build/Products/Debug-iphonesimulator/FridgeManager.app/PlugIns/FridgeManagerTests.xctest/FridgeManagerTests --scan-folder /Users/filip/Projects/FridgeManager/FridgeManager/build/DerivedData/Build/Products/Debug-iphonesimulator/FridgeManager.app/PlugIns/FridgeManagerTests.xctest/Frameworks --scan-folder /Users/filip/Projects/FridgeManager/FridgeManager/build/DerivedData/Build/Products/Debug-iphonesimulator/FridgeManager.app/PlugIns/FridgeManagerTests.xctest/PlugIns --scan-folder /Users/filip/Projects/FridgeManager/FridgeManager/build/DerivedData/Build/Products/Debug-iphonesimulator/FridgeManager.app/PlugIns/FridgeManagerTests.xctest/SystemExtensions --scan-folder /Users/filip/Projects/FridgeManager/FridgeManager/build/DerivedData/Build/Products/Debug-iphonesimulator/FridgeManager.app/PlugIns/FridgeManagerTests.xctest/Extensions --platform iphonesimulator --toolchain /Applications/Xcode.app/Contents/Developer/Toolchains/XcodeDefault.xctoolchain --destination /Users/filip/Projects/FridgeManager/FridgeManager/build/DerivedData/Build/Products/Debug-iphonesimulator/FridgeManager.app/PlugIns/FridgeManagerTests.xctest/Frameworks --strip-bitcode --scan-executable /Applications/Xcode.app/Contents/Developer/Platforms/iPhoneSimulator.platform/Developer/usr/lib/libXCTestSwiftSupport.dylib --strip-bitcode-tool /Applications/Xcode.app/Contents/Developer/Toolchains/XcodeDefault.xctoolchain/usr/bin/bitcode_strip --emit-dependency-info /Users/filip/Projects/FridgeManager/FridgeManager/build/DerivedData/Build/Intermediates.noindex/FridgeManager.build/Debug-iphonesimulator/FridgeManagerTests.build/SwiftStdLibToolInputDependencies.dep --filter-for-swift-os

AppIntentsSSUTraining (in target 'FridgeManagerTests' from project 'FridgeManager')
    cd /Users/filip/Projects/FridgeManager/FridgeManager
    /Applications/Xcode.app/Contents/Developer/Toolchains/XcodeDefault.xctoolchain/usr/bin/appintentsnltrainingprocessor --infoplist-path /Users/filip/Projects/FridgeManager/FridgeManager/build/DerivedData/Build/Products/Debug-iphonesimulator/FridgeManager.app/PlugIns/FridgeManagerTests.xctest/Info.plist --temp-dir-path /Users/filip/Projects/FridgeManager/FridgeManager/build/DerivedData/Build/Intermediates.noindex/FridgeManager.build/Debug-iphonesimulator/FridgeManagerTests.build/ssu --bundle-id be.razor.FridgeManagerTests --product-path /Users/filip/Projects/FridgeManager/FridgeManager/build/DerivedData/Build/Products/Debug-iphonesimulator/FridgeManager.app/PlugIns/FridgeManagerTests.xctest --extracted-metadata-path /Users/filip/Projects/FridgeManager/FridgeManager/build/DerivedData/Build/Products/Debug-iphonesimulator/FridgeManager.app/PlugIns/FridgeManagerTests.xctest/Metadata.appintents --metadata-file-list /Users/filip/Projects/FridgeManager/FridgeManager/build/DerivedData/Build/Intermediates.noindex/FridgeManager.build/Debug-iphonesimulator/FridgeManagerTests.build/FridgeManagerTests.DependencyMetadataFileList --archive-ssu-assets
2026-02-21 14:38:24.077 appintentsnltrainingprocessor[31711:611261] Parsing options for appintentsnltrainingprocessor
2026-02-21 14:38:24.078 appintentsnltrainingprocessor[31711:611261] No AppShortcuts found - Skipping.

CodeSign /Users/filip/Projects/FridgeManager/FridgeManager/build/DerivedData/Build/Products/Debug-iphonesimulator/FridgeManager.app/PlugIns/FridgeManagerTests.xctest (in target 'FridgeManagerTests' from project 'FridgeManager')
    cd /Users/filip/Projects/FridgeManager/FridgeManager
    
    Signing Identity:     "Sign to Run Locally"
    
    /usr/bin/codesign --force --sign - --timestamp\=none --generate-entitlement-der /Users/filip/Projects/FridgeManager/FridgeManager/build/DerivedData/Build/Products/Debug-iphonesimulator/FridgeManager.app/PlugIns/FridgeManagerTests.xctest

RegisterExecutionPolicyException /Users/filip/Projects/FridgeManager/FridgeManager/build/DerivedData/Build/Products/Debug-iphonesimulator/FridgeManager.app/PlugIns/FridgeManagerTests.xctest (in target 'FridgeManagerTests' from project 'FridgeManager')
    cd /Users/filip/Projects/FridgeManager/FridgeManager
    builtin-RegisterExecutionPolicyException /Users/filip/Projects/FridgeManager/FridgeManager/build/DerivedData/Build/Products/Debug-iphonesimulator/FridgeManager.app/PlugIns/FridgeManagerTests.xctest

Touch /Users/filip/Projects/FridgeManager/FridgeManager/build/DerivedData/Build/Products/Debug-iphonesimulator/FridgeManager.app/PlugIns/FridgeManagerTests.xctest (in target 'FridgeManagerTests' from project 'FridgeManager')
    cd /Users/filip/Projects/FridgeManager/FridgeManager
    /usr/bin/touch -c /Users/filip/Projects/FridgeManager/FridgeManager/build/DerivedData/Build/Products/Debug-iphonesimulator/FridgeManager.app/PlugIns/FridgeManagerTests.xctest

CodeSign /Users/filip/Projects/FridgeManager/FridgeManager/build/DerivedData/Build/Products/Debug-iphonesimulator/FridgeManager.app/FridgeManager.debug.dylib (in target 'FridgeManager' from project 'FridgeManager')
    cd /Users/filip/Projects/FridgeManager/FridgeManager
    
    Signing Identity:     "Sign to Run Locally"
    
    /usr/bin/codesign --force --sign - --timestamp\=none --generate-entitlement-der /Users/filip/Projects/FridgeManager/FridgeManager/build/DerivedData/Build/Products/Debug-iphonesimulator/FridgeManager.app/FridgeManager.debug.dylib

CodeSign /Users/filip/Projects/FridgeManager/FridgeManager/build/DerivedData/Build/Products/Debug-iphonesimulator/FridgeManager.app/__preview.dylib (in target 'FridgeManager' from project 'FridgeManager')
    cd /Users/filip/Projects/FridgeManager/FridgeManager
    
    Signing Identity:     "Sign to Run Locally"
    
    /usr/bin/codesign --force --sign - --timestamp\=none --generate-entitlement-der /Users/filip/Projects/FridgeManager/FridgeManager/build/DerivedData/Build/Products/Debug-iphonesimulator/FridgeManager.app/__preview.dylib
/Users/filip/Projects/FridgeManager/FridgeManager/build/DerivedData/Build/Products/Debug-iphonesimulator/FridgeManager.app/__preview.dylib: replacing existing signature

CodeSign /Users/filip/Projects/FridgeManager/FridgeManager/build/DerivedData/Build/Products/Debug-iphonesimulator/FridgeManager.app (in target 'FridgeManager' from project 'FridgeManager')
    cd /Users/filip/Projects/FridgeManager/FridgeManager
    
    Signing Identity:     "Sign to Run Locally"
    
    /usr/bin/codesign --force --sign - --timestamp\=none --generate-entitlement-der /Users/filip/Projects/FridgeManager/FridgeManager/build/DerivedData/Build/Products/Debug-iphonesimulator/FridgeManager.app

Validate /Users/filip/Projects/FridgeManager/FridgeManager/build/DerivedData/Build/Products/Debug-iphonesimulator/FridgeManager.app (in target 'FridgeManager' from project 'FridgeManager')
    cd /Users/filip/Projects/FridgeManager/FridgeManager
    builtin-validationUtility /Users/filip/Projects/FridgeManager/FridgeManager/build/DerivedData/Build/Products/Debug-iphonesimulator/FridgeManager.app -shallow-bundle -infoplist-subpath Info.plist

Ld /Users/filip/Projects/FridgeManager/FridgeManager/build/DerivedData/Build/Products/Debug-iphonesimulator/FridgeManagerUITests-Runner.app/PlugIns/FridgeManagerUITests.xctest/FridgeManagerUITests normal (in target 'FridgeManagerUITests' from project 'FridgeManager')
    cd /Users/filip/Projects/FridgeManager/FridgeManager
    /Applications/Xcode.app/Contents/Developer/Toolchains/XcodeDefault.xctoolchain/usr/bin/clang -Xlinker -reproducible -target arm64-apple-ios26.2-simulator -bundle -isysroot /Applications/Xcode.app/Contents/Developer/Platforms/iPhoneSimulator.platform/Developer/SDKs/iPhoneSimulator26.2.sdk -O0 -L/Users/filip/Projects/FridgeManager/FridgeManager/build/DerivedData/Build/Intermediates.noindex/EagerLinkingTBDs/Debug-iphonesimulator -L/Users/filip/Projects/FridgeManager/FridgeManager/build/DerivedData/Build/Products/Debug-iphonesimulator -L/Applications/Xcode.app/Contents/Developer/Platforms/iPhoneSimulator.platform/Developer/usr/lib -F/Users/filip/Projects/FridgeManager/FridgeManager/build/DerivedData/Build/Intermediates.noindex/EagerLinkingTBDs/Debug-iphonesimulator -F/Users/filip/Projects/FridgeManager/FridgeManager/build/DerivedData/Build/Products/Debug-iphonesimulator -iframework /Applications/Xcode.app/Contents/Developer/Platforms/iPhoneSimulator.platform/Developer/Library/Frameworks -iframework /Applications/Xcode.app/Contents/Developer/Platforms/iPhoneSimulator.platform/Developer/SDKs/iPhoneSimulator26.2.sdk/Developer/Library/Frameworks -filelist /Users/filip/Projects/FridgeManager/FridgeManager/build/DerivedData/Build/Intermediates.noindex/FridgeManager.build/Debug-iphonesimulator/FridgeManagerUITests.build/Objects-normal/arm64/FridgeManagerUITests.LinkFileList -Xlinker -rpath -Xlinker @loader_path/Frameworks -dead_strip -Xlinker -object_path_lto -Xlinker /Users/filip/Projects/FridgeManager/FridgeManager/build/DerivedData/Build/Intermediates.noindex/FridgeManager.build/Debug-iphonesimulator/FridgeManagerUITests.build/Objects-normal/arm64/FridgeManagerUITests_lto.o -rdynamic -Xlinker -no_deduplicate -Xlinker -objc_abi_version -Xlinker 2 -Xlinker -debug_variant -Xlinker -dependency_info -Xlinker /Users/filip/Projects/FridgeManager/FridgeManager/build/DerivedData/Build/Intermediates.noindex/FridgeManager.build/Debug-iphonesimulator/FridgeManagerUITests.build/Objects-normal/arm64/FridgeManagerUITests_dependency_info.dat -fobjc-link-runtime -fprofile-instr-generate -L/Applications/Xcode.app/Contents/Developer/Toolchains/XcodeDefault.xctoolchain/usr/lib/swift/iphonesimulator -L/usr/lib/swift -Xlinker -add_ast_path -Xlinker /Users/filip/Projects/FridgeManager/FridgeManager/build/DerivedData/Build/Intermediates.noindex/FridgeManager.build/Debug-iphonesimulator/FridgeManagerUITests.build/Objects-normal/arm64/FridgeManagerUITests.swiftmodule @/Users/filip/Projects/FridgeManager/FridgeManager/build/DerivedData/Build/Intermediates.noindex/FridgeManager.build/Debug-iphonesimulator/FridgeManagerUITests.build/Objects-normal/arm64/FridgeManagerUITests-linker-args.resp -Xlinker -needed_framework -Xlinker XCTest -framework XCTest -Xlinker -needed-lXCTestSwiftSupport -lXCTestSwiftSupport -Xlinker -sectcreate -Xlinker __TEXT -Xlinker __entitlements -Xlinker /Users/filip/Projects/FridgeManager/FridgeManager/build/DerivedData/Build/Intermediates.noindex/FridgeManager.build/Debug-iphonesimulator/FridgeManagerUITests.build/FridgeManagerUITests.xctest-Simulated.xcent -Xlinker -sectcreate -Xlinker __TEXT -Xlinker __ents_der -Xlinker /Users/filip/Projects/FridgeManager/FridgeManager/build/DerivedData/Build/Intermediates.noindex/FridgeManager.build/Debug-iphonesimulator/FridgeManagerUITests.build/FridgeManagerUITests.xctest-Simulated.xcent.der -Xlinker -no_adhoc_codesign -o /Users/filip/Projects/FridgeManager/FridgeManager/build/DerivedData/Build/Products/Debug-iphonesimulator/FridgeManagerUITests-Runner.app/PlugIns/FridgeManagerUITests.xctest/FridgeManagerUITests

ProcessInfoPlistFile /Users/filip/Projects/FridgeManager/FridgeManager/build/DerivedData/Build/Products/Debug-iphonesimulator/FridgeManagerUITests-Runner.app/PlugIns/FridgeManagerUITests.xctest/Info.plist /Users/filip/Projects/FridgeManager/FridgeManager/build/DerivedData/Build/Intermediates.noindex/FridgeManager.build/Debug-iphonesimulator/FridgeManagerUITests.build/empty-FridgeManagerUITests.plist (in target 'FridgeManagerUITests' from project 'FridgeManager')
    cd /Users/filip/Projects/FridgeManager/FridgeManager
    builtin-infoPlistUtility /Users/filip/Projects/FridgeManager/FridgeManager/build/DerivedData/Build/Intermediates.noindex/FridgeManager.build/Debug-iphonesimulator/FridgeManagerUITests.build/empty-FridgeManagerUITests.plist -producttype com.apple.product-type.bundle.ui-testing -expandbuildsettings -format binary -platform iphonesimulator -additionalcontentfile /Users/filip/Projects/FridgeManager/FridgeManager/build/DerivedData/Build/Intermediates.noindex/FridgeManager.build/Debug-iphonesimulator/FridgeManagerUITests.build/ProductTypeInfoPlistAdditions.plist -o /Users/filip/Projects/FridgeManager/FridgeManager/build/DerivedData/Build/Products/Debug-iphonesimulator/FridgeManagerUITests-Runner.app/PlugIns/FridgeManagerUITests.xctest/Info.plist

ExtractAppIntentsMetadata (in target 'FridgeManagerUITests' from project 'FridgeManager')
    cd /Users/filip/Projects/FridgeManager/FridgeManager
    /Applications/Xcode.app/Contents/Developer/Toolchains/XcodeDefault.xctoolchain/usr/bin/appintentsmetadataprocessor --toolchain-dir /Applications/Xcode.app/Contents/Developer/Toolchains/XcodeDefault.xctoolchain --module-name FridgeManagerUITests --sdk-root /Applications/Xcode.app/Contents/Developer/Platforms/iPhoneSimulator.platform/Developer/SDKs/iPhoneSimulator26.2.sdk --xcode-version 17C52 --platform-family iOS --deployment-target 26.2 --bundle-identifier be.razor.FridgeManagerUITests --output /Users/filip/Projects/FridgeManager/FridgeManager/build/DerivedData/Build/Products/Debug-iphonesimulator/FridgeManagerUITests-Runner.app/PlugIns/FridgeManagerUITests.xctest --target-triple arm64-apple-ios26.2-simulator --binary-file /Users/filip/Projects/FridgeManager/FridgeManager/build/DerivedData/Build/Products/Debug-iphonesimulator/FridgeManagerUITests-Runner.app/PlugIns/FridgeManagerUITests.xctest/FridgeManagerUITests --dependency-file /Users/filip/Projects/FridgeManager/FridgeManager/build/DerivedData/Build/Intermediates.noindex/FridgeManager.build/Debug-iphonesimulator/FridgeManagerUITests.build/Objects-normal/arm64/FridgeManagerUITests_dependency_info.dat --stringsdata-file /Users/filip/Projects/FridgeManager/FridgeManager/build/DerivedData/Build/Intermediates.noindex/FridgeManager.build/Debug-iphonesimulator/FridgeManagerUITests.build/Objects-normal/arm64/ExtractedAppShortcutsMetadata.stringsdata --source-file-list /Users/filip/Projects/FridgeManager/FridgeManager/build/DerivedData/Build/Intermediates.noindex/FridgeManager.build/Debug-iphonesimulator/FridgeManagerUITests.build/Objects-normal/arm64/FridgeManagerUITests.SwiftFileList --metadata-file-list /Users/filip/Projects/FridgeManager/FridgeManager/build/DerivedData/Build/Intermediates.noindex/FridgeManager.build/Debug-iphonesimulator/FridgeManagerUITests.build/FridgeManagerUITests.DependencyMetadataFileList --static-metadata-file-list /Users/filip/Projects/FridgeManager/FridgeManager/build/DerivedData/Build/Intermediates.noindex/FridgeManager.build/Debug-iphonesimulator/FridgeManagerUITests.build/FridgeManagerUITests.DependencyStaticMetadataFileList --swift-const-vals-list /Users/filip/Projects/FridgeManager/FridgeManager/build/DerivedData/Build/Intermediates.noindex/FridgeManager.build/Debug-iphonesimulator/FridgeManagerUITests.build/Objects-normal/arm64/FridgeManagerUITests.SwiftConstValuesFileList --compile-time-extraction --deployment-aware-processing --validate-assistant-intents --no-app-shortcuts-localization
2026-02-21 14:38:25.438 appintentsmetadataprocessor[31723:611391] Starting appintentsmetadataprocessor export
2026-02-21 14:38:25.441 appintentsmetadataprocessor[31723:611391] warning: Metadata extraction skipped. No AppIntents.framework dependency found.

CopySwiftLibs /Users/filip/Projects/FridgeManager/FridgeManager/build/DerivedData/Build/Products/Debug-iphonesimulator/FridgeManagerUITests-Runner.app/PlugIns/FridgeManagerUITests.xctest (in target 'FridgeManagerUITests' from project 'FridgeManager')
    cd /Users/filip/Projects/FridgeManager/FridgeManager
    builtin-swiftStdLibTool --copy --verbose --sign - --scan-executable /Users/filip/Projects/FridgeManager/FridgeManager/build/DerivedData/Build/Products/Debug-iphonesimulator/FridgeManagerUITests-Runner.app/PlugIns/FridgeManagerUITests.xctest/FridgeManagerUITests --scan-folder /Users/filip/Projects/FridgeManager/FridgeManager/build/DerivedData/Build/Products/Debug-iphonesimulator/FridgeManagerUITests-Runner.app/PlugIns/FridgeManagerUITests.xctest/Frameworks --scan-folder /Users/filip/Projects/FridgeManager/FridgeManager/build/DerivedData/Build/Products/Debug-iphonesimulator/FridgeManagerUITests-Runner.app/PlugIns/FridgeManagerUITests.xctest/PlugIns --scan-folder /Users/filip/Projects/FridgeManager/FridgeManager/build/DerivedData/Build/Products/Debug-iphonesimulator/FridgeManagerUITests-Runner.app/PlugIns/FridgeManagerUITests.xctest/SystemExtensions --scan-folder /Users/filip/Projects/FridgeManager/FridgeManager/build/DerivedData/Build/Products/Debug-iphonesimulator/FridgeManagerUITests-Runner.app/PlugIns/FridgeManagerUITests.xctest/Extensions --platform iphonesimulator --toolchain /Applications/Xcode.app/Contents/Developer/Toolchains/XcodeDefault.xctoolchain --destination /Users/filip/Projects/FridgeManager/FridgeManager/build/DerivedData/Build/Products/Debug-iphonesimulator/FridgeManagerUITests-Runner.app/PlugIns/FridgeManagerUITests.xctest/Frameworks --strip-bitcode --scan-executable /Applications/Xcode.app/Contents/Developer/Platforms/iPhoneSimulator.platform/Developer/usr/lib/libXCTestSwiftSupport.dylib --strip-bitcode-tool /Applications/Xcode.app/Contents/Developer/Toolchains/XcodeDefault.xctoolchain/usr/bin/bitcode_strip --emit-dependency-info /Users/filip/Projects/FridgeManager/FridgeManager/build/DerivedData/Build/Intermediates.noindex/FridgeManager.build/Debug-iphonesimulator/FridgeManagerUITests.build/SwiftStdLibToolInputDependencies.dep --filter-for-swift-os

AppIntentsSSUTraining (in target 'FridgeManagerUITests' from project 'FridgeManager')
    cd /Users/filip/Projects/FridgeManager/FridgeManager
    /Applications/Xcode.app/Contents/Developer/Toolchains/XcodeDefault.xctoolchain/usr/bin/appintentsnltrainingprocessor --infoplist-path /Users/filip/Projects/FridgeManager/FridgeManager/build/DerivedData/Build/Products/Debug-iphonesimulator/FridgeManagerUITests-Runner.app/PlugIns/FridgeManagerUITests.xctest/Info.plist --temp-dir-path /Users/filip/Projects/FridgeManager/FridgeManager/build/DerivedData/Build/Intermediates.noindex/FridgeManager.build/Debug-iphonesimulator/FridgeManagerUITests.build/ssu --bundle-id be.razor.FridgeManagerUITests --product-path /Users/filip/Projects/FridgeManager/FridgeManager/build/DerivedData/Build/Products/Debug-iphonesimulator/FridgeManagerUITests-Runner.app/PlugIns/FridgeManagerUITests.xctest --extracted-metadata-path /Users/filip/Projects/FridgeManager/FridgeManager/build/DerivedData/Build/Products/Debug-iphonesimulator/FridgeManagerUITests-Runner.app/PlugIns/FridgeManagerUITests.xctest/Metadata.appintents --metadata-file-list /Users/filip/Projects/FridgeManager/FridgeManager/build/DerivedData/Build/Intermediates.noindex/FridgeManager.build/Debug-iphonesimulator/FridgeManagerUITests.build/FridgeManagerUITests.DependencyMetadataFileList --archive-ssu-assets
2026-02-21 14:38:25.504 appintentsnltrainingprocessor[31724:611399] Parsing options for appintentsnltrainingprocessor
2026-02-21 14:38:25.506 appintentsnltrainingprocessor[31724:611399] No AppShortcuts found - Skipping.

MkDir /Users/filip/Projects/FridgeManager/FridgeManager/build/DerivedData/Build/Products/Debug-iphonesimulator/FridgeManagerUITests-Runner.app (in target 'FridgeManagerUITests' from project 'FridgeManager')
    cd /Users/filip/Projects/FridgeManager/FridgeManager
    /bin/mkdir -p /Users/filip/Projects/FridgeManager/FridgeManager/build/DerivedData/Build/Products/Debug-iphonesimulator/FridgeManagerUITests-Runner.app

CopyPlistFile /Users/filip/Projects/FridgeManager/FridgeManager/build/DerivedData/Build/Products/Debug-iphonesimulator/FridgeManagerUITests-Runner.app/Info.plist /Applications/Xcode.app/Contents/Developer/Platforms/iPhoneSimulator.platform/Developer/Library/Xcode/Agents/XCTRunner.app/Info.plist (in target 'FridgeManagerUITests' from project 'FridgeManager')
    cd /Users/filip/Projects/FridgeManager/FridgeManager
    builtin-copyPlist --validate --convert xml1 --macro-expansion WRAPPEDPRODUCTNAME FridgeManagerUITests-Runner --macro-expansion WRAPPEDPRODUCTBUNDLEIDENTIFIER be.razor.FridgeManagerUITests.xctrunner --macro-expansion TESTPRODUCTNAME FridgeManagerUITests --macro-expansion TESTPRODUCTBUNDLEIDENTIFIER be.razor.FridgeManagerUITests --copy-value UIDeviceFamily /Users/filip/Projects/FridgeManager/FridgeManager/build/DerivedData/Build/Products/Debug-iphonesimulator/FridgeManagerUITests-Runner.app/PlugIns/FridgeManagerUITests.xctest/Info.plist --outdir /Users/filip/Projects/FridgeManager/FridgeManager/build/DerivedData/Build/Products/Debug-iphonesimulator/FridgeManagerUITests-Runner.app -- /Applications/Xcode.app/Contents/Developer/Platforms/iPhoneSimulator.platform/Developer/Library/Xcode/Agents/XCTRunner.app/Info.plist

Copy /Users/filip/Projects/FridgeManager/FridgeManager/build/DerivedData/Build/Products/Debug-iphonesimulator/FridgeManagerUITests-Runner.app/PkgInfo /Applications/Xcode.app/Contents/Developer/Platforms/iPhoneSimulator.platform/Developer/Library/Xcode/Agents/XCTRunner.app/PkgInfo (in target 'FridgeManagerUITests' from project 'FridgeManager')
    cd /Users/filip/Projects/FridgeManager/FridgeManager
    builtin-copy -exclude .DS_Store -exclude CVS -exclude .svn -exclude .git -exclude .hg -resolve-src-symlinks /Applications/Xcode.app/Contents/Developer/Platforms/iPhoneSimulator.platform/Developer/Library/Xcode/Agents/XCTRunner.app/PkgInfo /Users/filip/Projects/FridgeManager/FridgeManager/build/DerivedData/Build/Products/Debug-iphonesimulator/FridgeManagerUITests-Runner.app

CopyAndPreserveArchs /Users/filip/Projects/FridgeManager/FridgeManager/build/DerivedData/Build/Products/Debug-iphonesimulator/FridgeManagerUITests-Runner.app/FridgeManagerUITests-Runner (in target 'FridgeManagerUITests' from project 'FridgeManager')
    cd /Users/filip/Projects/FridgeManager/FridgeManager
    /Applications/Xcode.app/Contents/Developer/Toolchains/XcodeDefault.xctoolchain/usr/bin/lipo /Applications/Xcode.app/Contents/Developer/Platforms/iPhoneSimulator.platform/Developer/Library/Xcode/Agents/XCTRunner.app/XCTRunner -output /Users/filip/Projects/FridgeManager/FridgeManager/build/DerivedData/Build/Products/Debug-iphonesimulator/FridgeManagerUITests-Runner.app/FridgeManagerUITests-Runner -extract arm64

Copy /Users/filip/Projects/FridgeManager/FridgeManager/build/DerivedData/Build/Products/Debug-iphonesimulator/FridgeManagerUITests-Runner.app/Frameworks/libXCTestSwiftSupport.dylib /Applications/Xcode.app/Contents/Developer/Platforms/iPhoneSimulator.platform/Developer/usr/lib/libXCTestSwiftSupport.dylib (in target 'FridgeManagerUITests' from project 'FridgeManager')
    cd /Users/filip/Projects/FridgeManager/FridgeManager
    builtin-copy -exclude .DS_Store -exclude CVS -exclude .svn -exclude .git -exclude .hg -exclude Headers -exclude PrivateHeaders -exclude Modules -exclude \*.tbd -resolve-src-symlinks /Applications/Xcode.app/Contents/Developer/Platforms/iPhoneSimulator.platform/Developer/usr/lib/libXCTestSwiftSupport.dylib /Users/filip/Projects/FridgeManager/FridgeManager/build/DerivedData/Build/Products/Debug-iphonesimulator/FridgeManagerUITests-Runner.app/Frameworks

Copy /Users/filip/Projects/FridgeManager/FridgeManager/build/DerivedData/Build/Products/Debug-iphonesimulator/FridgeManagerUITests-Runner.app/Frameworks/XCUnit.framework /Applications/Xcode.app/Contents/Developer/Platforms/iPhoneSimulator.platform/Developer/Library/PrivateFrameworks/XCUnit.framework (in target 'FridgeManagerUITests' from project 'FridgeManager')
    cd /Users/filip/Projects/FridgeManager/FridgeManager
    builtin-copy -exclude .DS_Store -exclude CVS -exclude .svn -exclude .git -exclude .hg -exclude Headers -exclude PrivateHeaders -exclude Modules -exclude \*.tbd -resolve-src-symlinks /Applications/Xcode.app/Contents/Developer/Platforms/iPhoneSimulator.platform/Developer/Library/PrivateFrameworks/XCUnit.framework /Users/filip/Projects/FridgeManager/FridgeManager/build/DerivedData/Build/Products/Debug-iphonesimulator/FridgeManagerUITests-Runner.app/Frameworks

Copy /Users/filip/Projects/FridgeManager/FridgeManager/build/DerivedData/Build/Products/Debug-iphonesimulator/FridgeManagerUITests-Runner.app/Frameworks/XCUIAutomation.framework /Applications/Xcode.app/Contents/Developer/Platforms/iPhoneSimulator.platform/Developer/Library/Frameworks/XCUIAutomation.framework (in target 'FridgeManagerUITests' from project 'FridgeManager')
    cd /Users/filip/Projects/FridgeManager/FridgeManager
    builtin-copy -exclude .DS_Store -exclude CVS -exclude .svn -exclude .git -exclude .hg -exclude Headers -exclude PrivateHeaders -exclude Modules -exclude \*.tbd -resolve-src-symlinks /Applications/Xcode.app/Contents/Developer/Platforms/iPhoneSimulator.platform/Developer/Library/Frameworks/XCUIAutomation.framework /Users/filip/Projects/FridgeManager/FridgeManager/build/DerivedData/Build/Products/Debug-iphonesimulator/FridgeManagerUITests-Runner.app/Frameworks

Copy /Users/filip/Projects/FridgeManager/FridgeManager/build/DerivedData/Build/Products/Debug-iphonesimulator/FridgeManagerUITests-Runner.app/Frameworks/XCTestSupport.framework /Applications/Xcode.app/Contents/Developer/Platforms/iPhoneSimulator.platform/Developer/Library/PrivateFrameworks/XCTestSupport.framework (in target 'FridgeManagerUITests' from project 'FridgeManager')
    cd /Users/filip/Projects/FridgeManager/FridgeManager
    builtin-copy -exclude .DS_Store -exclude CVS -exclude .svn -exclude .git -exclude .hg -exclude Headers -exclude PrivateHeaders -exclude Modules -exclude \*.tbd -resolve-src-symlinks /Applications/Xcode.app/Contents/Developer/Platforms/iPhoneSimulator.platform/Developer/Library/PrivateFrameworks/XCTestSupport.framework /Users/filip/Projects/FridgeManager/FridgeManager/build/DerivedData/Build/Products/Debug-iphonesimulator/FridgeManagerUITests-Runner.app/Frameworks

Copy /Users/filip/Projects/FridgeManager/FridgeManager/build/DerivedData/Build/Products/Debug-iphonesimulator/FridgeManagerUITests-Runner.app/Frameworks/XCTestCore.framework /Applications/Xcode.app/Contents/Developer/Platforms/iPhoneSimulator.platform/Developer/Library/PrivateFrameworks/XCTestCore.framework (in target 'FridgeManagerUITests' from project 'FridgeManager')
    cd /Users/filip/Projects/FridgeManager/FridgeManager
    builtin-copy -exclude .DS_Store -exclude CVS -exclude .svn -exclude .git -exclude .hg -exclude Headers -exclude PrivateHeaders -exclude Modules -exclude \*.tbd -resolve-src-symlinks /Applications/Xcode.app/Contents/Developer/Platforms/iPhoneSimulator.platform/Developer/Library/PrivateFrameworks/XCTestCore.framework /Users/filip/Projects/FridgeManager/FridgeManager/build/DerivedData/Build/Products/Debug-iphonesimulator/FridgeManagerUITests-Runner.app/Frameworks

Copy /Users/filip/Projects/FridgeManager/FridgeManager/build/DerivedData/Build/Products/Debug-iphonesimulator/FridgeManagerUITests-Runner.app/Frameworks/XCTest.framework /Applications/Xcode.app/Contents/Developer/Platforms/iPhoneSimulator.platform/Developer/Library/Frameworks/XCTest.framework (in target 'FridgeManagerUITests' from project 'FridgeManager')
    cd /Users/filip/Projects/FridgeManager/FridgeManager
    builtin-copy -exclude .DS_Store -exclude CVS -exclude .svn -exclude .git -exclude .hg -exclude Headers -exclude PrivateHeaders -exclude Modules -exclude \*.tbd -resolve-src-symlinks /Applications/Xcode.app/Contents/Developer/Platforms/iPhoneSimulator.platform/Developer/Library/Frameworks/XCTest.framework /Users/filip/Projects/FridgeManager/FridgeManager/build/DerivedData/Build/Products/Debug-iphonesimulator/FridgeManagerUITests-Runner.app/Frameworks

Copy /Users/filip/Projects/FridgeManager/FridgeManager/build/DerivedData/Build/Products/Debug-iphonesimulator/FridgeManagerUITests-Runner.app/Frameworks/XCTAutomationSupport.framework /Applications/Xcode.app/Contents/Developer/Platforms/iPhoneSimulator.platform/Developer/Library/PrivateFrameworks/XCTAutomationSupport.framework (in target 'FridgeManagerUITests' from project 'FridgeManager')
    cd /Users/filip/Projects/FridgeManager/FridgeManager
    builtin-copy -exclude .DS_Store -exclude CVS -exclude .svn -exclude .git -exclude .hg -exclude Headers -exclude PrivateHeaders -exclude Modules -exclude \*.tbd -resolve-src-symlinks /Applications/Xcode.app/Contents/Developer/Platforms/iPhoneSimulator.platform/Developer/Library/PrivateFrameworks/XCTAutomationSupport.framework /Users/filip/Projects/FridgeManager/FridgeManager/build/DerivedData/Build/Products/Debug-iphonesimulator/FridgeManagerUITests-Runner.app/Frameworks

Copy /Users/filip/Projects/FridgeManager/FridgeManager/build/DerivedData/Build/Products/Debug-iphonesimulator/FridgeManagerUITests-Runner.app/Frameworks/Testing.framework /Applications/Xcode.app/Contents/Developer/Platforms/iPhoneSimulator.platform/Developer/Library/Frameworks/Testing.framework (in target 'FridgeManagerUITests' from project 'FridgeManager')
    cd /Users/filip/Projects/FridgeManager/FridgeManager
    builtin-copy -exclude .DS_Store -exclude CVS -exclude .svn -exclude .git -exclude .hg -exclude Headers -exclude PrivateHeaders -exclude Modules -exclude \*.tbd -resolve-src-symlinks /Applications/Xcode.app/Contents/Developer/Platforms/iPhoneSimulator.platform/Developer/Library/Frameworks/Testing.framework /Users/filip/Projects/FridgeManager/FridgeManager/build/DerivedData/Build/Products/Debug-iphonesimulator/FridgeManagerUITests-Runner.app/Frameworks

CodeSign /Users/filip/Projects/FridgeManager/FridgeManager/build/DerivedData/Build/Products/Debug-iphonesimulator/FridgeManagerUITests-Runner.app/PlugIns/FridgeManagerUITests.xctest (in target 'FridgeManagerUITests' from project 'FridgeManager')
    cd /Users/filip/Projects/FridgeManager/FridgeManager
    
    Signing Identity:     "Sign to Run Locally"
    
    /usr/bin/codesign --force --sign - --timestamp\=none --generate-entitlement-der /Users/filip/Projects/FridgeManager/FridgeManager/build/DerivedData/Build/Products/Debug-iphonesimulator/FridgeManagerUITests-Runner.app/PlugIns/FridgeManagerUITests.xctest

CodeSign /Users/filip/Projects/FridgeManager/FridgeManager/build/DerivedData/Build/Products/Debug-iphonesimulator/FridgeManagerUITests-Runner.app (in target 'FridgeManagerUITests' from project 'FridgeManager')
    cd /Users/filip/Projects/FridgeManager/FridgeManager
    
    Signing Identity:     "Sign to Run Locally"
    
    /usr/bin/codesign --force --sign - --timestamp\=none --generate-entitlement-der /Users/filip/Projects/FridgeManager/FridgeManager/build/DerivedData/Build/Products/Debug-iphonesimulator/FridgeManagerUITests-Runner.app
/Users/filip/Projects/FridgeManager/FridgeManager/build/DerivedData/Build/Products/Debug-iphonesimulator/FridgeManagerUITests-Runner.app: replacing existing signature

RegisterExecutionPolicyException /Users/filip/Projects/FridgeManager/FridgeManager/build/DerivedData/Build/Products/Debug-iphonesimulator/FridgeManagerUITests-Runner.app/PlugIns/FridgeManagerUITests.xctest (in target 'FridgeManagerUITests' from project 'FridgeManager')
    cd /Users/filip/Projects/FridgeManager/FridgeManager
    builtin-RegisterExecutionPolicyException /Users/filip/Projects/FridgeManager/FridgeManager/build/DerivedData/Build/Products/Debug-iphonesimulator/FridgeManagerUITests-Runner.app/PlugIns/FridgeManagerUITests.xctest

Touch /Users/filip/Projects/FridgeManager/FridgeManager/build/DerivedData/Build/Products/Debug-iphonesimulator/FridgeManagerUITests-Runner.app/PlugIns/FridgeManagerUITests.xctest (in target 'FridgeManagerUITests' from project 'FridgeManager')
    cd /Users/filip/Projects/FridgeManager/FridgeManager
    /usr/bin/touch -c /Users/filip/Projects/FridgeManager/FridgeManager/build/DerivedData/Build/Products/Debug-iphonesimulator/FridgeManagerUITests-Runner.app/PlugIns/FridgeManagerUITests.xctest

warning: Run script build phase 'Regenerate App Icons' will be run during every build because it does not specify any outputs. To address this issue, either add output dependencies to the script phase, or configure it to run in every build by unchecking "Based on dependency analysis" in the script phase. (in target 'FridgeManager' from project 'FridgeManager')
2026-02-21 14:46:28.624 xcodebuild[31579:610258] [MT] IDETestOperationsObserverDebug: 482.707 elapsed -- Testing started completed.
2026-02-21 14:46:28.625 xcodebuild[31579:610258] [MT] IDETestOperationsObserverDebug: 0.000 sec, +0.000 sec -- start
2026-02-21 14:46:28.626 xcodebuild[31579:610258] [MT] IDETestOperationsObserverDebug: 482.707 sec, +482.707 sec -- end

Test session results, code coverage, and logs:
	/Users/filip/Projects/FridgeManager/FridgeManager/build/DerivedData/Logs/Test/Test-FridgeManager-2026.02.21_14-38-00-+0100.xcresult

Testing failed:
	Test target FridgeManagerUITests encountered an error (The bundle identifier for FridgeManager.app couldn’t be read. The application may be damaged or incomplete: “/Users/filip/Projects/FridgeManager/FridgeManager/build/DerivedData/Build/Products/Debug-iphonesimulator/FridgeManager.app”.)
	FridgeManager (32921) encountered an error (Failed to create a bundle instance representing '/Users/filip/Library/Developer/XCTestDevices/08E81944-66BE-452D-A7B5-0C6289FC78B7/data/Containers/Bundle/Application/F342DCE1-F1C2-4ACF-B27A-4E0B2E2C5744/FridgeManager.app/PlugIns/FridgeManagerTests.xctest'. Check that the bundle exists on disk.)

** TEST FAILED **

Testing started
